../Core/Src/OV7670.c:25:6:OV7670_Init	16	static
../Core/Src/OV7670.c:30:6:OV7670_Power	16	static
../Core/Src/OV7670.c:39:6:OV7670_ResetHW	8	static
../Core/Src/OV7670.c:48:6:OV7670_WriteSCCB	32	static
../Core/Src/OV7670.c:54:6:OV7670_ReadSCCB	24	static
../Core/Src/OV7670.c:62:6:OV7670_ResetSW	8	static
../Core/Src/OV7670.c:72:6:OV7670_Config	24	static
../Core/Src/OV7670.c:81:6:OV7670_SetBrightness	16	static
../Core/Src/OV7670.c:91:6:OV7670_SetContrast	16	static
../Core/Src/OV7670.c:96:6:OV7670_SetSaturation	24	static
../Core/Src/OV7670.c:114:6:OV7670_SetResolution	16	static
../Core/Src/OV7670.c:164:6:OV7670_SetColorFormat	24	static
../Core/Src/OV7670.c:190:6:OV7670_AutoExposureMode	24	static
../Core/Src/OV7670.c:202:6:OV7670_SetAECAlgorithm	24	static
../Core/Src/OV7670.c:215:6:OV7670_SetExposureTime	16	static
../Core/Src/OV7670.c:222:6:OV7670_SetGainCeiling	24	static
../Core/Src/OV7670.c:231:6:OV7670_AutoGainMode	24	static
../Core/Src/OV7670.c:243:6:OV7670_SetGain	24	static
../Core/Src/OV7670.c:288:6:OV7670_AutoWhiteBalanceMode	24	static
../Core/Src/OV7670.c:300:6:OV7670_SetChannelsGain	16	static
../Core/Src/OV7670.c:307:6:OV7670_ShowColorBar	24	static
../Core/Src/OV7670.c:319:6:OV7670_FlipHorizontal	24	static
../Core/Src/OV7670.c:331:6:OV7670_FlipVertical	24	static
../Core/Src/OV7670.c:343:6:OV7670_NightMode	24	static
../Core/Src/OV7670.c:358:6:OV7670_AutoSharpness	24	static
../Core/Src/OV7670.c:370:6:OV7670_SetSharpness	24	static
../Core/Src/OV7670.c:379:6:OV7670_AutoDeNoise	24	static
../Core/Src/OV7670.c:391:6:OV7670_SetDeNoiseStrength	16	static
../Core/Src/OV7670.c:396:6:OV7670_BandingFilter	24	static
../Core/Src/OV7670.c:427:6:OV7670_SpecialEffect	24	static
../Core/Src/OV7670.c:475:6:OV7670_SetFrameRate	16	static
../Core/Src/OV7670.c:483:6:OV7670_PowerDown	8	static
../Core/Src/OV7670.c:489:6:OV7670_PowerUp	8	static
../Core/Src/OV7670.c:497:6:OV7670_UpdateSettings	8	static
../Core/Src/OV7670.c:535:6:OV7670_SetFrameControl	24	static
../Core/Src/OV7670.c:546:6:calculateExposureTimeMS	32	static
../Core/Src/OV7670.c:554:6:OV7670_getImageInfo	24	static
