Archive member included to satisfy reference by file (symbol)

C:/ST/STM32CubeIDE_1.18.1/STM32CubeIDE/plugins/com.st.stm32cube.ide.mcu.externaltools.gnu-tools-for-stm32.13.3.rel1.win32_1.0.0.202411081344/tools/bin/../lib/gcc/arm-none-eabi/13.3.1/../../../../arm-none-eabi/lib/thumb/v7e-m+fp/hard\libc_nano.a(libc_a-exit.o)
                              C:/ST/STM32CubeIDE_1.18.1/STM32CubeIDE/plugins/com.st.stm32cube.ide.mcu.externaltools.gnu-tools-for-stm32.13.3.rel1.win32_1.0.0.202411081344/tools/bin/../lib/gcc/arm-none-eabi/13.3.1/../../../../arm-none-eabi/lib/thumb/v7e-m+fp/hard/crt0.o (exit)
C:/ST/STM32CubeIDE_1.18.1/STM32CubeIDE/plugins/com.st.stm32cube.ide.mcu.externaltools.gnu-tools-for-stm32.13.3.rel1.win32_1.0.0.202411081344/tools/bin/../lib/gcc/arm-none-eabi/13.3.1/../../../../arm-none-eabi/lib/thumb/v7e-m+fp/hard\libc_nano.a(libc_a-findfp.o)
                              C:/ST/STM32CubeIDE_1.18.1/STM32CubeIDE/plugins/com.st.stm32cube.ide.mcu.externaltools.gnu-tools-for-stm32.13.3.rel1.win32_1.0.0.202411081344/tools/bin/../lib/gcc/arm-none-eabi/13.3.1/../../../../arm-none-eabi/lib/thumb/v7e-m+fp/hard\libc_nano.a(libc_a-exit.o) (__stdio_exit_handler)
C:/ST/STM32CubeIDE_1.18.1/STM32CubeIDE/plugins/com.st.stm32cube.ide.mcu.externaltools.gnu-tools-for-stm32.13.3.rel1.win32_1.0.0.202411081344/tools/bin/../lib/gcc/arm-none-eabi/13.3.1/../../../../arm-none-eabi/lib/thumb/v7e-m+fp/hard\libc_nano.a(libc_a-fwalk.o)
                              C:/ST/STM32CubeIDE_1.18.1/STM32CubeIDE/plugins/com.st.stm32cube.ide.mcu.externaltools.gnu-tools-for-stm32.13.3.rel1.win32_1.0.0.202411081344/tools/bin/../lib/gcc/arm-none-eabi/13.3.1/../../../../arm-none-eabi/lib/thumb/v7e-m+fp/hard\libc_nano.a(libc_a-findfp.o) (_fwalk_sglue)
C:/ST/STM32CubeIDE_1.18.1/STM32CubeIDE/plugins/com.st.stm32cube.ide.mcu.externaltools.gnu-tools-for-stm32.13.3.rel1.win32_1.0.0.202411081344/tools/bin/../lib/gcc/arm-none-eabi/13.3.1/../../../../arm-none-eabi/lib/thumb/v7e-m+fp/hard\libc_nano.a(libc_a-stdio.o)
                              C:/ST/STM32CubeIDE_1.18.1/STM32CubeIDE/plugins/com.st.stm32cube.ide.mcu.externaltools.gnu-tools-for-stm32.13.3.rel1.win32_1.0.0.202411081344/tools/bin/../lib/gcc/arm-none-eabi/13.3.1/../../../../arm-none-eabi/lib/thumb/v7e-m+fp/hard\libc_nano.a(libc_a-findfp.o) (__sread)
C:/ST/STM32CubeIDE_1.18.1/STM32CubeIDE/plugins/com.st.stm32cube.ide.mcu.externaltools.gnu-tools-for-stm32.13.3.rel1.win32_1.0.0.202411081344/tools/bin/../lib/gcc/arm-none-eabi/13.3.1/../../../../arm-none-eabi/lib/thumb/v7e-m+fp/hard\libc_nano.a(libc_a-memset.o)
                              C:/ST/STM32CubeIDE_1.18.1/STM32CubeIDE/plugins/com.st.stm32cube.ide.mcu.externaltools.gnu-tools-for-stm32.13.3.rel1.win32_1.0.0.202411081344/tools/bin/../lib/gcc/arm-none-eabi/13.3.1/../../../../arm-none-eabi/lib/thumb/v7e-m+fp/hard/crt0.o (memset)
C:/ST/STM32CubeIDE_1.18.1/STM32CubeIDE/plugins/com.st.stm32cube.ide.mcu.externaltools.gnu-tools-for-stm32.13.3.rel1.win32_1.0.0.202411081344/tools/bin/../lib/gcc/arm-none-eabi/13.3.1/../../../../arm-none-eabi/lib/thumb/v7e-m+fp/hard\libc_nano.a(libc_a-closer.o)
                              C:/ST/STM32CubeIDE_1.18.1/STM32CubeIDE/plugins/com.st.stm32cube.ide.mcu.externaltools.gnu-tools-for-stm32.13.3.rel1.win32_1.0.0.202411081344/tools/bin/../lib/gcc/arm-none-eabi/13.3.1/../../../../arm-none-eabi/lib/thumb/v7e-m+fp/hard\libc_nano.a(libc_a-stdio.o) (_close_r)
C:/ST/STM32CubeIDE_1.18.1/STM32CubeIDE/plugins/com.st.stm32cube.ide.mcu.externaltools.gnu-tools-for-stm32.13.3.rel1.win32_1.0.0.202411081344/tools/bin/../lib/gcc/arm-none-eabi/13.3.1/../../../../arm-none-eabi/lib/thumb/v7e-m+fp/hard\libc_nano.a(libc_a-reent.o)
                              C:/ST/STM32CubeIDE_1.18.1/STM32CubeIDE/plugins/com.st.stm32cube.ide.mcu.externaltools.gnu-tools-for-stm32.13.3.rel1.win32_1.0.0.202411081344/tools/bin/../lib/gcc/arm-none-eabi/13.3.1/../../../../arm-none-eabi/lib/thumb/v7e-m+fp/hard\libc_nano.a(libc_a-closer.o) (errno)
C:/ST/STM32CubeIDE_1.18.1/STM32CubeIDE/plugins/com.st.stm32cube.ide.mcu.externaltools.gnu-tools-for-stm32.13.3.rel1.win32_1.0.0.202411081344/tools/bin/../lib/gcc/arm-none-eabi/13.3.1/../../../../arm-none-eabi/lib/thumb/v7e-m+fp/hard\libc_nano.a(libc_a-impure.o)
                              C:/ST/STM32CubeIDE_1.18.1/STM32CubeIDE/plugins/com.st.stm32cube.ide.mcu.externaltools.gnu-tools-for-stm32.13.3.rel1.win32_1.0.0.202411081344/tools/bin/../lib/gcc/arm-none-eabi/13.3.1/../../../../arm-none-eabi/lib/thumb/v7e-m+fp/hard\libc_nano.a(libc_a-reent.o) (_impure_ptr)
C:/ST/STM32CubeIDE_1.18.1/STM32CubeIDE/plugins/com.st.stm32cube.ide.mcu.externaltools.gnu-tools-for-stm32.13.3.rel1.win32_1.0.0.202411081344/tools/bin/../lib/gcc/arm-none-eabi/13.3.1/../../../../arm-none-eabi/lib/thumb/v7e-m+fp/hard\libc_nano.a(libc_a-lseekr.o)
[...]
Memory Configuration

Name             Origin             Length             Attributes
RAM              0x20000000         0x00020000         xrw
FLASH            0x08000000         0x00080000         xr
*default*        0x00000000         0xffffffff

Linker script and memory map

LOAD C:/ST/STM32CubeIDE_1.18.1/STM32CubeIDE/plugins/com.st.stm32cube.ide.mcu.externaltools.gnu-tools-for-stm32.13.3.rel1.win32_1.0.0.202411081344/tools/bin/../lib/gcc/arm-none-eabi/13.3.1/thumb/v7e-m+fp/hard/crti.o
LOAD C:/ST/STM32CubeIDE_1.18.1/STM32CubeIDE/plugins/com.st.stm32cube.ide.mcu.externaltools.gnu-tools-for-stm32.13.3.rel1.win32_1.0.0.202411081344/tools/bin/../lib/gcc/arm-none-eabi/13.3.1/thumb/v7e-m+fp/hard/crtbegin.o
LOAD C:/ST/STM32CubeIDE_1.18.1/STM32CubeIDE/plugins/com.st.stm32cube.ide.mcu.externaltools.gnu-tools-for-stm32.13.3.rel1.win32_1.0.0.202411081344/tools/bin/../lib/gcc/arm-none-eabi/13.3.1/../../../../arm-none-eabi/lib/thumb/v7e-m+fp/hard/crt0.o
LOAD ./Src/ap/ap_main.o
LOAD ./Src/driver/Button/Button.o
LOAD ./Src/driver/FND/FND.o
LOAD ./Src/driver/GPIO/GPIO.o
LOAD ./Src/driver/Led_Bar/LED_Bar.o
LOAD ./Src/driver/SystemClock/SystemClock.o
LOAD ./Src/driver/Systick/Systick.o
LOAD ./Src/driver/TIM/TIM.o
LOAD ./Src/main.o
LOAD ./Src/syscalls.o
LOAD ./Src/sysmem.o
LOAD ./Startup/startup_stm32f411retx.o
START GROUP
LOAD C:/ST/STM32CubeIDE_1.18.1/STM32CubeIDE/plugins/com.st.stm32cube.ide.mcu.externaltools.gnu-tools-for-stm32.13.3.rel1.win32_1.0.0.202411081344/tools/bin/../lib/gcc/arm-none-eabi/13.3.1/../../../../arm-none-eabi/lib/thumb/v7e-m+fp/hard\libc_nano.a
LOAD C:/ST/STM32CubeIDE_1.18.1/STM32CubeIDE/plugins/com.st.stm32cube.ide.mcu.externaltools.gnu-tools-for-stm32.13.3.rel1.win32_1.0.0.202411081344/tools/bin/../lib/gcc/arm-none-eabi/13.3.1/../../../../arm-none-eabi/lib/thumb/v7e-m+fp/hard\libm.a
END GROUP
START GROUP
LOAD C:/ST/STM32CubeIDE_1.18.1/STM32CubeIDE/plugins/com.st.stm32cube.ide.mcu.externaltools.gnu-tools-for-stm32.13.3.rel1.win32_1.0.0.202411081344/tools/bin/../lib/gcc/arm-none-eabi/13.3.1/thumb/v7e-m+fp/hard\libgcc.a
LOAD C:/ST/STM32CubeIDE_1.18.1/STM32CubeIDE/plugins/com.st.stm32cube.ide.mcu.externaltools.gnu-tools-for-stm32.13.3.rel1.win32_1.0.0.202411081344/tools/bin/../lib/gcc/arm-none-eabi/13.3.1/../../../../arm-none-eabi/lib/thumb/v7e-m+fp/hard\libc_nano.a
END GROUP
START GROUP
LOAD C:/ST/STM32CubeIDE_1.18.1/STM32CubeIDE/plugins/com.st.stm32cube.ide.mcu.externaltools.gnu-tools-for-stm32.13.3.rel1.win32_1.0.0.202411081344/tools/bin/../lib/gcc/arm-none-eabi/13.3.1/thumb/v7e-m+fp/hard\libgcc.a
LOAD C:/ST/STM32CubeIDE_1.18.1/STM32CubeIDE/plugins/com.st.stm32cube.ide.mcu.externaltools.gnu-tools-for-stm32.13.3.rel1.win32_1.0.0.202411081344/tools/bin/../lib/gcc/arm-none-eabi/13.3.1/../../../../arm-none-eabi/lib/thumb/v7e-m+fp/hard\libc_nano.a
LOAD C:/ST/STM32CubeIDE_1.18.1/STM32CubeIDE/plugins/com.st.stm32cube.ide.mcu.externaltools.gnu-tools-for-stm32.13.3.rel1.win32_1.0.0.202411081344/tools/bin/../lib/gcc/arm-none-eabi/13.3.1/../../../../arm-none-eabi/lib/thumb/v7e-m+fp/hard\libnosys.a
END GROUP
START GROUP
LOAD C:/ST/STM32CubeIDE_1.18.1/STM32CubeIDE/plugins/com.st.stm32cube.ide.mcu.externaltools.gnu-tools-for-stm32.13.3.rel1.win32_1.0.0.202411081344/tools/bin/../lib/gcc/arm-none-eabi/13.3.1/thumb/v7e-m+fp/hard\libgcc.a
LOAD C:/ST/STM32CubeIDE_1.18.1/STM32CubeIDE/plugins/com.st.stm32cube.ide.mcu.externaltools.gnu-tools-for-stm32.13.3.rel1.win32_1.0.0.202411081344/tools/bin/../lib/gcc/arm-none-eabi/13.3.1/../../../../arm-none-eabi/lib/thumb/v7e-m+fp/hard\libc_nano.a
LOAD C:/ST/STM32CubeIDE_1.18.1/STM32CubeIDE/plugins/com.st.stm32cube.ide.mcu.externaltools.gnu-tools-for-stm32.13.3.rel1.win32_1.0.0.202411081344/tools/bin/../lib/gcc/arm-none-eabi/13.3.1/../../../../arm-none-eabi/lib/thumb/v7e-m+fp/hard\libnosys.a
END GROUP
LOAD C:/ST/STM32CubeIDE_1.18.1/STM32CubeIDE/plugins/com.st.stm32cube.ide.mcu.externaltools.gnu-tools-for-stm32.13.3.rel1.win32_1.0.0.202411081344/tools/bin/../lib/gcc/arm-none-eabi/13.3.1/thumb/v7e-m+fp/hard/crtend.o
LOAD C:/ST/STM32CubeIDE_1.18.1/STM32CubeIDE/plugins/com.st.stm32cube.ide.mcu.externaltools.gnu-tools-for-stm32.13.3.rel1.win32_1.0.0.202411081344/tools/bin/../lib/gcc/arm-none-eabi/13.3.1/thumb/v7e-m+fp/hard/crtn.o
                0x20020000                        _estack = (ORIGIN (RAM) + LENGTH (RAM))
                0x00000200                        _Min_Heap_Size = 0x200
                0x00000400                        _Min_Stack_Size = 0x400

.isr_vector     0x08000000      0x198
                0x08000000                        . = ALIGN (0x4)
 *(.isr_vector)
 .isr_vector    0x08000000      0x198 ./Startup/startup_stm32f411retx.o
                0x08000000                g_pfnVectors
                0x08000198                        . = ALIGN (0x4)

.text           0x08000198      0x6f8
                0x08000198                        . = ALIGN (0x4)
 *(.text)
 .text          0x08000198       0x40 C:/ST/STM32CubeIDE_1.18.1/STM32CubeIDE/plugins/com.st.stm32cube.ide.mcu.externaltools.gnu-tools-for-stm32.13.3.rel1.win32_1.0.0.202411081344/tools/bin/../lib/gcc/arm-none-eabi/13.3.1/thumb/v7e-m+fp/hard/crtbegin.o
 *(.text*)
 .text.__NVIC_EnableIRQ
                0x080001d8       0x3c ./Src/ap/ap_main.o
 .text.TIM2_IRQHandler
                0x08000214       0x18 ./Src/ap/ap_main.o
                0x08000214                TIM2_IRQHandler
 .text.ap_main  0x0800022c       0x34 ./Src/ap/ap_main.o
                0x0800022c                ap_main
 .text.ap_init  0x08000260       0x68 ./Src/ap/ap_main.o
                0x08000260                ap_init
 .text.Button_Init
                0x080002c8       0x36 ./Src/driver/Button/Button.o
                0x080002c8                Button_Init
 *fill*         0x080002fe        0x2 
 .text.FND_Init
                0x08000300       0x70 ./Src/driver/FND/FND.o
                0x08000300                FND_Init
 .text.FND_WriteData
                0x08000370       0x20 ./Src/driver/FND/FND.o
                0x08000370                FND_WriteData
 .text.FND_DispData
                0x08000390      0x12c ./Src/driver/FND/FND.o
                0x08000390                FND_DispData
 .text.FND_DispOn
                0x080004bc       0x30 ./Src/driver/FND/FND.o
 .text.FND_DispOffAll
                0x080004ec       0x40 ./Src/driver/FND/FND.o
 .text.FND_DispDigit
                0x0800052c       0x8c ./Src/driver/FND/FND.o
 .text.GPIO_Init
                0x080005b8       0x62 ./Src/driver/GPIO/GPIO.o
                0x080005b8                GPIO_Init
 .text.GPIO_WritePin
                0x0800061a       0x48 ./Src/driver/GPIO/GPIO.o
                0x0800061a                GPIO_WritePin
 *fill*         0x08000662        0x2 
 .text.SystemClock_Init
                0x08000664       0x50 ./Src/driver/SystemClock/SystemClock.o
                0x08000664                SystemClock_Init
 .text.incTick  0x080006b4       0x1c ./Src/driver/Systick/Systick.o
                0x080006b4                incTick
 .text.getTick  0x080006d0       0x18 ./Src/driver/Systick/Systick.o
                0x080006d0                getTick
 .text.TIM_Init
                0x080006e8       0x2c ./Src/driver/TIM/TIM.o
                0x080006e8                TIM_Init
 .text.TIM_CntStart
                0x08000714       0x20 ./Src/driver/TIM/TIM.o
                0x08000714                TIM_CntStart
 .text.TIM_UIEnable
                0x08000734       0x20 ./Src/driver/TIM/TIM.o
                0x08000734                TIM_UIEnable
 .text.TIM_WriteCNT
                0x08000754       0x1c ./Src/driver/TIM/TIM.o
                0x08000754                TIM_WriteCNT
 .text.TIM_WritePSC
                0x08000770       0x1c ./Src/driver/TIM/TIM.o
                0x08000770                TIM_WritePSC
 .text.TIM_WriteARR
                0x0800078c       0x1c ./Src/driver/TIM/TIM.o
                0x0800078c                TIM_WriteARR
 .text.TIM_ClearUIFlag
                0x080007a8       0x24 ./Src/driver/TIM/TIM.o
                0x080007a8                TIM_ClearUIFlag
 .text.main     0x080007cc        0xe ./Src/main.o
                0x080007cc                main
 *fill*         0x080007da        0x2 
 .text.Reset_Handler
                0x080007dc       0x50 ./Startup/startup_stm32f411retx.o
                0x080007dc                Reset_Handler
 .text.Default_Handler
                0x0800082c        0x2 ./Startup/startup_stm32f411retx.o
                0x0800082c                RTC_Alarm_IRQHandler
                0x0800082c                EXTI2_IRQHandler
                0x0800082c                DebugMon_Handler
                0x0800082c                SPI4_IRQHandler
                0x0800082c                TIM1_CC_IRQHandler
                0x0800082c                DMA2_Stream5_IRQHandler
                0x0800082c                HardFault_Handler
                0x0800082c                DMA1_Stream5_IRQHandler
                0x0800082c                SysTick_Handler
                0x0800082c                PVD_IRQHandler
                0x0800082c                SDIO_IRQHandler
                0x0800082c                TAMP_STAMP_IRQHandler
                0x0800082c                PendSV_Handler
                0x0800082c                NMI_Handler
                0x0800082c                EXTI3_IRQHandler
                0x0800082c                TIM1_UP_TIM10_IRQHandler
                0x0800082c                I2C3_ER_IRQHandler
                0x0800082c                EXTI0_IRQHandler
                0x0800082c                I2C2_EV_IRQHandler
                0x0800082c                DMA1_Stream2_IRQHandler
                0x0800082c                UsageFault_Handler
                0x0800082c                DMA2_Stream2_IRQHandler
                0x0800082c                SPI1_IRQHandler
                0x0800082c                TIM1_BRK_TIM9_IRQHandler
                0x0800082c                DMA2_Stream3_IRQHandler
                0x0800082c                USART6_IRQHandler
                0x0800082c                DMA2_Stream0_IRQHandler
                0x0800082c                TIM4_IRQHandler
                0x0800082c                I2C1_EV_IRQHandler
                0x0800082c                DMA1_Stream6_IRQHandler
                0x0800082c                DMA1_Stream1_IRQHandler
                0x0800082c                TIM3_IRQHandler
                0x0800082c                RCC_IRQHandler
                0x0800082c                Default_Handler
                0x0800082c                EXTI15_10_IRQHandler
                0x0800082c                ADC_IRQHandler
                0x0800082c                DMA1_Stream7_IRQHandler
                0x0800082c                SPI5_IRQHandler
                0x0800082c                TIM5_IRQHandler
                0x0800082c                DMA2_Stream7_IRQHandler
                0x0800082c                I2C3_EV_IRQHandler
                0x0800082c                EXTI9_5_IRQHandler
                0x0800082c                RTC_WKUP_IRQHandler
                0x0800082c                SPI2_IRQHandler
                0x0800082c                MemManage_Handler
                0x0800082c                DMA1_Stream0_IRQHandler
                0x0800082c                SVC_Handler
                0x0800082c                EXTI4_IRQHandler
                0x0800082c                WWDG_IRQHandler
                0x0800082c                OTG_FS_WKUP_IRQHandler
                0x0800082c                TIM1_TRG_COM_TIM11_IRQHandler
                0x0800082c                EXTI1_IRQHandler
                0x0800082c                USART2_IRQHandler
                0x0800082c                I2C2_ER_IRQHandler
                0x0800082c                DMA2_Stream1_IRQHandler
                0x0800082c                FLASH_IRQHandler
                0x0800082c                DMA2_Stream4_IRQHandler
                0x0800082c                BusFault_Handler
                0x0800082c                USART1_IRQHandler
                0x0800082c                OTG_FS_IRQHandler
                0x0800082c                SPI3_IRQHandler
                0x0800082c                DMA1_Stream4_IRQHandler
                0x0800082c                I2C1_ER_IRQHandler
                0x0800082c                DMA2_Stream6_IRQHandler
                0x0800082c                DMA1_Stream3_IRQHandler
 *fill*         0x0800082e        0x2 
 .text.__libc_init_array
                0x08000830       0x48 C:/ST/STM32CubeIDE_1.18.1/STM32CubeIDE/plugins/com.st.stm32cube.ide.mcu.externaltools.gnu-tools-for-stm32.13.3.rel1.win32_1.0.0.202411081344/tools/bin/../lib/gcc/arm-none-eabi/13.3.1/../../../../arm-none-eabi/lib/thumb/v7e-m+fp/hard\libc_nano.a(libc_a-init.o)
                0x08000830                __libc_init_array
 *(.glue_7)
 .glue_7        0x08000878        0x0 linker stubs
 *(.glue_7t)
 .glue_7t       0x08000878        0x0 linker stubs
 *(.eh_frame)
 .eh_frame      0x08000878        0x0 C:/ST/STM32CubeIDE_1.18.1/STM32CubeIDE/plugins/com.st.stm32cube.ide.mcu.externaltools.gnu-tools-for-stm32.13.3.rel1.win32_1.0.0.202411081344/tools/bin/../lib/gcc/arm-none-eabi/13.3.1/thumb/v7e-m+fp/hard/crtbegin.o
 *(.init)
 .init          0x08000878        0x4 C:/ST/STM32CubeIDE_1.18.1/STM32CubeIDE/plugins/com.st.stm32cube.ide.mcu.externaltools.gnu-tools-for-stm32.13.3.rel1.win32_1.0.0.202411081344/tools/bin/../lib/gcc/arm-none-eabi/13.3.1/thumb/v7e-m+fp/hard/crti.o
                0x08000878                _init
 .init          0x0800087c        0x8 C:/ST/STM32CubeIDE_1.18.1/STM32CubeIDE/plugins/com.st.stm32cube.ide.mcu.externaltools.gnu-tools-for-stm32.13.3.rel1.win32_1.0.0.202411081344/tools/bin/../lib/gcc/arm-none-eabi/13.3.1/thumb/v7e-m+fp/hard/crtn.o
 *(.fini)
 .fini          0x08000884        0x4 C:/ST/STM32CubeIDE_1.18.1/STM32CubeIDE/plugins/com.st.stm32cube.ide.mcu.externaltools.gnu-tools-for-stm32.13.3.rel1.win32_1.0.0.202411081344/tools/bin/../lib/gcc/arm-none-eabi/13.3.1/thumb/v7e-m+fp/hard/crti.o
                0x08000884                _fini
 .fini          0x08000888        0x8 C:/ST/STM32CubeIDE_1.18.1/STM32CubeIDE/plugins/com.st.stm32cube.ide.mcu.externaltools.gnu-tools-for-stm32.13.3.rel1.win32_1.0.0.202411081344/tools/bin/../lib/gcc/arm-none-eabi/13.3.1/thumb/v7e-m+fp/hard/crtn.o
                0x08000890                        . = ALIGN (0x4)
                0x08000890                        _etext = .

.vfp11_veneer   0x08000890        0x0
 .vfp11_veneer  0x08000890        0x0 linker stubs

.v4_bx          0x08000890        0x0
 .v4_bx         0x08000890        0x0 linker stubs

.iplt           0x08000890        0x0
 .iplt          0x08000890        0x0 C:/ST/STM32CubeIDE_1.18.1/STM32CubeIDE/plugins/com.st.stm32cube.ide.mcu.externaltools.gnu-tools-for-stm32.13.3.rel1.win32_1.0.0.202411081344/tools/bin/../lib/gcc/arm-none-eabi/13.3.1/thumb/v7e-m+fp/hard/crtbegin.o

.rodata         0x08000890        0xc
                0x08000890                        . = ALIGN (0x4)
 *(.rodata)
 .rodata        0x08000890        0xa ./Src/driver/FND/FND.o
 *(.rodata*)
                0x0800089c                        . = ALIGN (0x4)
 *fill*         0x0800089a        0x2 

.ARM.extab      0x0800089c        0x0
                0x0800089c                        . = ALIGN (0x4)
 *(.ARM.extab* .gnu.linkonce.armextab.*)
                0x0800089c                        . = ALIGN (0x4)

.ARM            0x0800089c        0x0
                0x0800089c                        . = ALIGN (0x4)
                0x0800089c                        __exidx_start = .
 *(.ARM.exidx*)
                0x0800089c                        __exidx_end = .
                0x0800089c                        . = ALIGN (0x4)

.preinit_array  0x0800089c        0x0
                0x0800089c                        . = ALIGN (0x4)
                0x0800089c                        PROVIDE (__preinit_array_start = .)
 *(.preinit_array*)
                0x0800089c                        PROVIDE (__preinit_array_end = .)
                0x0800089c                        . = ALIGN (0x4)

.init_array     0x0800089c        0x4
                0x0800089c                        . = ALIGN (0x4)
                0x0800089c                        PROVIDE (__init_array_start = .)
 *(SORT_BY_NAME(.init_array.*))
 *(.init_array*)
 .init_array    0x0800089c        0x4 C:/ST/STM32CubeIDE_1.18.1/STM32CubeIDE/plugins/com.st.stm32cube.ide.mcu.externaltools.gnu-tools-for-stm32.13.3.rel1.win32_1.0.0.202411081344/tools/bin/../lib/gcc/arm-none-eabi/13.3.1/thumb/v7e-m+fp/hard/crtbegin.o
                0x080008a0                        PROVIDE (__init_array_end = .)
                0x080008a0                        . = ALIGN (0x4)

.fini_array     0x080008a0        0x4
                0x080008a0                        . = ALIGN (0x4)
                [!provide]                        PROVIDE (__fini_array_start = .)
 *(SORT_BY_NAME(.fini_array.*))
 *(.fini_array*)
 .fini_array    0x080008a0        0x4 C:/ST/STM32CubeIDE_1.18.1/STM32CubeIDE/plugins/com.st.stm32cube.ide.mcu.externaltools.gnu-tools-for-stm32.13.3.rel1.win32_1.0.0.202411081344/tools/bin/../lib/gcc/arm-none-eabi/13.3.1/thumb/v7e-m+fp/hard/crtbegin.o
                [!provide]                        PROVIDE (__fini_array_end = .)
                0x080008a4                        . = ALIGN (0x4)
                0x080008a4                        _sidata = LOADADDR (.data)

.rel.dyn        0x080008a4        0x0
 .rel.iplt      0x080008a4        0x0 C:/ST/STM32CubeIDE_1.18.1/STM32CubeIDE/plugins/com.st.stm32cube.ide.mcu.externaltools.gnu-tools-for-stm32.13.3.rel1.win32_1.0.0.202411081344/tools/bin/../lib/gcc/arm-none-eabi/13.3.1/thumb/v7e-m+fp/hard/crtbegin.o

.data           0x20000000       0x60 load address 0x080008a4
                0x20000000                        . = ALIGN (0x4)
                0x20000000                        _sdata = .
 *(.data)
 *(.data*)
 .data.fndDigitCom
                0x20000000       0x20 ./Src/driver/FND/FND.o
                0x20000000                fndDigitCom
 .data.fndPin   0x20000020       0x40 ./Src/driver/FND/FND.o
                0x20000020                fndPin
 *(.RamFunc)
 *(.RamFunc*)
                0x20000060                        . = ALIGN (0x4)
                0x20000060                        _edata = .

.igot.plt       0x20000060        0x0 load address 0x08000904
 .igot.plt      0x20000060        0x0 C:/ST/STM32CubeIDE_1.18.1/STM32CubeIDE/plugins/com.st.stm32cube.ide.mcu.externaltools.gnu-tools-for-stm32.13.3.rel1.win32_1.0.0.202411081344/tools/bin/../lib/gcc/arm-none-eabi/13.3.1/thumb/v7e-m+fp/hard/crtbegin.o
                0x20000060                        . = ALIGN (0x4)

.bss            0x20000060       0x4c load address 0x08000904
                0x20000060                        _sbss = .
                0x20000060                        __bss_start__ = _sbss
 *(.bss)
 .bss           0x20000060       0x1c C:/ST/STM32CubeIDE_1.18.1/STM32CubeIDE/plugins/com.st.stm32cube.ide.mcu.externaltools.gnu-tools-for-stm32.13.3.rel1.win32_1.0.0.202411081344/tools/bin/../lib/gcc/arm-none-eabi/13.3.1/thumb/v7e-m+fp/hard/crtbegin.o
 *(.bss*)
 .bss.hbtnLeft  0x2000007c        0xc ./Src/ap/ap_main.o
                0x2000007c                hbtnLeft
 .bss.hbtnRight
                0x20000088        0xc ./Src/ap/ap_main.o
                0x20000088                hbtnRight
 .bss.hbtnOnOff
                0x20000094        0xc ./Src/ap/ap_main.o
                0x20000094                hbtnOnOff
 .bss.fndDispNum
                0x200000a0        0x2 ./Src/driver/FND/FND.o
 *fill*         0x200000a2        0x2 
 .bss.digitPos.0
                0x200000a4        0x4 ./Src/driver/FND/FND.o
 .bss.tick      0x200000a8        0x4 ./Src/driver/Systick/Systick.o
 *(COMMON)
                0x200000ac                        . = ALIGN (0x4)
                0x200000ac                        _ebss = .
                0x200000ac                        __bss_end__ = _ebss

._user_heap_stack
                0x200000ac      0x604 load address 0x08000904
                0x200000b0                        . = ALIGN (0x8)
 *fill*         0x200000ac        0x4 
                [!provide]                        PROVIDE (end = .)
                0x200000b0                        PROVIDE (_end = .)
                0x200002b0                        . = (. + _Min_Heap_Size)
 *fill*         0x200000b0      0x200 
                0x200006b0                        . = (. + _Min_Stack_Size)
 *fill*         0x200002b0      0x400 
                0x200006b0                        . = ALIGN (0x8)

/DISCARD/
 libc.a(*)
 libm.a(*)
 libgcc.a(*)

.ARM.attributes
                0x00000000       0x30
 *(.ARM.attributes)
 .ARM.attributes
                0x00000000       0x22 C:/ST/STM32CubeIDE_1.18.1/STM32CubeIDE/plugins/com.st.stm32cube.ide.mcu.externaltools.gnu-tools-for-stm32.13.3.rel1.win32_1.0.0.202411081344/tools/bin/../lib/gcc/arm-none-eabi/13.3.1/thumb/v7e-m+fp/hard/crti.o
 .ARM.attributes
                0x00000022       0x34 C:/ST/STM32CubeIDE_1.18.1/STM32CubeIDE/plugins/com.st.stm32cube.ide.mcu.externaltools.gnu-tools-for-stm32.13.3.rel1.win32_1.0.0.202411081344/tools/bin/../lib/gcc/arm-none-eabi/13.3.1/thumb/v7e-m+fp/hard/crtbegin.o
 .ARM.attributes
                0x00000056       0x34 ./Src/ap/ap_main.o
 .ARM.attributes
                0x0000008a       0x34 ./Src/driver/Button/Button.o
 .ARM.attributes
                0x000000be       0x34 ./Src/driver/FND/FND.o
 .ARM.attributes
                0x000000f2       0x34 ./Src/driver/GPIO/GPIO.o
 .ARM.attributes
                0x00000126       0x34 ./Src/driver/SystemClock/SystemClock.o
 .ARM.attributes
                0x0000015a       0x34 ./Src/driver/Systick/Systick.o
 .ARM.attributes
                0x0000018e       0x34 ./Src/driver/TIM/TIM.o
 .ARM.attributes
                0x000001c2       0x34 ./Src/main.o
 .ARM.attributes
                0x000001f6       0x21 ./Startup/startup_stm32f411retx.o
 .ARM.attributes
                0x00000217       0x34 C:/ST/STM32CubeIDE_1.18.1/STM32CubeIDE/plugins/com.st.stm32cube.ide.mcu.externaltools.gnu-tools-for-stm32.13.3.rel1.win32_1.0.0.202411081344/tools/bin/../lib/gcc/arm-none-eabi/13.3.1/../../../../arm-none-eabi/lib/thumb/v7e-m+fp/hard\libc_nano.a(libc_a-init.o)
 .ARM.attributes
                0x0000024b       0x22 C:/ST/STM32CubeIDE_1.18.1/STM32CubeIDE/plugins/com.st.stm32cube.ide.mcu.externaltools.gnu-tools-for-stm32.13.3.rel1.win32_1.0.0.202411081344/tools/bin/../lib/gcc/arm-none-eabi/13.3.1/thumb/v7e-m+fp/hard/crtn.o
OUTPUT(250620_FND_TIM_interrupt.elf elf32-littlearm)
LOAD linker stubs
LOAD C:/ST/STM32CubeIDE_1.18.1/STM32CubeIDE/plugins/com.st.stm32cube.ide.mcu.externaltools.gnu-tools-for-stm32.13.3.rel1.win32_1.0.0.202411081344/tools/bin/../lib/gcc/arm-none-eabi/13.3.1/../../../../arm-none-eabi/lib/thumb/v7e-m+fp/hard\libc.a
LOAD C:/ST/STM32CubeIDE_1.18.1/STM32CubeIDE/plugins/com.st.stm32cube.ide.mcu.externaltools.gnu-tools-for-stm32.13.3.rel1.win32_1.0.0.202411081344/tools/bin/../lib/gcc/arm-none-eabi/13.3.1/../../../../arm-none-eabi/lib/thumb/v7e-m+fp/hard\libm.a
LOAD C:/ST/STM32CubeIDE_1.18.1/STM32CubeIDE/plugins/com.st.stm32cube.ide.mcu.externaltools.gnu-tools-for-stm32.13.3.rel1.win32_1.0.0.202411081344/tools/bin/../lib/gcc/arm-none-eabi/13.3.1/thumb/v7e-m+fp/hard\libgcc.a

.debug_info     0x00000000     0x17d3
 .debug_info    0x00000000      0x71d ./Src/ap/ap_main.o
 .debug_info    0x0000071d      0x290 ./Src/driver/Button/Button.o
 .debug_info    0x000009ad      0x3f4 ./Src/driver/FND/FND.o
 .debug_info    0x00000da1      0x257 ./Src/driver/GPIO/GPIO.o
 .debug_info    0x00000ff8      0x2a7 ./Src/driver/SystemClock/SystemClock.o
 .debug_info    0x0000129f       0xc3 ./Src/driver/Systick/Systick.o
 .debug_info    0x00001362      0x39a ./Src/driver/TIM/TIM.o
 .debug_info    0x000016fc       0xa7 ./Src/main.o
 .debug_info    0x000017a3       0x30 ./Startup/startup_stm32f411retx.o

.debug_abbrev   0x00000000      0x9ab
 .debug_abbrev  0x00000000      0x20a ./Src/ap/ap_main.o
 .debug_abbrev  0x0000020a      0x16e ./Src/driver/Button/Button.o
 .debug_abbrev  0x00000378      0x1fa ./Src/driver/FND/FND.o
 .debug_abbrev  0x00000572      0x126 ./Src/driver/GPIO/GPIO.o
 .debug_abbrev  0x00000698       0xf7 ./Src/driver/SystemClock/SystemClock.o
 .debug_abbrev  0x0000078f       0x7c ./Src/driver/Systick/Systick.o
 .debug_abbrev  0x0000080b      0x108 ./Src/driver/TIM/TIM.o
 .debug_abbrev  0x00000913       0x74 ./Src/main.o
 .debug_abbrev  0x00000987       0x24 ./Startup/startup_stm32f411retx.o

.debug_aranges  0x00000000      0x200
 .debug_aranges
                0x00000000       0x38 ./Src/ap/ap_main.o
 .debug_aranges
                0x00000038       0x28 ./Src/driver/Button/Button.o
 .debug_aranges
                0x00000060       0x58 ./Src/driver/FND/FND.o
 .debug_aranges
                0x000000b8       0x38 ./Src/driver/GPIO/GPIO.o
 .debug_aranges
                0x000000f0       0x28 ./Src/driver/SystemClock/SystemClock.o
 .debug_aranges
                0x00000118       0x28 ./Src/driver/Systick/Systick.o
 .debug_aranges
                0x00000140       0x78 ./Src/driver/TIM/TIM.o
 .debug_aranges
                0x000001b8       0x20 ./Src/main.o
 .debug_aranges
                0x000001d8       0x28 ./Startup/startup_stm32f411retx.o

.debug_rnglists
                0x00000000      0x155
 .debug_rnglists
                0x00000000       0x25 ./Src/ap/ap_main.o
 .debug_rnglists
                0x00000025       0x19 ./Src/driver/Button/Button.o
 .debug_rnglists
                0x0000003e       0x3f ./Src/driver/FND/FND.o
 .debug_rnglists
                0x0000007d       0x25 ./Src/driver/GPIO/GPIO.o
 .debug_rnglists
                0x000000a2       0x19 ./Src/driver/SystemClock/SystemClock.o
 .debug_rnglists
                0x000000bb       0x19 ./Src/driver/Systick/Systick.o
 .debug_rnglists
                0x000000d4       0x55 ./Src/driver/TIM/TIM.o
 .debug_rnglists
                0x00000129       0x13 ./Src/main.o
 .debug_rnglists
                0x0000013c       0x19 ./Startup/startup_stm32f411retx.o

.debug_macro    0x00000000     0xe2c4
 .debug_macro   0x00000000      0x117 ./Src/ap/ap_main.o
 .debug_macro   0x00000117      0xae4 ./Src/ap/ap_main.o
 .debug_macro   0x00000bfb       0x22 ./Src/ap/ap_main.o
 .debug_macro   0x00000c1d       0x8e ./Src/ap/ap_main.o
 .debug_macro   0x00000cab       0x51 ./Src/ap/ap_main.o
 .debug_macro   0x00000cfc      0x103 ./Src/ap/ap_main.o
 .debug_macro   0x00000dff       0x6a ./Src/ap/ap_main.o
 .debug_macro   0x00000e69      0x1df ./Src/ap/ap_main.o
 .debug_macro   0x00001048       0x2e ./Src/ap/ap_main.o
 .debug_macro   0x00001076       0x1c ./Src/ap/ap_main.o
 .debug_macro   0x00001092       0x22 ./Src/ap/ap_main.o
 .debug_macro   0x000010b4       0xfb ./Src/ap/ap_main.o
 .debug_macro   0x000011af     0x1011 ./Src/ap/ap_main.o
 .debug_macro   0x000021c0      0x11f ./Src/ap/ap_main.o
 .debug_macro   0x000022df     0xb968 ./Src/ap/ap_main.o
 .debug_macro   0x0000dc47       0x28 ./Src/ap/ap_main.o
 .debug_macro   0x0000dc6f       0x6d ./Src/ap/ap_main.o
 .debug_macro   0x0000dcdc       0xd2 ./Src/driver/Button/Button.o
 .debug_macro   0x0000ddae       0xdb ./Src/driver/FND/FND.o
 .debug_macro   0x0000de89       0xbe ./Src/driver/GPIO/GPIO.o
 .debug_macro   0x0000df47       0xbe ./Src/driver/SystemClock/SystemClock.o
 .debug_macro   0x0000e005       0xcd ./Src/driver/Systick/Systick.o
 .debug_macro   0x0000e0d2       0xdb ./Src/driver/TIM/TIM.o
 .debug_macro   0x0000e1ad      0x117 ./Src/main.o

.debug_line     0x00000000     0x2d1c
 .debug_line    0x00000000      0x69c ./Src/ap/ap_main.o
 .debug_line    0x0000069c      0x552 ./Src/driver/Button/Button.o
 .debug_line    0x00000bee      0x5e8 ./Src/driver/FND/FND.o
 .debug_line    0x000011d6      0x51e ./Src/driver/GPIO/GPIO.o
 .debug_line    0x000016f4      0x4f1 ./Src/driver/SystemClock/SystemClock.o
 .debug_line    0x00001be5      0x4b4 ./Src/driver/Systick/Systick.o
 .debug_line    0x00002099      0x5d4 ./Src/driver/TIM/TIM.o
 .debug_line    0x0000266d      0x634 ./Src/main.o
 .debug_line    0x00002ca1       0x7b ./Startup/startup_stm32f411retx.o

.debug_str      0x00000000    0x506ec
 .debug_str     0x00000000    0x506ec ./Src/ap/ap_main.o
                              0x504c4 (size before relaxing)
 .debug_str     0x000506ec    0x4f86c ./Src/driver/Button/Button.o
 .debug_str     0x000506ec    0x4ffef ./Src/driver/FND/FND.o
 .debug_str     0x000506ec    0x4f7ee ./Src/driver/GPIO/GPIO.o
 .debug_str     0x000506ec    0x4f87e ./Src/driver/SystemClock/SystemClock.o
 .debug_str     0x000506ec    0x4fe7a ./Src/driver/Systick/Systick.o
 .debug_str     0x000506ec    0x4ff4c ./Src/driver/TIM/TIM.o
 .debug_str     0x000506ec    0x4fef5 ./Src/main.o
 .debug_str     0x000506ec       0x5f ./Startup/startup_stm32f411retx.o

.comment        0x00000000       0x43
 .comment       0x00000000       0x43 ./Src/ap/ap_main.o
                                 0x44 (size before relaxing)
 .comment       0x00000043       0x44 ./Src/driver/Button/Button.o
 .comment       0x00000043       0x44 ./Src/driver/FND/FND.o
 .comment       0x00000043       0x44 ./Src/driver/GPIO/GPIO.o
 .comment       0x00000043       0x44 ./Src/driver/SystemClock/SystemClock.o
 .comment       0x00000043       0x44 ./Src/driver/Systick/Systick.o
 .comment       0x00000043       0x44 ./Src/driver/TIM/TIM.o
 .comment       0x00000043       0x44 ./Src/main.o

.debug_frame    0x00000000      0x5ac
 .debug_frame   0x00000000       0x90 ./Src/ap/ap_main.o
 .debug_frame   0x00000090       0x58 ./Src/driver/Button/Button.o
 .debug_frame   0x000000e8      0x128 ./Src/driver/FND/FND.o
 .debug_frame   0x00000210       0xb0 ./Src/driver/GPIO/GPIO.o
 .debug_frame   0x000002c0       0x58 ./Src/driver/SystemClock/SystemClock.o
 .debug_frame   0x00000318       0x50 ./Src/driver/Systick/Systick.o
 .debug_frame   0x00000368      0x1ec ./Src/driver/TIM/TIM.o
 .debug_frame   0x00000554       0x2c ./Src/main.o
 .debug_frame   0x00000580       0x2c C:/ST/STM32CubeIDE_1.18.1/STM32CubeIDE/plugins/com.st.stm32cube.ide.mcu.externaltools.gnu-tools-for-stm32.13.3.rel1.win32_1.0.0.202411081344/tools/bin/../lib/gcc/arm-none-eabi/13.3.1/../../../../arm-none-eabi/lib/thumb/v7e-m+fp/hard\libc_nano.a(libc_a-init.o)

.debug_line_str
                0x00000000       0x43
 .debug_line_str
                0x00000000       0x43 ./Startup/startup_stm32f411retx.o
