../Src/driver/FND/FND.c:36:6:FND_Init	16	static
../Src/driver/FND/FND.c:49:6:FND_WriteData	16	static
../Src/driver/FND/FND.c:54:10:FND_ReadData	4	static
../Src/driver/FND/FND.c:59:6:FND_DispData	8	static
../Src/driver/FND/FND.c:88:6:FND_DispDigit_Dot	32	static
../Src/driver/FND/FND.c:118:6:FND_DispOff	16	static
../Src/driver/FND/FND.c:124:6:FND_DispOn	16	static
../Src/driver/FND/FND.c:128:6:FND_DispOffAll	16	static
../Src/driver/FND/FND.c:134:6:FND_DispDigit	32	static
../Src/driver/FND/FND.c:161:6:FND_DispData_DOT	16	static
