../Core/driver/LCD/LCD.c:57:6:LCD_sendI2C	24	static
../Core/driver/LCD/LCD.c:85:6:LCD_writeMode	0	static
../Core/driver/LCD/LCD.c:103:6:LCD_sendNibbleData	16	static
../Core/driver/LCD/LCD.c:111:6:LCD_sendData	8	static
../Core/driver/LCD/LCD.c:62:6:LCD_backLightOn	0	static
../Core/driver/LCD/LCD.c:37:6:LCD_Init	8	static
../Core/driver/LCD/LCD.c:68:6:LCD_backLightOff	0	static
../Core/driver/LCD/LCD.c:130:6:LCD_writeCharData	8	static
../Core/driver/LCD/LCD.c:137:6:LCD_writeString	8	static
../Core/driver/LCD/LCD.c:144:6:LCD_gotoXY	16	static
../Core/driver/LCD/LCD.c:154:6:LCD_writeStringXY	8	static
