Archive member included to satisfy reference by file (symbol)

C:/ST/STM32CubeIDE_1.18.1/STM32CubeIDE/plugins/com.st.stm32cube.ide.mcu.externaltools.gnu-tools-for-stm32.13.3.rel1.win32_1.0.0.202411081344/tools/bin/../lib/gcc/arm-none-eabi/13.3.1/../../../../arm-none-eabi/lib/thumb/v7e-m+fp/hard\libc_nano.a(libc_a-exit.o)
                              C:/ST/STM32CubeIDE_1.18.1/STM32CubeIDE/plugins/com.st.stm32cube.ide.mcu.externaltools.gnu-tools-for-stm32.13.3.rel1.win32_1.0.0.202411081344/tools/bin/../lib/gcc/arm-none-eabi/13.3.1/../../../../arm-none-eabi/lib/thumb/v7e-m+fp/hard/crt0.o (exit)
C:/ST/STM32CubeIDE_1.18.1/STM32CubeIDE/plugins/com.st.stm32cube.ide.mcu.externaltools.gnu-tools-for-stm32.13.3.rel1.win32_1.0.0.202411081344/tools/bin/../lib/gcc/arm-none-eabi/13.3.1/../../../../arm-none-eabi/lib/thumb/v7e-m+fp/hard\libc_nano.a(libc_a-findfp.o)
                              C:/ST/STM32CubeIDE_1.18.1/STM32CubeIDE/plugins/com.st.stm32cube.ide.mcu.externaltools.gnu-tools-for-stm32.13.3.rel1.win32_1.0.0.202411081344/tools/bin/../lib/gcc/arm-none-eabi/13.3.1/../../../../arm-none-eabi/lib/thumb/v7e-m+fp/hard\libc_nano.a(libc_a-exit.o) (__stdio_exit_handler)
C:/ST/STM32CubeIDE_1.18.1/STM32CubeIDE/plugins/com.st.stm32cube.ide.mcu.externaltools.gnu-tools-for-stm32.13.3.rel1.win32_1.0.0.202411081344/tools/bin/../lib/gcc/arm-none-eabi/13.3.1/../../../../arm-none-eabi/lib/thumb/v7e-m+fp/hard\libc_nano.a(libc_a-fwalk.o)
                              C:/ST/STM32CubeIDE_1.18.1/STM32CubeIDE/plugins/com.st.stm32cube.ide.mcu.externaltools.gnu-tools-for-stm32.13.3.rel1.win32_1.0.0.202411081344/tools/bin/../lib/gcc/arm-none-eabi/13.3.1/../../../../arm-none-eabi/lib/thumb/v7e-m+fp/hard\libc_nano.a(libc_a-findfp.o) (_fwalk_sglue)
C:/ST/STM32CubeIDE_1.18.1/STM32CubeIDE/plugins/com.st.stm32cube.ide.mcu.externaltools.gnu-tools-for-stm32.13.3.rel1.win32_1.0.0.202411081344/tools/bin/../lib/gcc/arm-none-eabi/13.3.1/../../../../arm-none-eabi/lib/thumb/v7e-m+fp/hard\libc_nano.a(libc_a-stdio.o)
                              C:/ST/STM32CubeIDE_1.18.1/STM32CubeIDE/plugins/com.st.stm32cube.ide.mcu.externaltools.gnu-tools-for-stm32.13.3.rel1.win32_1.0.0.202411081344/tools/bin/../lib/gcc/arm-none-eabi/13.3.1/../../../../arm-none-eabi/lib/thumb/v7e-m+fp/hard\libc_nano.a(libc_a-findfp.o) (__sread)
C:/ST/STM32CubeIDE_1.18.1/STM32CubeIDE/plugins/com.st.stm32cube.ide.mcu.externaltools.gnu-tools-for-stm32.13.3.rel1.win32_1.0.0.202411081344/tools/bin/../lib/gcc/arm-none-eabi/13.3.1/../../../../arm-none-eabi/lib/thumb/v7e-m+fp/hard\libc_nano.a(libc_a-memset.o)
                              C:/ST/STM32CubeIDE_1.18.1/STM32CubeIDE/plugins/com.st.stm32cube.ide.mcu.externaltools.gnu-tools-for-stm32.13.3.rel1.win32_1.0.0.202411081344/tools/bin/../lib/gcc/arm-none-eabi/13.3.1/../../../../arm-none-eabi/lib/thumb/v7e-m+fp/hard/crt0.o (memset)
C:/ST/STM32CubeIDE_1.18.1/STM32CubeIDE/plugins/com.st.stm32cube.ide.mcu.externaltools.gnu-tools-for-stm32.13.3.rel1.win32_1.0.0.202411081344/tools/bin/../lib/gcc/arm-none-eabi/13.3.1/../../../../arm-none-eabi/lib/thumb/v7e-m+fp/hard\libc_nano.a(libc_a-closer.o)
                              C:/ST/STM32CubeIDE_1.18.1/STM32CubeIDE/plugins/com.st.stm32cube.ide.mcu.externaltools.gnu-tools-for-stm32.13.3.rel1.win32_1.0.0.202411081344/tools/bin/../lib/gcc/arm-none-eabi/13.3.1/../../../../arm-none-eabi/lib/thumb/v7e-m+fp/hard\libc_nano.a(libc_a-stdio.o) (_close_r)
C:/ST/STM32CubeIDE_1.18.1/STM32CubeIDE/plugins/com.st.stm32cube.ide.mcu.externaltools.gnu-tools-for-stm32.13.3.rel1.win32_1.0.0.202411081344/tools/bin/../lib/gcc/arm-none-eabi/13.3.1/../../../../arm-none-eabi/lib/thumb/v7e-m+fp/hard\libc_nano.a(libc_a-reent.o)
                              C:/ST/STM32CubeIDE_1.18.1/STM32CubeIDE/plugins/com.st.stm32cube.ide.mcu.externaltools.gnu-tools-for-stm32.13.3.rel1.win32_1.0.0.202411081344/tools/bin/../lib/gcc/arm-none-eabi/13.3.1/../../../../arm-none-eabi/lib/thumb/v7e-m+fp/hard\libc_nano.a(libc_a-closer.o) (errno)
C:/ST/STM32CubeIDE_1.18.1/STM32CubeIDE/plugins/com.st.stm32cube.ide.mcu.externaltools.gnu-tools-for-stm32.13.3.rel1.win32_1.0.0.202411081344/tools/bin/../lib/gcc/arm-none-eabi/13.3.1/../../../../arm-none-eabi/lib/thumb/v7e-m+fp/hard\libc_nano.a(libc_a-impure.o)
                              C:/ST/STM32CubeIDE_1.18.1/STM32CubeIDE/plugins/com.st.stm32cube.ide.mcu.externaltools.gnu-tools-for-stm32.13.3.rel1.win32_1.0.0.202411081344/tools/bin/../lib/gcc/arm-none-eabi/13.3.1/../../../../arm-none-eabi/lib/thumb/v7e-m+fp/hard\libc_nano.a(libc_a-reent.o) (_impure_ptr)
C:/ST/STM32CubeIDE_1.18.1/STM32CubeIDE/plugins/com.st.stm32cube.ide.mcu.externaltools.gnu-tools-for-stm32.13.3.rel1.win32_1.0.0.202411081344/tools/bin/../lib/gcc/arm-none-eabi/13.3.1/../../../../arm-none-eabi/lib/thumb/v7e-m+fp/hard\libc_nano.a(libc_a-lseekr.o)
[...]
Memory Configuration

Name             Origin             Length             Attributes
RAM              0x20000000         0x00020000         xrw
FLASH            0x08000000         0x00080000         xr
*default*        0x00000000         0xffffffff

Linker script and memory map

LOAD C:/ST/STM32CubeIDE_1.18.1/STM32CubeIDE/plugins/com.st.stm32cube.ide.mcu.externaltools.gnu-tools-for-stm32.13.3.rel1.win32_1.0.0.202411081344/tools/bin/../lib/gcc/arm-none-eabi/13.3.1/thumb/v7e-m+fp/hard/crti.o
LOAD C:/ST/STM32CubeIDE_1.18.1/STM32CubeIDE/plugins/com.st.stm32cube.ide.mcu.externaltools.gnu-tools-for-stm32.13.3.rel1.win32_1.0.0.202411081344/tools/bin/../lib/gcc/arm-none-eabi/13.3.1/thumb/v7e-m+fp/hard/crtbegin.o
LOAD C:/ST/STM32CubeIDE_1.18.1/STM32CubeIDE/plugins/com.st.stm32cube.ide.mcu.externaltools.gnu-tools-for-stm32.13.3.rel1.win32_1.0.0.202411081344/tools/bin/../lib/gcc/arm-none-eabi/13.3.1/../../../../arm-none-eabi/lib/thumb/v7e-m+fp/hard/crt0.o
LOAD ./Core/Src/gpio.o
LOAD ./Core/Src/main.o
LOAD ./Core/Src/stm32f4xx_hal_msp.o
LOAD ./Core/Src/stm32f4xx_it.o
LOAD ./Core/Src/syscalls.o
LOAD ./Core/Src/sysmem.o
LOAD ./Core/Src/system_stm32f4xx.o
LOAD ./Core/Src/tim.o
LOAD ./Core/Startup/startup_stm32f411retx.o
LOAD ./Core/ap/ap_main.o
LOAD ./Core/ap/stopwatch.o
LOAD ./Core/ap/timewatch.o
LOAD ./Core/driver/Button/Button.o
LOAD ./Core/driver/FND/FND.o
LOAD ./Core/driver/LedBar/LedBar.o
LOAD ./Drivers/STM32F4xx_HAL_Driver/Src/stm32f4xx_hal.o
LOAD ./Drivers/STM32F4xx_HAL_Driver/Src/stm32f4xx_hal_cortex.o
LOAD ./Drivers/STM32F4xx_HAL_Driver/Src/stm32f4xx_hal_dma.o
LOAD ./Drivers/STM32F4xx_HAL_Driver/Src/stm32f4xx_hal_dma_ex.o
LOAD ./Drivers/STM32F4xx_HAL_Driver/Src/stm32f4xx_hal_exti.o
LOAD ./Drivers/STM32F4xx_HAL_Driver/Src/stm32f4xx_hal_flash.o
LOAD ./Drivers/STM32F4xx_HAL_Driver/Src/stm32f4xx_hal_flash_ex.o
LOAD ./Drivers/STM32F4xx_HAL_Driver/Src/stm32f4xx_hal_flash_ramfunc.o
LOAD ./Drivers/STM32F4xx_HAL_Driver/Src/stm32f4xx_hal_gpio.o
LOAD ./Drivers/STM32F4xx_HAL_Driver/Src/stm32f4xx_hal_pwr.o
LOAD ./Drivers/STM32F4xx_HAL_Driver/Src/stm32f4xx_hal_pwr_ex.o
LOAD ./Drivers/STM32F4xx_HAL_Driver/Src/stm32f4xx_hal_rcc.o
LOAD ./Drivers/STM32F4xx_HAL_Driver/Src/stm32f4xx_hal_rcc_ex.o
LOAD ./Drivers/STM32F4xx_HAL_Driver/Src/stm32f4xx_hal_tim.o
LOAD ./Drivers/STM32F4xx_HAL_Driver/Src/stm32f4xx_hal_tim_ex.o
START GROUP
LOAD C:/ST/STM32CubeIDE_1.18.1/STM32CubeIDE/plugins/com.st.stm32cube.ide.mcu.externaltools.gnu-tools-for-stm32.13.3.rel1.win32_1.0.0.202411081344/tools/bin/../lib/gcc/arm-none-eabi/13.3.1/../../../../arm-none-eabi/lib/thumb/v7e-m+fp/hard\libc_nano.a
LOAD C:/ST/STM32CubeIDE_1.18.1/STM32CubeIDE/plugins/com.st.stm32cube.ide.mcu.externaltools.gnu-tools-for-stm32.13.3.rel1.win32_1.0.0.202411081344/tools/bin/../lib/gcc/arm-none-eabi/13.3.1/../../../../arm-none-eabi/lib/thumb/v7e-m+fp/hard\libm.a
END GROUP
START GROUP
LOAD C:/ST/STM32CubeIDE_1.18.1/STM32CubeIDE/plugins/com.st.stm32cube.ide.mcu.externaltools.gnu-tools-for-stm32.13.3.rel1.win32_1.0.0.202411081344/tools/bin/../lib/gcc/arm-none-eabi/13.3.1/thumb/v7e-m+fp/hard\libgcc.a
LOAD C:/ST/STM32CubeIDE_1.18.1/STM32CubeIDE/plugins/com.st.stm32cube.ide.mcu.externaltools.gnu-tools-for-stm32.13.3.rel1.win32_1.0.0.202411081344/tools/bin/../lib/gcc/arm-none-eabi/13.3.1/../../../../arm-none-eabi/lib/thumb/v7e-m+fp/hard\libc_nano.a
END GROUP
START GROUP
LOAD C:/ST/STM32CubeIDE_1.18.1/STM32CubeIDE/plugins/com.st.stm32cube.ide.mcu.externaltools.gnu-tools-for-stm32.13.3.rel1.win32_1.0.0.202411081344/tools/bin/../lib/gcc/arm-none-eabi/13.3.1/thumb/v7e-m+fp/hard\libgcc.a
LOAD C:/ST/STM32CubeIDE_1.18.1/STM32CubeIDE/plugins/com.st.stm32cube.ide.mcu.externaltools.gnu-tools-for-stm32.13.3.rel1.win32_1.0.0.202411081344/tools/bin/../lib/gcc/arm-none-eabi/13.3.1/../../../../arm-none-eabi/lib/thumb/v7e-m+fp/hard\libc_nano.a
LOAD C:/ST/STM32CubeIDE_1.18.1/STM32CubeIDE/plugins/com.st.stm32cube.ide.mcu.externaltools.gnu-tools-for-stm32.13.3.rel1.win32_1.0.0.202411081344/tools/bin/../lib/gcc/arm-none-eabi/13.3.1/../../../../arm-none-eabi/lib/thumb/v7e-m+fp/hard\libnosys.a
END GROUP
START GROUP
LOAD C:/ST/STM32CubeIDE_1.18.1/STM32CubeIDE/plugins/com.st.stm32cube.ide.mcu.externaltools.gnu-tools-for-stm32.13.3.rel1.win32_1.0.0.202411081344/tools/bin/../lib/gcc/arm-none-eabi/13.3.1/thumb/v7e-m+fp/hard\libgcc.a
LOAD C:/ST/STM32CubeIDE_1.18.1/STM32CubeIDE/plugins/com.st.stm32cube.ide.mcu.externaltools.gnu-tools-for-stm32.13.3.rel1.win32_1.0.0.202411081344/tools/bin/../lib/gcc/arm-none-eabi/13.3.1/../../../../arm-none-eabi/lib/thumb/v7e-m+fp/hard\libc_nano.a
LOAD C:/ST/STM32CubeIDE_1.18.1/STM32CubeIDE/plugins/com.st.stm32cube.ide.mcu.externaltools.gnu-tools-for-stm32.13.3.rel1.win32_1.0.0.202411081344/tools/bin/../lib/gcc/arm-none-eabi/13.3.1/../../../../arm-none-eabi/lib/thumb/v7e-m+fp/hard\libnosys.a
END GROUP
LOAD C:/ST/STM32CubeIDE_1.18.1/STM32CubeIDE/plugins/com.st.stm32cube.ide.mcu.externaltools.gnu-tools-for-stm32.13.3.rel1.win32_1.0.0.202411081344/tools/bin/../lib/gcc/arm-none-eabi/13.3.1/thumb/v7e-m+fp/hard/crtend.o
LOAD C:/ST/STM32CubeIDE_1.18.1/STM32CubeIDE/plugins/com.st.stm32cube.ide.mcu.externaltools.gnu-tools-for-stm32.13.3.rel1.win32_1.0.0.202411081344/tools/bin/../lib/gcc/arm-none-eabi/13.3.1/thumb/v7e-m+fp/hard/crtn.o
                0x20020000                        _estack = (ORIGIN (RAM) + LENGTH (RAM))
                0x00000200                        _Min_Heap_Size = 0x200
                0x00000400                        _Min_Stack_Size = 0x400

.isr_vector     0x08000000      0x198
                0x08000000                        . = ALIGN (0x4)
 *(.isr_vector)
 .isr_vector    0x08000000      0x198 ./Core/Startup/startup_stm32f411retx.o
                0x08000000                g_pfnVectors
                0x08000198                        . = ALIGN (0x4)

.text           0x08000198     0x2920
                0x08000198                        . = ALIGN (0x4)
 *(.text)
 .text          0x08000198       0x40 C:/ST/STM32CubeIDE_1.18.1/STM32CubeIDE/plugins/com.st.stm32cube.ide.mcu.externaltools.gnu-tools-for-stm32.13.3.rel1.win32_1.0.0.202411081344/tools/bin/../lib/gcc/arm-none-eabi/13.3.1/thumb/v7e-m+fp/hard/crtbegin.o
 .text          0x080001d8       0x30 C:/ST/STM32CubeIDE_1.18.1/STM32CubeIDE/plugins/com.st.stm32cube.ide.mcu.externaltools.gnu-tools-for-stm32.13.3.rel1.win32_1.0.0.202411081344/tools/bin/../lib/gcc/arm-none-eabi/13.3.1/thumb/v7e-m+fp/hard\libgcc.a(_aeabi_uldivmod.o)
                0x080001d8                __aeabi_uldivmod
 .text          0x08000208      0x2f8 C:/ST/STM32CubeIDE_1.18.1/STM32CubeIDE/plugins/com.st.stm32cube.ide.mcu.externaltools.gnu-tools-for-stm32.13.3.rel1.win32_1.0.0.202411081344/tools/bin/../lib/gcc/arm-none-eabi/13.3.1/thumb/v7e-m+fp/hard\libgcc.a(_udivmoddi4.o)
                0x08000208                __udivmoddi4
 .text          0x08000500        0x4 C:/ST/STM32CubeIDE_1.18.1/STM32CubeIDE/plugins/com.st.stm32cube.ide.mcu.externaltools.gnu-tools-for-stm32.13.3.rel1.win32_1.0.0.202411081344/tools/bin/../lib/gcc/arm-none-eabi/13.3.1/thumb/v7e-m+fp/hard\libgcc.a(_dvmd_tls.o)
                0x08000500                __aeabi_idiv0
                0x08000500                __aeabi_ldiv0
 *(.text*)
 .text.MX_GPIO_Init
                0x08000504      0x150 ./Core/Src/gpio.o
                0x08000504                MX_GPIO_Init
 .text.main     0x08000654       0x1e ./Core/Src/main.o
                0x08000654                main
 *fill*         0x08000672        0x2 
 .text.SystemClock_Config
                0x08000674       0xd0 ./Core/Src/main.o
                0x08000674                SystemClock_Config
 .text.Error_Handler
                0x08000744        0xc ./Core/Src/main.o
                0x08000744                Error_Handler
 .text.HAL_MspInit
                0x08000750       0x50 ./Core/Src/stm32f4xx_hal_msp.o
                0x08000750                HAL_MspInit
 .text.NMI_Handler
                0x080007a0        0x8 ./Core/Src/stm32f4xx_it.o
                0x080007a0                NMI_Handler
 .text.HardFault_Handler
                0x080007a8        0x8 ./Core/Src/stm32f4xx_it.o
                0x080007a8                HardFault_Handler
 .text.MemManage_Handler
                0x080007b0        0x8 ./Core/Src/stm32f4xx_it.o
                0x080007b0                MemManage_Handler
 .text.BusFault_Handler
                0x080007b8        0x8 ./Core/Src/stm32f4xx_it.o
                0x080007b8                BusFault_Handler
 .text.UsageFault_Handler
                0x080007c0        0x8 ./Core/Src/stm32f4xx_it.o
                0x080007c0                UsageFault_Handler
 .text.SVC_Handler
                0x080007c8        0xe ./Core/Src/stm32f4xx_it.o
                0x080007c8                SVC_Handler
 .text.DebugMon_Handler
                0x080007d6        0xe ./Core/Src/stm32f4xx_it.o
                0x080007d6                DebugMon_Handler
 .text.PendSV_Handler
                0x080007e4        0xe ./Core/Src/stm32f4xx_it.o
                0x080007e4                PendSV_Handler
 .text.SysTick_Handler
                0x080007f2        0xc ./Core/Src/stm32f4xx_it.o
                0x080007f2                SysTick_Handler
 *fill*         0x080007fe        0x2 
 .text.TIM2_IRQHandler
                0x08000800       0x14 ./Core/Src/stm32f4xx_it.o
                0x08000800                TIM2_IRQHandler
 .text.SystemInit
                0x08000814       0x24 ./Core/Src/system_stm32f4xx.o
                0x08000814                SystemInit
 .text.MX_TIM2_Init
                0x08000838       0x98 ./Core/Src/tim.o
                0x08000838                MX_TIM2_Init
 .text.HAL_TIM_Base_MspInit
                0x080008d0       0x4c ./Core/Src/tim.o
                0x080008d0                HAL_TIM_Base_MspInit
 .text.Reset_Handler
                0x0800091c       0x50 ./Core/Startup/startup_stm32f411retx.o
                0x0800091c                Reset_Handler
 .text.Default_Handler
                0x0800096c        0x2 ./Core/Startup/startup_stm32f411retx.o
                0x0800096c                RTC_Alarm_IRQHandler
                0x0800096c                EXTI2_IRQHandler
                0x0800096c                SPI4_IRQHandler
                0x0800096c                TIM1_CC_IRQHandler
                0x0800096c                DMA2_Stream5_IRQHandler
                0x0800096c                DMA1_Stream5_IRQHandler
                0x0800096c                PVD_IRQHandler
                0x0800096c                SDIO_IRQHandler
                0x0800096c                TAMP_STAMP_IRQHandler
                0x0800096c                EXTI3_IRQHandler
                0x0800096c                TIM1_UP_TIM10_IRQHandler
                0x0800096c                I2C3_ER_IRQHandler
                0x0800096c                EXTI0_IRQHandler
                0x0800096c                I2C2_EV_IRQHandler
                0x0800096c                DMA1_Stream2_IRQHandler
                0x0800096c                FPU_IRQHandler
                0x0800096c                DMA2_Stream2_IRQHandler
                0x0800096c                SPI1_IRQHandler
                0x0800096c                TIM1_BRK_TIM9_IRQHandler
                0x0800096c                DMA2_Stream3_IRQHandler
                0x0800096c                USART6_IRQHandler
                0x0800096c                DMA2_Stream0_IRQHandler
                0x0800096c                TIM4_IRQHandler
                0x0800096c                I2C1_EV_IRQHandler
                0x0800096c                DMA1_Stream6_IRQHandler
                0x0800096c                DMA1_Stream1_IRQHandler
                0x0800096c                TIM3_IRQHandler
                0x0800096c                RCC_IRQHandler
                0x0800096c                Default_Handler
                0x0800096c                EXTI15_10_IRQHandler
                0x0800096c                ADC_IRQHandler
                0x0800096c                DMA1_Stream7_IRQHandler
                0x0800096c                SPI5_IRQHandler
                0x0800096c                TIM5_IRQHandler
                0x0800096c                DMA2_Stream7_IRQHandler
                0x0800096c                I2C3_EV_IRQHandler
                0x0800096c                EXTI9_5_IRQHandler
                0x0800096c                RTC_WKUP_IRQHandler
                0x0800096c                SPI2_IRQHandler
                0x0800096c                DMA1_Stream0_IRQHandler
                0x0800096c                EXTI4_IRQHandler
                0x0800096c                WWDG_IRQHandler
                0x0800096c                OTG_FS_WKUP_IRQHandler
                0x0800096c                TIM1_TRG_COM_TIM11_IRQHandler
                0x0800096c                EXTI1_IRQHandler
                0x0800096c                USART2_IRQHandler
                0x0800096c                I2C2_ER_IRQHandler
                0x0800096c                DMA2_Stream1_IRQHandler
                0x0800096c                FLASH_IRQHandler
                0x0800096c                DMA2_Stream4_IRQHandler
                0x0800096c                USART1_IRQHandler
                0x0800096c                OTG_FS_IRQHandler
                0x0800096c                SPI3_IRQHandler
                0x0800096c                DMA1_Stream4_IRQHandler
                0x0800096c                I2C1_ER_IRQHandler
                0x0800096c                DMA2_Stream6_IRQHandler
                0x0800096c                DMA1_Stream3_IRQHandler
 .text.HAL_TIM_PeriodElapsedCallback
                0x0800096e       0x26 ./Core/ap/ap_main.o
                0x0800096e                HAL_TIM_PeriodElapsedCallback
 .text.ap_main  0x08000994       0x64 ./Core/ap/ap_main.o
                0x08000994                ap_main
 .text.ap_init  0x080009f8       0x3c ./Core/ap/ap_main.o
                0x080009f8                ap_init
 .text.StopWatch_IncTimeCallBack
                0x08000a34       0x18 ./Core/ap/stopwatch.o
                0x08000a34                StopWatch_IncTimeCallBack
 .text.StopWatch_IncTime
                0x08000a4c       0x84 ./Core/ap/stopwatch.o
                0x08000a4c                StopWatch_IncTime
 .text.StopWatch_Excute
                0x08000ad0       0x34 ./Core/ap/stopwatch.o
                0x08000ad0                StopWatch_Excute
 .text.StopWatch_Stop
                0x08000b04       0x98 ./Core/ap/stopwatch.o
                0x08000b04                StopWatch_Stop
 .text.StopWatch_Run
                0x08000b9c       0xd0 ./Core/ap/stopwatch.o
                0x08000b9c                StopWatch_Run
 .text.StopWatch_Clear
                0x08000c6c       0x88 ./Core/ap/stopwatch.o
                0x08000c6c                StopWatch_Clear
 .text.TimeWatch_IncTimeCallBack
                0x08000cf4       0x84 ./Core/ap/timewatch.o
                0x08000cf4                TimeWatch_IncTimeCallBack
 .text.TimeWatch_Excute
                0x08000d78       0x58 ./Core/ap/timewatch.o
                0x08000d78                TimeWatch_Excute
 .text.Button_Init
                0x08000dd0       0x2c ./Core/driver/Button/Button.o
                0x08000dd0                Button_Init
 .text.Button_GetState
                0x08000dfc       0x62 ./Core/driver/Button/Button.o
                0x08000dfc                Button_GetState
 *fill*         0x08000e5e        0x2 
 .text.FND_WriteDp
                0x08000e60       0x54 ./Core/driver/FND/FND.o
                0x08000e60                FND_WriteDp
 .text.FND_WriteData
                0x08000eb4       0x20 ./Core/driver/FND/FND.o
                0x08000eb4                FND_WriteData
 .text.FND_DispDataCallBack
                0x08000ed4      0x254 ./Core/driver/FND/FND.o
                0x08000ed4                FND_DispDataCallBack
 .text.FND_DispOff
                0x08001128       0x30 ./Core/driver/FND/FND.o
 .text.FND_DispOn
                0x08001158       0x30 ./Core/driver/FND/FND.o
 .text.FND_DispOffAll
                0x08001188       0x44 ./Core/driver/FND/FND.o
 .text.FND_DispDigit
                0x080011cc       0x90 ./Core/driver/FND/FND.o
 .text.HAL_Init
                0x0800125c       0x44 ./Drivers/STM32F4xx_HAL_Driver/Src/stm32f4xx_hal.o
                0x0800125c                HAL_Init
 .text.HAL_InitTick
                0x080012a0       0x60 ./Drivers/STM32F4xx_HAL_Driver/Src/stm32f4xx_hal.o
                0x080012a0                HAL_InitTick
 .text.HAL_IncTick
                0x08001300       0x28 ./Drivers/STM32F4xx_HAL_Driver/Src/stm32f4xx_hal.o
                0x08001300                HAL_IncTick
 .text.HAL_GetTick
                0x08001328       0x18 ./Drivers/STM32F4xx_HAL_Driver/Src/stm32f4xx_hal.o
                0x08001328                HAL_GetTick
 .text.HAL_Delay
                0x08001340       0x48 ./Drivers/STM32F4xx_HAL_Driver/Src/stm32f4xx_hal.o
                0x08001340                HAL_Delay
 .text.__NVIC_SetPriorityGrouping
                0x08001388       0x48 ./Drivers/STM32F4xx_HAL_Driver/Src/stm32f4xx_hal_cortex.o
 .text.__NVIC_GetPriorityGrouping
                0x080013d0       0x1c ./Drivers/STM32F4xx_HAL_Driver/Src/stm32f4xx_hal_cortex.o
 .text.__NVIC_EnableIRQ
                0x080013ec       0x3c ./Drivers/STM32F4xx_HAL_Driver/Src/stm32f4xx_hal_cortex.o
 .text.__NVIC_SetPriority
                0x08001428       0x54 ./Drivers/STM32F4xx_HAL_Driver/Src/stm32f4xx_hal_cortex.o
 .text.NVIC_EncodePriority
                0x0800147c       0x66 ./Drivers/STM32F4xx_HAL_Driver/Src/stm32f4xx_hal_cortex.o
 *fill*         0x080014e2        0x2 
 .text.SysTick_Config
                0x080014e4       0x44 ./Drivers/STM32F4xx_HAL_Driver/Src/stm32f4xx_hal_cortex.o
 .text.HAL_NVIC_SetPriorityGrouping
                0x08001528       0x16 ./Drivers/STM32F4xx_HAL_Driver/Src/stm32f4xx_hal_cortex.o
                0x08001528                HAL_NVIC_SetPriorityGrouping
 .text.HAL_NVIC_SetPriority
                0x0800153e       0x38 ./Drivers/STM32F4xx_HAL_Driver/Src/stm32f4xx_hal_cortex.o
                0x0800153e                HAL_NVIC_SetPriority
 .text.HAL_NVIC_EnableIRQ
                0x08001576       0x1c ./Drivers/STM32F4xx_HAL_Driver/Src/stm32f4xx_hal_cortex.o
                0x08001576                HAL_NVIC_EnableIRQ
 .text.HAL_SYSTICK_Config
                0x08001592       0x18 ./Drivers/STM32F4xx_HAL_Driver/Src/stm32f4xx_hal_cortex.o
                0x08001592                HAL_SYSTICK_Config
 *fill*         0x080015aa        0x2 
 .text.HAL_GPIO_Init
                0x080015ac      0x308 ./Drivers/STM32F4xx_HAL_Driver/Src/stm32f4xx_hal_gpio.o
                0x080015ac                HAL_GPIO_Init
 .text.HAL_GPIO_ReadPin
                0x080018b4       0x30 ./Drivers/STM32F4xx_HAL_Driver/Src/stm32f4xx_hal_gpio.o
                0x080018b4                HAL_GPIO_ReadPin
 .text.HAL_GPIO_WritePin
                0x080018e4       0x32 ./Drivers/STM32F4xx_HAL_Driver/Src/stm32f4xx_hal_gpio.o
                0x080018e4                HAL_GPIO_WritePin
 *fill*         0x08001916        0x2 
 .text.HAL_RCC_OscConfig
                0x08001918      0x4f0 ./Drivers/STM32F4xx_HAL_Driver/Src/stm32f4xx_hal_rcc.o
                0x08001918                HAL_RCC_OscConfig
 .text.HAL_RCC_ClockConfig
                0x08001e08      0x1cc ./Drivers/STM32F4xx_HAL_Driver/Src/stm32f4xx_hal_rcc.o
                0x08001e08                HAL_RCC_ClockConfig
 .text.HAL_RCC_GetSysClockFreq
                0x08001fd4      0x20c ./Drivers/STM32F4xx_HAL_Driver/Src/stm32f4xx_hal_rcc.o
                0x08001fd4                HAL_RCC_GetSysClockFreq
 .text.HAL_TIM_Base_Init
                0x080021e0       0x9e ./Drivers/STM32F4xx_HAL_Driver/Src/stm32f4xx_hal_tim.o
                0x080021e0                HAL_TIM_Base_Init
 *fill*         0x0800227e        0x2 
 .text.HAL_TIM_Base_Start_IT
                0x08002280       0xc4 ./Drivers/STM32F4xx_HAL_Driver/Src/stm32f4xx_hal_tim.o
                0x08002280                HAL_TIM_Base_Start_IT
 .text.HAL_TIM_IRQHandler
                0x08002344      0x1e0 ./Drivers/STM32F4xx_HAL_Driver/Src/stm32f4xx_hal_tim.o
                0x08002344                HAL_TIM_IRQHandler
 .text.HAL_TIM_ConfigClockSource
                0x08002524      0x18e ./Drivers/STM32F4xx_HAL_Driver/Src/stm32f4xx_hal_tim.o
                0x08002524                HAL_TIM_ConfigClockSource
 .text.HAL_TIM_OC_DelayElapsedCallback
                0x080026b2       0x14 ./Drivers/STM32F4xx_HAL_Driver/Src/stm32f4xx_hal_tim.o
                0x080026b2                HAL_TIM_OC_DelayElapsedCallback
 .text.HAL_TIM_IC_CaptureCallback
                0x080026c6       0x14 ./Drivers/STM32F4xx_HAL_Driver/Src/stm32f4xx_hal_tim.o
                0x080026c6                HAL_TIM_IC_CaptureCallback
 .text.HAL_TIM_PWM_PulseFinishedCallback
                0x080026da       0x14 ./Drivers/STM32F4xx_HAL_Driver/Src/stm32f4xx_hal_tim.o
                0x080026da                HAL_TIM_PWM_PulseFinishedCallback
 .text.HAL_TIM_TriggerCallback
                0x080026ee       0x14 ./Drivers/STM32F4xx_HAL_Driver/Src/stm32f4xx_hal_tim.o
                0x080026ee                HAL_TIM_TriggerCallback
 *fill*         0x08002702        0x2 
 .text.TIM_Base_SetConfig
                0x08002704      0x10c ./Drivers/STM32F4xx_HAL_Driver/Src/stm32f4xx_hal_tim.o
                0x08002704                TIM_Base_SetConfig
 .text.TIM_TI1_ConfigInputStage
                0x08002810       0x5e ./Drivers/STM32F4xx_HAL_Driver/Src/stm32f4xx_hal_tim.o
 .text.TIM_TI2_ConfigInputStage
                0x0800286e       0x60 ./Drivers/STM32F4xx_HAL_Driver/Src/stm32f4xx_hal_tim.o
 .text.TIM_ITRx_SetConfig
                0x080028ce       0x36 ./Drivers/STM32F4xx_HAL_Driver/Src/stm32f4xx_hal_tim.o
 .text.TIM_ETR_SetConfig
                0x08002904       0x40 ./Drivers/STM32F4xx_HAL_Driver/Src/stm32f4xx_hal_tim.o
                0x08002904                TIM_ETR_SetConfig
 .text.HAL_TIMEx_MasterConfigSynchronization
                0x08002944       0xdc ./Drivers/STM32F4xx_HAL_Driver/Src/stm32f4xx_hal_tim_ex.o
                0x08002944                HAL_TIMEx_MasterConfigSynchronization
 .text.HAL_TIMEx_CommutCallback
                0x08002a20       0x14 ./Drivers/STM32F4xx_HAL_Driver/Src/stm32f4xx_hal_tim_ex.o
                0x08002a20                HAL_TIMEx_CommutCallback
 .text.HAL_TIMEx_BreakCallback
                0x08002a34       0x14 ./Drivers/STM32F4xx_HAL_Driver/Src/stm32f4xx_hal_tim_ex.o
                0x08002a34                HAL_TIMEx_BreakCallback
 .text.memset   0x08002a48       0x10 C:/ST/STM32CubeIDE_1.18.1/STM32CubeIDE/plugins/com.st.stm32cube.ide.mcu.externaltools.gnu-tools-for-stm32.13.3.rel1.win32_1.0.0.202411081344/tools/bin/../lib/gcc/arm-none-eabi/13.3.1/../../../../arm-none-eabi/lib/thumb/v7e-m+fp/hard\libc_nano.a(libc_a-memset.o)
                0x08002a48                memset
 .text.__libc_init_array
                0x08002a58       0x48 C:/ST/STM32CubeIDE_1.18.1/STM32CubeIDE/plugins/com.st.stm32cube.ide.mcu.externaltools.gnu-tools-for-stm32.13.3.rel1.win32_1.0.0.202411081344/tools/bin/../lib/gcc/arm-none-eabi/13.3.1/../../../../arm-none-eabi/lib/thumb/v7e-m+fp/hard\libc_nano.a(libc_a-init.o)
                0x08002a58                __libc_init_array
 *(.glue_7)
 .glue_7        0x08002aa0        0x0 linker stubs
 *(.glue_7t)
 .glue_7t       0x08002aa0        0x0 linker stubs
 *(.eh_frame)
 .eh_frame      0x08002aa0        0x0 C:/ST/STM32CubeIDE_1.18.1/STM32CubeIDE/plugins/com.st.stm32cube.ide.mcu.externaltools.gnu-tools-for-stm32.13.3.rel1.win32_1.0.0.202411081344/tools/bin/../lib/gcc/arm-none-eabi/13.3.1/thumb/v7e-m+fp/hard/crtbegin.o
 *(.init)
 .init          0x08002aa0        0x4 C:/ST/STM32CubeIDE_1.18.1/STM32CubeIDE/plugins/com.st.stm32cube.ide.mcu.externaltools.gnu-tools-for-stm32.13.3.rel1.win32_1.0.0.202411081344/tools/bin/../lib/gcc/arm-none-eabi/13.3.1/thumb/v7e-m+fp/hard/crti.o
                0x08002aa0                _init
 .init          0x08002aa4        0x8 C:/ST/STM32CubeIDE_1.18.1/STM32CubeIDE/plugins/com.st.stm32cube.ide.mcu.externaltools.gnu-tools-for-stm32.13.3.rel1.win32_1.0.0.202411081344/tools/bin/../lib/gcc/arm-none-eabi/13.3.1/thumb/v7e-m+fp/hard/crtn.o
 *(.fini)
 .fini          0x08002aac        0x4 C:/ST/STM32CubeIDE_1.18.1/STM32CubeIDE/plugins/com.st.stm32cube.ide.mcu.externaltools.gnu-tools-for-stm32.13.3.rel1.win32_1.0.0.202411081344/tools/bin/../lib/gcc/arm-none-eabi/13.3.1/thumb/v7e-m+fp/hard/crti.o
                0x08002aac                _fini
 .fini          0x08002ab0        0x8 C:/ST/STM32CubeIDE_1.18.1/STM32CubeIDE/plugins/com.st.stm32cube.ide.mcu.externaltools.gnu-tools-for-stm32.13.3.rel1.win32_1.0.0.202411081344/tools/bin/../lib/gcc/arm-none-eabi/13.3.1/thumb/v7e-m+fp/hard/crtn.o
                0x08002ab8                        . = ALIGN (0x4)
                0x08002ab8                        _etext = .

.vfp11_veneer   0x08002ab8        0x0
 .vfp11_veneer  0x08002ab8        0x0 linker stubs

.v4_bx          0x08002ab8        0x0
 .v4_bx         0x08002ab8        0x0 linker stubs

.iplt           0x08002ab8        0x0
 .iplt          0x08002ab8        0x0 C:/ST/STM32CubeIDE_1.18.1/STM32CubeIDE/plugins/com.st.stm32cube.ide.mcu.externaltools.gnu-tools-for-stm32.13.3.rel1.win32_1.0.0.202411081344/tools/bin/../lib/gcc/arm-none-eabi/13.3.1/thumb/v7e-m+fp/hard/crtbegin.o

.rodata         0x08002ab8       0x1c
                0x08002ab8                        . = ALIGN (0x4)
 *(.rodata)
 .rodata        0x08002ab8        0xc ./Core/driver/FND/FND.o
 *(.rodata*)
 .rodata.AHBPrescTable
                0x08002ac4       0x10 ./Core/Src/system_stm32f4xx.o
                0x08002ac4                AHBPrescTable
                0x08002ad4                        . = ALIGN (0x4)

.ARM.extab      0x08002ad4        0x0
                0x08002ad4                        . = ALIGN (0x4)
 *(.ARM.extab* .gnu.linkonce.armextab.*)
                0x08002ad4                        . = ALIGN (0x4)

.ARM            0x08002ad4        0x8
                0x08002ad4                        . = ALIGN (0x4)
                0x08002ad4                        __exidx_start = .
 *(.ARM.exidx*)
 .ARM.exidx     0x08002ad4        0x8 C:/ST/STM32CubeIDE_1.18.1/STM32CubeIDE/plugins/com.st.stm32cube.ide.mcu.externaltools.gnu-tools-for-stm32.13.3.rel1.win32_1.0.0.202411081344/tools/bin/../lib/gcc/arm-none-eabi/13.3.1/thumb/v7e-m+fp/hard\libgcc.a(_udivmoddi4.o)
                0x08002adc                        __exidx_end = .
                0x08002adc                        . = ALIGN (0x4)

.preinit_array  0x08002adc        0x0
                0x08002adc                        . = ALIGN (0x4)
                0x08002adc                        PROVIDE (__preinit_array_start = .)
 *(.preinit_array*)
                0x08002adc                        PROVIDE (__preinit_array_end = .)
                0x08002adc                        . = ALIGN (0x4)

.init_array     0x08002adc        0x4
                0x08002adc                        . = ALIGN (0x4)
                0x08002adc                        PROVIDE (__init_array_start = .)
 *(SORT_BY_NAME(.init_array.*))
 *(.init_array*)
 .init_array    0x08002adc        0x4 C:/ST/STM32CubeIDE_1.18.1/STM32CubeIDE/plugins/com.st.stm32cube.ide.mcu.externaltools.gnu-tools-for-stm32.13.3.rel1.win32_1.0.0.202411081344/tools/bin/../lib/gcc/arm-none-eabi/13.3.1/thumb/v7e-m+fp/hard/crtbegin.o
                0x08002ae0                        PROVIDE (__init_array_end = .)
                0x08002ae0                        . = ALIGN (0x4)

.fini_array     0x08002ae0        0x4
                0x08002ae0                        . = ALIGN (0x4)
                [!provide]                        PROVIDE (__fini_array_start = .)
 *(SORT_BY_NAME(.fini_array.*))
 *(.fini_array*)
 .fini_array    0x08002ae0        0x4 C:/ST/STM32CubeIDE_1.18.1/STM32CubeIDE/plugins/com.st.stm32cube.ide.mcu.externaltools.gnu-tools-for-stm32.13.3.rel1.win32_1.0.0.202411081344/tools/bin/../lib/gcc/arm-none-eabi/13.3.1/thumb/v7e-m+fp/hard/crtbegin.o
                [!provide]                        PROVIDE (__fini_array_end = .)
                0x08002ae4                        . = ALIGN (0x4)
                0x08002ae4                        _sidata = LOADADDR (.data)

.rel.dyn        0x08002ae4        0x0
 .rel.iplt      0x08002ae4        0x0 C:/ST/STM32CubeIDE_1.18.1/STM32CubeIDE/plugins/com.st.stm32cube.ide.mcu.externaltools.gnu-tools-for-stm32.13.3.rel1.win32_1.0.0.202411081344/tools/bin/../lib/gcc/arm-none-eabi/13.3.1/thumb/v7e-m+fp/hard/crtbegin.o

.data           0x20000000       0x74 load address 0x08002ae4
                0x20000000                        . = ALIGN (0x4)
                0x20000000                        _sdata = .
 *(.data)
 *(.data*)
 .data.SystemCoreClock
                0x20000000        0x4 ./Core/Src/system_stm32f4xx.o
                0x20000000                SystemCoreClock
 .data.timeWatch
                0x20000004        0x6 ./Core/ap/timewatch.o
                0x20000004                timeWatch
 *fill*         0x2000000a        0x2 
 .data.fndDigitCom
                0x2000000c       0x20 ./Core/driver/FND/FND.o
                0x2000000c                fndDigitCom
 .data.fndPin   0x2000002c       0x40 ./Core/driver/FND/FND.o
                0x2000002c                fndPin
 .data.uwTickPrio
                0x2000006c        0x4 ./Drivers/STM32F4xx_HAL_Driver/Src/stm32f4xx_hal.o
                0x2000006c                uwTickPrio
 .data.uwTickFreq
                0x20000070        0x1 ./Drivers/STM32F4xx_HAL_Driver/Src/stm32f4xx_hal.o
                0x20000070                uwTickFreq
 *(.RamFunc)
 *(.RamFunc*)
                0x20000074                        . = ALIGN (0x4)
 *fill*         0x20000071        0x3 
                0x20000074                        _edata = .

.igot.plt       0x20000074        0x0 load address 0x08002b58
 .igot.plt      0x20000074        0x0 C:/ST/STM32CubeIDE_1.18.1/STM32CubeIDE/plugins/com.st.stm32cube.ide.mcu.externaltools.gnu-tools-for-stm32.13.3.rel1.win32_1.0.0.202411081344/tools/bin/../lib/gcc/arm-none-eabi/13.3.1/thumb/v7e-m+fp/hard/crtbegin.o
                0x20000074                        . = ALIGN (0x4)

.bss            0x20000074       0xa0 load address 0x08002b58
                0x20000074                        _sbss = .
                0x20000074                        __bss_start__ = _sbss
 *(.bss)
 .bss           0x20000074       0x1c C:/ST/STM32CubeIDE_1.18.1/STM32CubeIDE/plugins/com.st.stm32cube.ide.mcu.externaltools.gnu-tools-for-stm32.13.3.rel1.win32_1.0.0.202411081344/tools/bin/../lib/gcc/arm-none-eabi/13.3.1/thumb/v7e-m+fp/hard/crtbegin.o
 *(.bss*)
 .bss.htim2     0x20000090       0x48 ./Core/Src/tim.o
                0x20000090                htim2
 .bss.hBtnMode  0x200000d8        0xc ./Core/ap/ap_main.o
                0x200000d8                hBtnMode
 .bss.hBtnRunStop
                0x200000e4        0xc ./Core/ap/ap_main.o
                0x200000e4                hBtnRunStop
 .bss.hBtnClear
                0x200000f0        0xc ./Core/ap/ap_main.o
                0x200000f0                hBtnClear
 .bss.stopWatchState
                0x200000fc        0x1 ./Core/ap/stopwatch.o
                0x200000fc                stopWatchState
 *fill*         0x200000fd        0x3 
 .bss.stopWatch
                0x20000100        0x6 ./Core/ap/stopwatch.o
                0x20000100                stopWatch
 .bss.fndDispNum
                0x20000106        0x2 ./Core/driver/FND/FND.o
 .bss.fndDispDp
                0x20000108        0x1 ./Core/driver/FND/FND.o
 *fill*         0x20000109        0x3 
 .bss.digitPos.0
                0x2000010c        0x4 ./Core/driver/FND/FND.o
 .bss.uwTick    0x20000110        0x4 ./Drivers/STM32F4xx_HAL_Driver/Src/stm32f4xx_hal.o
                0x20000110                uwTick
 *(COMMON)
                0x20000114                        . = ALIGN (0x4)
                0x20000114                        _ebss = .
                0x20000114                        __bss_end__ = _ebss

._user_heap_stack
                0x20000114      0x604 load address 0x08002b58
                0x20000118                        . = ALIGN (0x8)
 *fill*         0x20000114        0x4 
                [!provide]                        PROVIDE (end = .)
                0x20000118                        PROVIDE (_end = .)
                0x20000318                        . = (. + _Min_Heap_Size)
 *fill*         0x20000118      0x200 
                0x20000718                        . = (. + _Min_Stack_Size)
 *fill*         0x20000318      0x400 
                0x20000718                        . = ALIGN (0x8)

/DISCARD/
 libc.a(*)
 libm.a(*)
 libgcc.a(*)

.ARM.attributes
                0x00000000       0x30
 *(.ARM.attributes)
 .ARM.attributes
                0x00000000       0x22 C:/ST/STM32CubeIDE_1.18.1/STM32CubeIDE/plugins/com.st.stm32cube.ide.mcu.externaltools.gnu-tools-for-stm32.13.3.rel1.win32_1.0.0.202411081344/tools/bin/../lib/gcc/arm-none-eabi/13.3.1/thumb/v7e-m+fp/hard/crti.o
 .ARM.attributes
                0x00000022       0x34 C:/ST/STM32CubeIDE_1.18.1/STM32CubeIDE/plugins/com.st.stm32cube.ide.mcu.externaltools.gnu-tools-for-stm32.13.3.rel1.win32_1.0.0.202411081344/tools/bin/../lib/gcc/arm-none-eabi/13.3.1/thumb/v7e-m+fp/hard/crtbegin.o
 .ARM.attributes
                0x00000056       0x34 ./Core/Src/gpio.o
 .ARM.attributes
                0x0000008a       0x34 ./Core/Src/main.o
 .ARM.attributes
                0x000000be       0x34 ./Core/Src/stm32f4xx_hal_msp.o
 .ARM.attributes
                0x000000f2       0x34 ./Core/Src/stm32f4xx_it.o
 .ARM.attributes
                0x00000126       0x34 ./Core/Src/system_stm32f4xx.o
 .ARM.attributes
                0x0000015a       0x34 ./Core/Src/tim.o
 .ARM.attributes
                0x0000018e       0x21 ./Core/Startup/startup_stm32f411retx.o
 .ARM.attributes
                0x000001af       0x34 ./Core/ap/ap_main.o
 .ARM.attributes
                0x000001e3       0x34 ./Core/ap/stopwatch.o
 .ARM.attributes
                0x00000217       0x34 ./Core/ap/timewatch.o
 .ARM.attributes
                0x0000024b       0x34 ./Core/driver/Button/Button.o
 .ARM.attributes
                0x0000027f       0x34 ./Core/driver/FND/FND.o
 .ARM.attributes
                0x000002b3       0x34 ./Drivers/STM32F4xx_HAL_Driver/Src/stm32f4xx_hal.o
 .ARM.attributes
                0x000002e7       0x34 ./Drivers/STM32F4xx_HAL_Driver/Src/stm32f4xx_hal_cortex.o
 .ARM.attributes
                0x0000031b       0x34 ./Drivers/STM32F4xx_HAL_Driver/Src/stm32f4xx_hal_gpio.o
 .ARM.attributes
                0x0000034f       0x34 ./Drivers/STM32F4xx_HAL_Driver/Src/stm32f4xx_hal_rcc.o
 .ARM.attributes
                0x00000383       0x34 ./Drivers/STM32F4xx_HAL_Driver/Src/stm32f4xx_hal_tim.o
 .ARM.attributes
                0x000003b7       0x34 ./Drivers/STM32F4xx_HAL_Driver/Src/stm32f4xx_hal_tim_ex.o
 .ARM.attributes
                0x000003eb       0x34 C:/ST/STM32CubeIDE_1.18.1/STM32CubeIDE/plugins/com.st.stm32cube.ide.mcu.externaltools.gnu-tools-for-stm32.13.3.rel1.win32_1.0.0.202411081344/tools/bin/../lib/gcc/arm-none-eabi/13.3.1/../../../../arm-none-eabi/lib/thumb/v7e-m+fp/hard\libc_nano.a(libc_a-memset.o)
 .ARM.attributes
                0x0000041f       0x34 C:/ST/STM32CubeIDE_1.18.1/STM32CubeIDE/plugins/com.st.stm32cube.ide.mcu.externaltools.gnu-tools-for-stm32.13.3.rel1.win32_1.0.0.202411081344/tools/bin/../lib/gcc/arm-none-eabi/13.3.1/../../../../arm-none-eabi/lib/thumb/v7e-m+fp/hard\libc_nano.a(libc_a-init.o)
 .ARM.attributes
                0x00000453       0x22 C:/ST/STM32CubeIDE_1.18.1/STM32CubeIDE/plugins/com.st.stm32cube.ide.mcu.externaltools.gnu-tools-for-stm32.13.3.rel1.win32_1.0.0.202411081344/tools/bin/../lib/gcc/arm-none-eabi/13.3.1/thumb/v7e-m+fp/hard\libgcc.a(_aeabi_uldivmod.o)
 .ARM.attributes
                0x00000475       0x34 C:/ST/STM32CubeIDE_1.18.1/STM32CubeIDE/plugins/com.st.stm32cube.ide.mcu.externaltools.gnu-tools-for-stm32.13.3.rel1.win32_1.0.0.202411081344/tools/bin/../lib/gcc/arm-none-eabi/13.3.1/thumb/v7e-m+fp/hard\libgcc.a(_udivmoddi4.o)
 .ARM.attributes
                0x000004a9       0x22 C:/ST/STM32CubeIDE_1.18.1/STM32CubeIDE/plugins/com.st.stm32cube.ide.mcu.externaltools.gnu-tools-for-stm32.13.3.rel1.win32_1.0.0.202411081344/tools/bin/../lib/gcc/arm-none-eabi/13.3.1/thumb/v7e-m+fp/hard\libgcc.a(_dvmd_tls.o)
 .ARM.attributes
                0x000004cb       0x22 C:/ST/STM32CubeIDE_1.18.1/STM32CubeIDE/plugins/com.st.stm32cube.ide.mcu.externaltools.gnu-tools-for-stm32.13.3.rel1.win32_1.0.0.202411081344/tools/bin/../lib/gcc/arm-none-eabi/13.3.1/thumb/v7e-m+fp/hard/crtn.o
OUTPUT(250624_TimeWatch_StopWatch_Dot.elf elf32-littlearm)
LOAD linker stubs
LOAD C:/ST/STM32CubeIDE_1.18.1/STM32CubeIDE/plugins/com.st.stm32cube.ide.mcu.externaltools.gnu-tools-for-stm32.13.3.rel1.win32_1.0.0.202411081344/tools/bin/../lib/gcc/arm-none-eabi/13.3.1/../../../../arm-none-eabi/lib/thumb/v7e-m+fp/hard\libc.a
LOAD C:/ST/STM32CubeIDE_1.18.1/STM32CubeIDE/plugins/com.st.stm32cube.ide.mcu.externaltools.gnu-tools-for-stm32.13.3.rel1.win32_1.0.0.202411081344/tools/bin/../lib/gcc/arm-none-eabi/13.3.1/../../../../arm-none-eabi/lib/thumb/v7e-m+fp/hard\libm.a
LOAD C:/ST/STM32CubeIDE_1.18.1/STM32CubeIDE/plugins/com.st.stm32cube.ide.mcu.externaltools.gnu-tools-for-stm32.13.3.rel1.win32_1.0.0.202411081344/tools/bin/../lib/gcc/arm-none-eabi/13.3.1/thumb/v7e-m+fp/hard\libgcc.a

.debug_info     0x00000000     0x9ba7
 .debug_info    0x00000000      0x433 ./Core/Src/gpio.o
 .debug_info    0x00000433      0x504 ./Core/Src/main.o
 .debug_info    0x00000937      0x291 ./Core/Src/stm32f4xx_hal_msp.o
 .debug_info    0x00000bc8      0x6da ./Core/Src/stm32f4xx_it.o
 .debug_info    0x000012a2      0x53e ./Core/Src/system_stm32f4xx.o
 .debug_info    0x000017e0      0xb98 ./Core/Src/tim.o
 .debug_info    0x00002378       0x30 ./Core/Startup/startup_stm32f411retx.o
 .debug_info    0x000023a8      0x900 ./Core/ap/ap_main.o
 .debug_info    0x00002ca8      0x310 ./Core/ap/stopwatch.o
 .debug_info    0x00002fb8      0x147 ./Core/ap/timewatch.o
 .debug_info    0x000030ff      0x295 ./Core/driver/Button/Button.o
 .debug_info    0x00003394      0x3ec ./Core/driver/FND/FND.o
 .debug_info    0x00003780      0x8c4 ./Drivers/STM32F4xx_HAL_Driver/Src/stm32f4xx_hal.o
 .debug_info    0x00004044      0xcfc ./Drivers/STM32F4xx_HAL_Driver/Src/stm32f4xx_hal_cortex.o
 .debug_info    0x00004d40      0x6f9 ./Drivers/STM32F4xx_HAL_Driver/Src/stm32f4xx_hal_gpio.o
 .debug_info    0x00005439      0x904 ./Drivers/STM32F4xx_HAL_Driver/Src/stm32f4xx_hal_rcc.o
 .debug_info    0x00005d3d     0x2996 ./Drivers/STM32F4xx_HAL_Driver/Src/stm32f4xx_hal_tim.o
 .debug_info    0x000086d3     0x14d4 ./Drivers/STM32F4xx_HAL_Driver/Src/stm32f4xx_hal_tim_ex.o

.debug_abbrev   0x00000000     0x2013
 .debug_abbrev  0x00000000      0x151 ./Core/Src/gpio.o
 .debug_abbrev  0x00000151      0x20b ./Core/Src/main.o
 .debug_abbrev  0x0000035c       0xd8 ./Core/Src/stm32f4xx_hal_msp.o
 .debug_abbrev  0x00000434      0x1a5 ./Core/Src/stm32f4xx_it.o
 .debug_abbrev  0x000005d9      0x11a ./Core/Src/system_stm32f4xx.o
 .debug_abbrev  0x000006f3      0x20a ./Core/Src/tim.o
 .debug_abbrev  0x000008fd       0x24 ./Core/Startup/startup_stm32f411retx.o
 .debug_abbrev  0x00000921      0x221 ./Core/ap/ap_main.o
 .debug_abbrev  0x00000b42      0x18c ./Core/ap/stopwatch.o
 .debug_abbrev  0x00000cce       0xce ./Core/ap/timewatch.o
 .debug_abbrev  0x00000d9c      0x16d ./Core/driver/Button/Button.o
 .debug_abbrev  0x00000f09      0x1f8 ./Core/driver/FND/FND.o
 .debug_abbrev  0x00001101      0x24b ./Drivers/STM32F4xx_HAL_Driver/Src/stm32f4xx_hal.o
 .debug_abbrev  0x0000134c      0x31d ./Drivers/STM32F4xx_HAL_Driver/Src/stm32f4xx_hal_cortex.o
 .debug_abbrev  0x00001669      0x1d3 ./Drivers/STM32F4xx_HAL_Driver/Src/stm32f4xx_hal_gpio.o
 .debug_abbrev  0x0000183c      0x2b6 ./Drivers/STM32F4xx_HAL_Driver/Src/stm32f4xx_hal_rcc.o
 .debug_abbrev  0x00001af2      0x28b ./Drivers/STM32F4xx_HAL_Driver/Src/stm32f4xx_hal_tim.o
 .debug_abbrev  0x00001d7d      0x296 ./Drivers/STM32F4xx_HAL_Driver/Src/stm32f4xx_hal_tim_ex.o

.debug_aranges  0x00000000      0xab0
 .debug_aranges
                0x00000000       0x20 ./Core/Src/gpio.o
 .debug_aranges
                0x00000020       0x30 ./Core/Src/main.o
 .debug_aranges
                0x00000050       0x20 ./Core/Src/stm32f4xx_hal_msp.o
 .debug_aranges
                0x00000070       0x68 ./Core/Src/stm32f4xx_it.o
 .debug_aranges
                0x000000d8       0x28 ./Core/Src/system_stm32f4xx.o
 .debug_aranges
                0x00000100       0x30 ./Core/Src/tim.o
 .debug_aranges
                0x00000130       0x28 ./Core/Startup/startup_stm32f411retx.o
 .debug_aranges
                0x00000158       0x30 ./Core/ap/ap_main.o
 .debug_aranges
                0x00000188       0x48 ./Core/ap/stopwatch.o
 .debug_aranges
                0x000001d0       0x28 ./Core/ap/timewatch.o
 .debug_aranges
                0x000001f8       0x28 ./Core/driver/Button/Button.o
 .debug_aranges
                0x00000220       0x58 ./Core/driver/FND/FND.o
 .debug_aranges
                0x00000278       0xf0 ./Drivers/STM32F4xx_HAL_Driver/Src/stm32f4xx_hal.o
 .debug_aranges
                0x00000368      0x130 ./Drivers/STM32F4xx_HAL_Driver/Src/stm32f4xx_hal_cortex.o
 .debug_aranges
                0x00000498       0x58 ./Drivers/STM32F4xx_HAL_Driver/Src/stm32f4xx_hal_gpio.o
 .debug_aranges
                0x000004f0       0x88 ./Drivers/STM32F4xx_HAL_Driver/Src/stm32f4xx_hal_rcc.o
 .debug_aranges
                0x00000578      0x3d0 ./Drivers/STM32F4xx_HAL_Driver/Src/stm32f4xx_hal_tim.o
 .debug_aranges
                0x00000948      0x168 ./Drivers/STM32F4xx_HAL_Driver/Src/stm32f4xx_hal_tim_ex.o

.debug_rnglists
                0x00000000      0x81c
 .debug_rnglists
                0x00000000       0x14 ./Core/Src/gpio.o
 .debug_rnglists
                0x00000014       0x20 ./Core/Src/main.o
 .debug_rnglists
                0x00000034       0x13 ./Core/Src/stm32f4xx_hal_msp.o
 .debug_rnglists
                0x00000047       0x49 ./Core/Src/stm32f4xx_it.o
 .debug_rnglists
                0x00000090       0x1a ./Core/Src/system_stm32f4xx.o
 .debug_rnglists
                0x000000aa       0x20 ./Core/Src/tim.o
 .debug_rnglists
                0x000000ca       0x19 ./Core/Startup/startup_stm32f411retx.o
 .debug_rnglists
                0x000000e3       0x1f ./Core/ap/ap_main.o
 .debug_rnglists
                0x00000102       0x35 ./Core/ap/stopwatch.o
 .debug_rnglists
                0x00000137       0x1a ./Core/ap/timewatch.o
 .debug_rnglists
                0x00000151       0x19 ./Core/driver/Button/Button.o
 .debug_rnglists
                0x0000016a       0x3f ./Core/driver/FND/FND.o
 .debug_rnglists
                0x000001a9       0xaf ./Drivers/STM32F4xx_HAL_Driver/Src/stm32f4xx_hal.o
 .debug_rnglists
                0x00000258       0xe0 ./Drivers/STM32F4xx_HAL_Driver/Src/stm32f4xx_hal_cortex.o
 .debug_rnglists
                0x00000338       0x3f ./Drivers/STM32F4xx_HAL_Driver/Src/stm32f4xx_hal_gpio.o
 .debug_rnglists
                0x00000377       0x66 ./Drivers/STM32F4xx_HAL_Driver/Src/stm32f4xx_hal_rcc.o
 .debug_rnglists
                0x000003dd      0x31a ./Drivers/STM32F4xx_HAL_Driver/Src/stm32f4xx_hal_tim.o
 .debug_rnglists
                0x000006f7      0x125 ./Drivers/STM32F4xx_HAL_Driver/Src/stm32f4xx_hal_tim_ex.o

.debug_macro    0x00000000    0x15efb
 .debug_macro   0x00000000      0x1d8 ./Core/Src/gpio.o
 .debug_macro   0x000001d8      0xad8 ./Core/Src/gpio.o
 .debug_macro   0x00000cb0      0x295 ./Core/Src/gpio.o
 .debug_macro   0x00000f45       0x2e ./Core/Src/gpio.o
 .debug_macro   0x00000f73       0x28 ./Core/Src/gpio.o
 .debug_macro   0x00000f9b       0x22 ./Core/Src/gpio.o
 .debug_macro   0x00000fbd       0x8e ./Core/Src/gpio.o
 .debug_macro   0x0000104b       0x51 ./Core/Src/gpio.o
 .debug_macro   0x0000109c      0x103 ./Core/Src/gpio.o
 .debug_macro   0x0000119f       0x6a ./Core/Src/gpio.o
 .debug_macro   0x00001209      0x1df ./Core/Src/gpio.o
 .debug_macro   0x000013e8       0x1c ./Core/Src/gpio.o
 .debug_macro   0x00001404       0x22 ./Core/Src/gpio.o
 .debug_macro   0x00001426       0xfb ./Core/Src/gpio.o
 .debug_macro   0x00001521     0x1011 ./Core/Src/gpio.o
 .debug_macro   0x00002532      0x11f ./Core/Src/gpio.o
 .debug_macro   0x00002651     0xb968 ./Core/Src/gpio.o
 .debug_macro   0x0000dfb9       0x6d ./Core/Src/gpio.o
 .debug_macro   0x0000e026     0x3693 ./Core/Src/gpio.o
 .debug_macro   0x000116b9      0x190 ./Core/Src/gpio.o
 .debug_macro   0x00011849       0x5c ./Core/Src/gpio.o
 .debug_macro   0x000118a5      0x45c ./Core/Src/gpio.o
 .debug_macro   0x00011d01      0x9e9 ./Core/Src/gpio.o
 .debug_macro   0x000126ea      0x115 ./Core/Src/gpio.o
 .debug_macro   0x000127ff      0x11b ./Core/Src/gpio.o
 .debug_macro   0x0001291a       0xa5 ./Core/Src/gpio.o
 .debug_macro   0x000129bf      0x15f ./Core/Src/gpio.o
 .debug_macro   0x00012b1e      0x287 ./Core/Src/gpio.o
 .debug_macro   0x00012da5       0x5f ./Core/Src/gpio.o
 .debug_macro   0x00012e04      0x236 ./Core/Src/gpio.o
 .debug_macro   0x0001303a      0x132 ./Core/Src/gpio.o
 .debug_macro   0x0001316c      0x264 ./Core/Src/gpio.o
 .debug_macro   0x000133d0       0x2e ./Core/Src/gpio.o
 .debug_macro   0x000133fe      0x127 ./Core/Src/gpio.o
 .debug_macro   0x00013525       0x85 ./Core/Src/gpio.o
 .debug_macro   0x000135aa       0x89 ./Core/Src/gpio.o
 .debug_macro   0x00013633      0x8ed ./Core/Src/gpio.o
 .debug_macro   0x00013f20       0x47 ./Core/Src/gpio.o
 .debug_macro   0x00013f67      0x126 ./Core/Src/gpio.o
 .debug_macro   0x0001408d      0x221 ./Core/Src/main.o
 .debug_macro   0x000142ae       0x2e ./Core/Src/main.o
 .debug_macro   0x000142dc      0x1ce ./Core/Src/stm32f4xx_hal_msp.o
 .debug_macro   0x000144aa      0x1d8 ./Core/Src/stm32f4xx_it.o
 .debug_macro   0x00014682      0x1c4 ./Core/Src/system_stm32f4xx.o
 .debug_macro   0x00014846      0x1d8 ./Core/Src/tim.o
 .debug_macro   0x00014a1e      0x213 ./Core/ap/ap_main.o
 .debug_macro   0x00014c31      0x1e1 ./Core/ap/stopwatch.o
 .debug_macro   0x00014e12      0x1e1 ./Core/ap/timewatch.o
 .debug_macro   0x00014ff3      0x1ce ./Core/driver/Button/Button.o
 .debug_macro   0x000151c1      0x217 ./Core/driver/FND/FND.o
 .debug_macro   0x000153d8      0x224 ./Drivers/STM32F4xx_HAL_Driver/Src/stm32f4xx_hal.o
 .debug_macro   0x000155fc      0x1c4 ./Drivers/STM32F4xx_HAL_Driver/Src/stm32f4xx_hal_cortex.o
 .debug_macro   0x000157c0      0x1ca ./Drivers/STM32F4xx_HAL_Driver/Src/stm32f4xx_hal_gpio.o
 .debug_macro   0x0001598a      0x1e8 ./Drivers/STM32F4xx_HAL_Driver/Src/stm32f4xx_hal_rcc.o
 .debug_macro   0x00015b72      0x1c5 ./Drivers/STM32F4xx_HAL_Driver/Src/stm32f4xx_hal_tim.o
 .debug_macro   0x00015d37      0x1c4 ./Drivers/STM32F4xx_HAL_Driver/Src/stm32f4xx_hal_tim_ex.o

.debug_line     0x00000000     0xd922
 .debug_line    0x00000000      0x76e ./Core/Src/gpio.o
 .debug_line    0x0000076e      0x8e5 ./Core/Src/main.o
 .debug_line    0x00001053      0x72e ./Core/Src/stm32f4xx_hal_msp.o
 .debug_line    0x00001781      0x7f5 ./Core/Src/stm32f4xx_it.o
 .debug_line    0x00001f76      0x7a4 ./Core/Src/system_stm32f4xx.o
 .debug_line    0x0000271a      0x7a8 ./Core/Src/tim.o
 .debug_line    0x00002ec2       0x7a ./Core/Startup/startup_stm32f411retx.o
 .debug_line    0x00002f3c      0x88d ./Core/ap/ap_main.o
 .debug_line    0x000037c9      0x8fa ./Core/ap/stopwatch.o
 .debug_line    0x000040c3      0x824 ./Core/ap/timewatch.o
 .debug_line    0x000048e7      0x77f ./Core/driver/Button/Button.o
 .debug_line    0x00005066      0x9c7 ./Core/driver/FND/FND.o
 .debug_line    0x00005a2d      0xa20 ./Drivers/STM32F4xx_HAL_Driver/Src/stm32f4xx_hal.o
 .debug_line    0x0000644d      0xcf0 ./Drivers/STM32F4xx_HAL_Driver/Src/stm32f4xx_hal_cortex.o
 .debug_line    0x0000713d      0xb3c ./Drivers/STM32F4xx_HAL_Driver/Src/stm32f4xx_hal_gpio.o
 .debug_line    0x00007c79      0xe2f ./Drivers/STM32F4xx_HAL_Driver/Src/stm32f4xx_hal_rcc.o
 .debug_line    0x00008aa8     0x355f ./Drivers/STM32F4xx_HAL_Driver/Src/stm32f4xx_hal_tim.o
 .debug_line    0x0000c007     0x191b ./Drivers/STM32F4xx_HAL_Driver/Src/stm32f4xx_hal_tim_ex.o

.debug_str      0x00000000    0x882f8
 .debug_str     0x00000000    0x882f8 ./Core/Src/gpio.o
                              0x853ed (size before relaxing)
 .debug_str     0x000882f8    0x855e5 ./Core/Src/main.o
 .debug_str     0x000882f8    0x85322 ./Core/Src/stm32f4xx_hal_msp.o
 .debug_str     0x000882f8    0x857f4 ./Core/Src/stm32f4xx_it.o
 .debug_str     0x000882f8    0x853d2 ./Core/Src/system_stm32f4xx.o
 .debug_str     0x000882f8    0x85d9f ./Core/Src/tim.o
 .debug_str     0x000882f8       0x72 ./Core/Startup/startup_stm32f411retx.o
 .debug_str     0x000882f8    0x85a0b ./Core/ap/ap_main.o
 .debug_str     0x000882f8    0x85425 ./Core/ap/stopwatch.o
 .debug_str     0x000882f8    0x852f9 ./Core/ap/timewatch.o
 .debug_str     0x000882f8    0x8532a ./Core/driver/Button/Button.o
 .debug_str     0x000882f8    0x854ae ./Core/driver/FND/FND.o
 .debug_str     0x000882f8    0x85dfe ./Drivers/STM32F4xx_HAL_Driver/Src/stm32f4xx_hal.o
 .debug_str     0x000882f8    0x85b68 ./Drivers/STM32F4xx_HAL_Driver/Src/stm32f4xx_hal_cortex.o
 .debug_str     0x000882f8    0x8554d ./Drivers/STM32F4xx_HAL_Driver/Src/stm32f4xx_hal_gpio.o
 .debug_str     0x000882f8    0x85806 ./Drivers/STM32F4xx_HAL_Driver/Src/stm32f4xx_hal_rcc.o
 .debug_str     0x000882f8    0x8674a ./Drivers/STM32F4xx_HAL_Driver/Src/stm32f4xx_hal_tim.o
 .debug_str     0x000882f8    0x85f56 ./Drivers/STM32F4xx_HAL_Driver/Src/stm32f4xx_hal_tim_ex.o

.comment        0x00000000       0x43
 .comment       0x00000000       0x43 ./Core/Src/gpio.o
                                 0x44 (size before relaxing)
 .comment       0x00000043       0x44 ./Core/Src/main.o
 .comment       0x00000043       0x44 ./Core/Src/stm32f4xx_hal_msp.o
 .comment       0x00000043       0x44 ./Core/Src/stm32f4xx_it.o
 .comment       0x00000043       0x44 ./Core/Src/system_stm32f4xx.o
 .comment       0x00000043       0x44 ./Core/Src/tim.o
 .comment       0x00000043       0x44 ./Core/ap/ap_main.o
 .comment       0x00000043       0x44 ./Core/ap/stopwatch.o
 .comment       0x00000043       0x44 ./Core/ap/timewatch.o
 .comment       0x00000043       0x44 ./Core/driver/Button/Button.o
 .comment       0x00000043       0x44 ./Core/driver/FND/FND.o
 .comment       0x00000043       0x44 ./Drivers/STM32F4xx_HAL_Driver/Src/stm32f4xx_hal.o
 .comment       0x00000043       0x44 ./Drivers/STM32F4xx_HAL_Driver/Src/stm32f4xx_hal_cortex.o
 .comment       0x00000043       0x44 ./Drivers/STM32F4xx_HAL_Driver/Src/stm32f4xx_hal_gpio.o
 .comment       0x00000043       0x44 ./Drivers/STM32F4xx_HAL_Driver/Src/stm32f4xx_hal_rcc.o
 .comment       0x00000043       0x44 ./Drivers/STM32F4xx_HAL_Driver/Src/stm32f4xx_hal_tim.o
 .comment       0x00000043       0x44 ./Drivers/STM32F4xx_HAL_Driver/Src/stm32f4xx_hal_tim_ex.o

.debug_frame    0x00000000     0x2a20
 .debug_frame   0x00000000       0x34 ./Core/Src/gpio.o
 .debug_frame   0x00000034       0x68 ./Core/Src/main.o
 .debug_frame   0x0000009c       0x38 ./Core/Src/stm32f4xx_hal_msp.o
 .debug_frame   0x000000d4      0x120 ./Core/Src/stm32f4xx_it.o
 .debug_frame   0x000001f4       0x58 ./Core/Src/system_stm32f4xx.o
 .debug_frame   0x0000024c       0x7c ./Core/Src/tim.o
 .debug_frame   0x000002c8       0x70 ./Core/ap/ap_main.o
 .debug_frame   0x00000338       0xbc ./Core/ap/stopwatch.o
 .debug_frame   0x000003f4       0x4c ./Core/ap/timewatch.o
 .debug_frame   0x00000440       0x5c ./Core/driver/Button/Button.o
 .debug_frame   0x0000049c      0x12c ./Core/driver/FND/FND.o
 .debug_frame   0x000005c8      0x374 ./Drivers/STM32F4xx_HAL_Driver/Src/stm32f4xx_hal.o
 .debug_frame   0x0000093c      0x508 ./Drivers/STM32F4xx_HAL_Driver/Src/stm32f4xx_hal_cortex.o
 .debug_frame   0x00000e44      0x14c ./Drivers/STM32F4xx_HAL_Driver/Src/stm32f4xx_hal_gpio.o
 .debug_frame   0x00000f90      0x1f4 ./Drivers/STM32F4xx_HAL_Driver/Src/stm32f4xx_hal_rcc.o
 .debug_frame   0x00001184     0x11b8 ./Drivers/STM32F4xx_HAL_Driver/Src/stm32f4xx_hal_tim.o
 .debug_frame   0x0000233c      0x638 ./Drivers/STM32F4xx_HAL_Driver/Src/stm32f4xx_hal_tim_ex.o
 .debug_frame   0x00002974       0x20 C:/ST/STM32CubeIDE_1.18.1/STM32CubeIDE/plugins/com.st.stm32cube.ide.mcu.externaltools.gnu-tools-for-stm32.13.3.rel1.win32_1.0.0.202411081344/tools/bin/../lib/gcc/arm-none-eabi/13.3.1/../../../../arm-none-eabi/lib/thumb/v7e-m+fp/hard\libc_nano.a(libc_a-memset.o)
 .debug_frame   0x00002994       0x2c C:/ST/STM32CubeIDE_1.18.1/STM32CubeIDE/plugins/com.st.stm32cube.ide.mcu.externaltools.gnu-tools-for-stm32.13.3.rel1.win32_1.0.0.202411081344/tools/bin/../lib/gcc/arm-none-eabi/13.3.1/../../../../arm-none-eabi/lib/thumb/v7e-m+fp/hard\libc_nano.a(libc_a-init.o)
 .debug_frame   0x000029c0       0x2c C:/ST/STM32CubeIDE_1.18.1/STM32CubeIDE/plugins/com.st.stm32cube.ide.mcu.externaltools.gnu-tools-for-stm32.13.3.rel1.win32_1.0.0.202411081344/tools/bin/../lib/gcc/arm-none-eabi/13.3.1/thumb/v7e-m+fp/hard\libgcc.a(_aeabi_uldivmod.o)
 .debug_frame   0x000029ec       0x34 C:/ST/STM32CubeIDE_1.18.1/STM32CubeIDE/plugins/com.st.stm32cube.ide.mcu.externaltools.gnu-tools-for-stm32.13.3.rel1.win32_1.0.0.202411081344/tools/bin/../lib/gcc/arm-none-eabi/13.3.1/thumb/v7e-m+fp/hard\libgcc.a(_udivmoddi4.o)

.debug_line_str
                0x00000000       0x56
 .debug_line_str
                0x00000000       0x56 ./Core/Startup/startup_stm32f411retx.o
