../Core/ap/src/Presenter.c:23:6:Presenter_Init	4	static
../Core/ap/src/Presenter.c:28:6:Presenter_OutData	16	static
../Core/ap/src/Presenter.c:33:6:Presenter_Excute	8	static
../Core/ap/src/Presenter.c:47:6:Presenter_DispTimeWatch	16	static
../Core/ap/src/Presenter.c:54:6:Presenter_DispStopWatch	16	static
../Core/ap/src/Presenter.c:61:6:Presenter_DispFndTimeWatch	16	static
../Core/ap/src/Presenter.c:74:6:Presenter_DispFndStopWatch	16	static
../Core/ap/src/Presenter.c:93:6:Presenter_DispMonitorTimeWatch	88	static
../Core/ap/src/Presenter.c:100:6:Presenter_DispMonitorStopWatch	88	static
../Core/ap/src/Presenter.c:107:6:Presenter_LCD_TimeWatch	64	static
../Core/ap/src/Presenter.c:114:6:Presenter_LCD_StopWatch	64	static
