../Core/ap/src/Presenter.c:23:6:Presenter_Init	8	static
../Core/ap/src/Presenter.c:29:6:Presenter_OutData	16	static
../Core/ap/src/Presenter.c:34:6:Presenter_Excute	8	static
../Core/ap/src/Presenter.c:46:6:Presenter_DispTimeWatch	16	static
../Core/ap/src/Presenter.c:52:6:Presenter_DispStopWatch	16	static
../Core/ap/src/Presenter.c:58:6:Presenter_DispFndTimeWatch	16	static
../Core/ap/src/Presenter.c:71:6:Presenter_DispFndStopWatch	16	static
../Core/ap/src/Presenter.c:90:6:Presenter_DispMonitorTimeWatch	88	static
../Core/ap/src/Presenter.c:97:6:Presenter_DispMonitorStopWatch	88	static
