12:24:20 **** Build of configuration Debug for project 20250623_Timewatch_Stopwatch111 ****
make -j16 all 
arm-none-eabi-gcc "../Drivers/STM32F4xx_HAL_Driver/Src/stm32f4xx_hal.c" -mcpu=cortex-m4 -std=gnu11 -g3 -DDEBUG -DUSE_HAL_DRIVER -DSTM32F411xE -c -I../Core/Inc -I../Drivers/STM32F4xx_HAL_Driver/Inc -I../Drivers/STM32F4xx_HAL_Driver/Inc/Legacy -I../Drivers/CMSIS/Device/ST/STM32F4xx/Include -I../Drivers/CMSIS/Include -I"D:/STM32/20250623_Timewatch_Stopwatch111/Core/ap" -I"D:/STM32/20250623_Timewatch_Stopwatch111/Core/driver/Button" -I"D:/STM32/20250623_Timewatch_Stopwatch111/Core/driver/FND" -I"D:/STM32/20250623_Timewatch_Stopwatch111/Core/driver/Ledbar" -I"D:/STM32/20250623_Timewatch_Stopwatch111/Core/driver" -O0 -ffunction-sections -fdata-sections -Wall -fstack-usage -fcyclomatic-complexity -MMD -MP -MF"Drivers/STM32F4xx_HAL_Driver/Src/stm32f4xx_hal.d" -MT"Drivers/STM32F4xx_HAL_Driver/Src/stm32f4xx_hal.o" --specs=nano.specs -mfpu=fpv4-sp-d16 -mfloat-abi=hard -mthumb -o "Drivers/STM32F4xx_HAL_Driver/Src/stm32f4xx_hal.o"
arm-none-eabi-gcc "../Drivers/STM32F4xx_HAL_Driver/Src/stm32f4xx_hal_cortex.c" -mcpu=cortex-m4 -std=gnu11 -g3 -DDEBUG -DUSE_HAL_DRIVER -DSTM32F411xE -c -I../Core/Inc -I../Drivers/STM32F4xx_HAL_Driver/Inc -I../Drivers/STM32F4xx_HAL_Driver/Inc/Legacy -I../Drivers/CMSIS/Device/ST/STM32F4xx/Include -I../Drivers/CMSIS/Include -I"D:/STM32/20250623_Timewatch_Stopwatch111/Core/ap" -I"D:/STM32/20250623_Timewatch_Stopwatch111/Core/driver/Button" -I"D:/STM32/20250623_Timewatch_Stopwatch111/Core/driver/FND" -I"D:/STM32/20250623_Timewatch_Stopwatch111/Core/driver/Ledbar" -I"D:/STM32/20250623_Timewatch_Stopwatch111/Core/driver" -O0 -ffunction-sections -fdata-sections -Wall -fstack-usage -fcyclomatic-complexity -MMD -MP -MF"Drivers/STM32F4xx_HAL_Driver/Src/stm32f4xx_hal_cortex.d" -MT"Drivers/STM32F4xx_HAL_Driver/Src/stm32f4xx_hal_cortex.o" --specs=nano.specs -mfpu=fpv4-sp-d16 -mfloat-abi=hard -mthumb -o "Drivers/STM32F4xx_HAL_Driver/Src/stm32f4xx_hal_cortex.o"
arm-none-eabi-gcc "../Drivers/STM32F4xx_HAL_Driver/Src/stm32f4xx_hal_dma.c" -mcpu=cortex-m4 -std=gnu11 -g3 -DDEBUG -DUSE_HAL_DRIVER -DSTM32F411xE -c -I../Core/Inc -I../Drivers/STM32F4xx_HAL_Driver/Inc -I../Drivers/STM32F4xx_HAL_Driver/Inc/Legacy -I../Drivers/CMSIS/Device/ST/STM32F4xx/Include -I../Drivers/CMSIS/Include -I"D:/STM32/20250623_Timewatch_Stopwatch111/Core/ap" -I"D:/STM32/20250623_Timewatch_Stopwatch111/Core/driver/Button" -I"D:/STM32/20250623_Timewatch_Stopwatch111/Core/driver/FND" -I"D:/STM32/20250623_Timewatch_Stopwatch111/Core/driver/Ledbar" -I"D:/STM32/20250623_Timewatch_Stopwatch111/Core/driver" -O0 -ffunction-sections -fdata-sections -Wall -fstack-usage -fcyclomatic-complexity -MMD -MP -MF"Drivers/STM32F4xx_HAL_Driver/Src/stm32f4xx_hal_dma.d" -MT"Drivers/STM32F4xx_HAL_Driver/Src/stm32f4xx_hal_dma.o" --specs=nano.specs -mfpu=fpv4-sp-d16 -mfloat-abi=hard -mthumb -o "Drivers/STM32F4xx_HAL_Driver/Src/stm32f4xx_hal_dma.o"
arm-none-eabi-gcc "../Drivers/STM32F4xx_HAL_Driver/Src/stm32f4xx_hal_dma_ex.c" -mcpu=cortex-m4 -std=gnu11 -g3 -DDEBUG -DUSE_HAL_DRIVER -DSTM32F411xE -c -I../Core/Inc -I../Drivers/STM32F4xx_HAL_Driver/Inc -I../Drivers/STM32F4xx_HAL_Driver/Inc/Legacy -I../Drivers/CMSIS/Device/ST/STM32F4xx/Include -I../Drivers/CMSIS/Include -I"D:/STM32/20250623_Timewatch_Stopwatch111/Core/ap" -I"D:/STM32/20250623_Timewatch_Stopwatch111/Core/driver/Button" -I"D:/STM32/20250623_Timewatch_Stopwatch111/Core/driver/FND" -I"D:/STM32/20250623_Timewatch_Stopwatch111/Core/driver/Ledbar" -I"D:/STM32/20250623_Timewatch_Stopwatch111/Core/driver" -O0 -ffunction-sections -fdata-sections -Wall -fstack-usage -fcyclomatic-complexity -MMD -MP -MF"Drivers/STM32F4xx_HAL_Driver/Src/stm32f4xx_hal_dma_ex.d" -MT"Drivers/STM32F4xx_HAL_Driver/Src/stm32f4xx_hal_dma_ex.o" --specs=nano.specs -mfpu=fpv4-sp-d16 -mfloat-abi=hard -mthumb -o "Drivers/STM32F4xx_HAL_Driver/Src/stm32f4xx_hal_dma_ex.o"
arm-none-eabi-gcc "../Drivers/STM32F4xx_HAL_Driver/Src/stm32f4xx_hal_exti.c" -mcpu=cortex-m4 -std=gnu11 -g3 -DDEBUG -DUSE_HAL_DRIVER -DSTM32F411xE -c -I../Core/Inc -I../Drivers/STM32F4xx_HAL_Driver/Inc -I../Drivers/STM32F4xx_HAL_Driver/Inc/Legacy -I../Drivers/CMSIS/Device/ST/STM32F4xx/Include -I../Drivers/CMSIS/Include -I"D:/STM32/20250623_Timewatch_Stopwatch111/Core/ap" -I"D:/STM32/20250623_Timewatch_Stopwatch111/Core/driver/Button" -I"D:/STM32/20250623_Timewatch_Stopwatch111/Core/driver/FND" -I"D:/STM32/20250623_Timewatch_Stopwatch111/Core/driver/Ledbar" -I"D:/STM32/20250623_Timewatch_Stopwatch111/Core/driver" -O0 -ffunction-sections -fdata-sections -Wall -fstack-usage -fcyclomatic-complexity -MMD -MP -MF"Drivers/STM32F4xx_HAL_Driver/Src/stm32f4xx_hal_exti.d" -MT"Drivers/STM32F4xx_HAL_Driver/Src/stm32f4xx_hal_exti.o" --specs=nano.specs -mfpu=fpv4-sp-d16 -mfloat-abi=hard -mthumb -o "Drivers/STM32F4xx_HAL_Driver/Src/stm32f4xx_hal_exti.o"
arm-none-eabi-gcc "../Drivers/STM32F4xx_HAL_Driver/Src/stm32f4xx_hal_flash.c" -mcpu=cortex-m4 -std=gnu11 -g3 -DDEBUG -DUSE_HAL_DRIVER -DSTM32F411xE -c -I../Core/Inc -I../Drivers/STM32F4xx_HAL_Driver/Inc -I../Drivers/STM32F4xx_HAL_Driver/Inc/Legacy -I../Drivers/CMSIS/Device/ST/STM32F4xx/Include -I../Drivers/CMSIS/Include -I"D:/STM32/20250623_Timewatch_Stopwatch111/Core/ap" -I"D:/STM32/20250623_Timewatch_Stopwatch111/Core/driver/Button" -I"D:/STM32/20250623_Timewatch_Stopwatch111/Core/driver/FND" -I"D:/STM32/20250623_Timewatch_Stopwatch111/Core/driver/Ledbar" -I"D:/STM32/20250623_Timewatch_Stopwatch111/Core/driver" -O0 -ffunction-sections -fdata-sections -Wall -fstack-usage -fcyclomatic-complexity -MMD -MP -MF"Drivers/STM32F4xx_HAL_Driver/Src/stm32f4xx_hal_flash.d" -MT"Drivers/STM32F4xx_HAL_Driver/Src/stm32f4xx_hal_flash.o" --specs=nano.specs -mfpu=fpv4-sp-d16 -mfloat-abi=hard -mthumb -o "Drivers/STM32F4xx_HAL_Driver/Src/stm32f4xx_hal_flash.o"
arm-none-eabi-gcc "../Drivers/STM32F4xx_HAL_Driver/Src/stm32f4xx_hal_flash_ex.c" -mcpu=cortex-m4 -std=gnu11 -g3 -DDEBUG -DUSE_HAL_DRIVER -DSTM32F411xE -c -I../Core/Inc -I../Drivers/STM32F4xx_HAL_Driver/Inc -I../Drivers/STM32F4xx_HAL_Driver/Inc/Legacy -I../Drivers/CMSIS/Device/ST/STM32F4xx/Include -I../Drivers/CMSIS/Include -I"D:/STM32/20250623_Timewatch_Stopwatch111/Core/ap" -I"D:/STM32/20250623_Timewatch_Stopwatch111/Core/driver/Button" -I"D:/STM32/20250623_Timewatch_Stopwatch111/Core/driver/FND" -I"D:/STM32/20250623_Timewatch_Stopwatch111/Core/driver/Ledbar" -I"D:/STM32/20250623_Timewatch_Stopwatch111/Core/driver" -O0 -ffunction-sections -fdata-sections -Wall -fstack-usage -fcyclomatic-complexity -MMD -MP -MF"Drivers/STM32F4xx_HAL_Driver/Src/stm32f4xx_hal_flash_ex.d" -MT"Drivers/STM32F4xx_HAL_Driver/Src/stm32f4xx_hal_flash_ex.o" --specs=nano.specs -mfpu=fpv4-sp-d16 -mfloat-abi=hard -mthumb -o "Drivers/STM32F4xx_HAL_Driver/Src/stm32f4xx_hal_flash_ex.o"
arm-none-eabi-gcc "../Drivers/STM32F4xx_HAL_Driver/Src/stm32f4xx_hal_flash_ramfunc.c" -mcpu=cortex-m4 -std=gnu11 -g3 -DDEBUG -DUSE_HAL_DRIVER -DSTM32F411xE -c -I../Core/Inc -I../Drivers/STM32F4xx_HAL_Driver/Inc -I../Drivers/STM32F4xx_HAL_Driver/Inc/Legacy -I../Drivers/CMSIS/Device/ST/STM32F4xx/Include -I../Drivers/CMSIS/Include -I"D:/STM32/20250623_Timewatch_Stopwatch111/Core/ap" -I"D:/STM32/20250623_Timewatch_Stopwatch111/Core/driver/Button" -I"D:/STM32/20250623_Timewatch_Stopwatch111/Core/driver/FND" -I"D:/STM32/20250623_Timewatch_Stopwatch111/Core/driver/Ledbar" -I"D:/STM32/20250623_Timewatch_Stopwatch111/Core/driver" -O0 -ffunction-sections -fdata-sections -Wall -fstack-usage -fcyclomatic-complexity -MMD -MP -MF"Drivers/STM32F4xx_HAL_Driver/Src/stm32f4xx_hal_flash_ramfunc.d" -MT"Drivers/STM32F4xx_HAL_Driver/Src/stm32f4xx_hal_flash_ramfunc.o" --specs=nano.specs -mfpu=fpv4-sp-d16 -mfloat-abi=hard -mthumb -o "Drivers/STM32F4xx_HAL_Driver/Src/stm32f4xx_hal_flash_ramfunc.o"
arm-none-eabi-gcc "../Drivers/STM32F4xx_HAL_Driver/Src/stm32f4xx_hal_gpio.c" -mcpu=cortex-m4 -std=gnu11 -g3 -DDEBUG -DUSE_HAL_DRIVER -DSTM32F411xE -c -I../Core/Inc -I../Drivers/STM32F4xx_HAL_Driver/Inc -I../Drivers/STM32F4xx_HAL_Driver/Inc/Legacy -I../Drivers/CMSIS/Device/ST/STM32F4xx/Include -I../Drivers/CMSIS/Include -I"D:/STM32/20250623_Timewatch_Stopwatch111/Core/ap" -I"D:/STM32/20250623_Timewatch_Stopwatch111/Core/driver/Button" -I"D:/STM32/20250623_Timewatch_Stopwatch111/Core/driver/FND" -I"D:/STM32/20250623_Timewatch_Stopwatch111/Core/driver/Ledbar" -I"D:/STM32/20250623_Timewatch_Stopwatch111/Core/driver" -O0 -ffunction-sections -fdata-sections -Wall -fstack-usage -fcyclomatic-complexity -MMD -MP -MF"Drivers/STM32F4xx_HAL_Driver/Src/stm32f4xx_hal_gpio.d" -MT"Drivers/STM32F4xx_HAL_Driver/Src/stm32f4xx_hal_gpio.o" --specs=nano.specs -mfpu=fpv4-sp-d16 -mfloat-abi=hard -mthumb -o "Drivers/STM32F4xx_HAL_Driver/Src/stm32f4xx_hal_gpio.o"
arm-none-eabi-gcc "../Drivers/STM32F4xx_HAL_Driver/Src/stm32f4xx_hal_pwr.c" -mcpu=cortex-m4 -std=gnu11 -g3 -DDEBUG -DUSE_HAL_DRIVER -DSTM32F411xE -c -I../Core/Inc -I../Drivers/STM32F4xx_HAL_Driver/Inc -I../Drivers/STM32F4xx_HAL_Driver/Inc/Legacy -I../Drivers/CMSIS/Device/ST/STM32F4xx/Include -I../Drivers/CMSIS/Include -I"D:/STM32/20250623_Timewatch_Stopwatch111/Core/ap" -I"D:/STM32/20250623_Timewatch_Stopwatch111/Core/driver/Button" -I"D:/STM32/20250623_Timewatch_Stopwatch111/Core/driver/FND" -I"D:/STM32/20250623_Timewatch_Stopwatch111/Core/driver/Ledbar" -I"D:/STM32/20250623_Timewatch_Stopwatch111/Core/driver" -O0 -ffunction-sections -fdata-sections -Wall -fstack-usage -fcyclomatic-complexity -MMD -MP -MF"Drivers/STM32F4xx_HAL_Driver/Src/stm32f4xx_hal_pwr.d" -MT"Drivers/STM32F4xx_HAL_Driver/Src/stm32f4xx_hal_pwr.o" --specs=nano.specs -mfpu=fpv4-sp-d16 -mfloat-abi=hard -mthumb -o "Drivers/STM32F4xx_HAL_Driver/Src/stm32f4xx_hal_pwr.o"
arm-none-eabi-gcc "../Drivers/STM32F4xx_HAL_Driver/Src/stm32f4xx_hal_pwr_ex.c" -mcpu=cortex-m4 -std=gnu11 -g3 -DDEBUG -DUSE_HAL_DRIVER -DSTM32F411xE -c -I../Core/Inc -I../Drivers/STM32F4xx_HAL_Driver/Inc -I../Drivers/STM32F4xx_HAL_Driver/Inc/Legacy -I../Drivers/CMSIS/Device/ST/STM32F4xx/Include -I../Drivers/CMSIS/Include -I"D:/STM32/20250623_Timewatch_Stopwatch111/Core/ap" -I"D:/STM32/20250623_Timewatch_Stopwatch111/Core/driver/Button" -I"D:/STM32/20250623_Timewatch_Stopwatch111/Core/driver/FND" -I"D:/STM32/20250623_Timewatch_Stopwatch111/Core/driver/Ledbar" -I"D:/STM32/20250623_Timewatch_Stopwatch111/Core/driver" -O0 -ffunction-sections -fdata-sections -Wall -fstack-usage -fcyclomatic-complexity -MMD -MP -MF"Drivers/STM32F4xx_HAL_Driver/Src/stm32f4xx_hal_pwr_ex.d" -MT"Drivers/STM32F4xx_HAL_Driver/Src/stm32f4xx_hal_pwr_ex.o" --specs=nano.specs -mfpu=fpv4-sp-d16 -mfloat-abi=hard -mthumb -o "Drivers/STM32F4xx_HAL_Driver/Src/stm32f4xx_hal_pwr_ex.o"
arm-none-eabi-gcc "../Drivers/STM32F4xx_HAL_Driver/Src/stm32f4xx_hal_rcc.c" -mcpu=cortex-m4 -std=gnu11 -g3 -DDEBUG -DUSE_HAL_DRIVER -DSTM32F411xE -c -I../Core/Inc -I../Drivers/STM32F4xx_HAL_Driver/Inc -I../Drivers/STM32F4xx_HAL_Driver/Inc/Legacy -I../Drivers/CMSIS/Device/ST/STM32F4xx/Include -I../Drivers/CMSIS/Include -I"D:/STM32/20250623_Timewatch_Stopwatch111/Core/ap" -I"D:/STM32/20250623_Timewatch_Stopwatch111/Core/driver/Button" -I"D:/STM32/20250623_Timewatch_Stopwatch111/Core/driver/FND" -I"D:/STM32/20250623_Timewatch_Stopwatch111/Core/driver/Ledbar" -I"D:/STM32/20250623_Timewatch_Stopwatch111/Core/driver" -O0 -ffunction-sections -fdata-sections -Wall -fstack-usage -fcyclomatic-complexity -MMD -MP -MF"Drivers/STM32F4xx_HAL_Driver/Src/stm32f4xx_hal_rcc.d" -MT"Drivers/STM32F4xx_HAL_Driver/Src/stm32f4xx_hal_rcc.o" --specs=nano.specs -mfpu=fpv4-sp-d16 -mfloat-abi=hard -mthumb -o "Drivers/STM32F4xx_HAL_Driver/Src/stm32f4xx_hal_rcc.o"
arm-none-eabi-gcc "../Drivers/STM32F4xx_HAL_Driver/Src/stm32f4xx_hal_rcc_ex.c" -mcpu=cortex-m4 -std=gnu11 -g3 -DDEBUG -DUSE_HAL_DRIVER -DSTM32F411xE -c -I../Core/Inc -I../Drivers/STM32F4xx_HAL_Driver/Inc -I../Drivers/STM32F4xx_HAL_Driver/Inc/Legacy -I../Drivers/CMSIS/Device/ST/STM32F4xx/Include -I../Drivers/CMSIS/Include -I"D:/STM32/20250623_Timewatch_Stopwatch111/Core/ap" -I"D:/STM32/20250623_Timewatch_Stopwatch111/Core/driver/Button" -I"D:/STM32/20250623_Timewatch_Stopwatch111/Core/driver/FND" -I"D:/STM32/20250623_Timewatch_Stopwatch111/Core/driver/Ledbar" -I"D:/STM32/20250623_Timewatch_Stopwatch111/Core/driver" -O0 -ffunction-sections -fdata-sections -Wall -fstack-usage -fcyclomatic-complexity -MMD -MP -MF"Drivers/STM32F4xx_HAL_Driver/Src/stm32f4xx_hal_rcc_ex.d" -MT"Drivers/STM32F4xx_HAL_Driver/Src/stm32f4xx_hal_rcc_ex.o" --specs=nano.specs -mfpu=fpv4-sp-d16 -mfloat-abi=hard -mthumb -o "Drivers/STM32F4xx_HAL_Driver/Src/stm32f4xx_hal_rcc_ex.o"
arm-none-eabi-gcc "../Drivers/STM32F4xx_HAL_Driver/Src/stm32f4xx_hal_tim.c" -mcpu=cortex-m4 -std=gnu11 -g3 -DDEBUG -DUSE_HAL_DRIVER -DSTM32F411xE -c -I../Core/Inc -I../Drivers/STM32F4xx_HAL_Driver/Inc -I../Drivers/STM32F4xx_HAL_Driver/Inc/Legacy -I../Drivers/CMSIS/Device/ST/STM32F4xx/Include -I../Drivers/CMSIS/Include -I"D:/STM32/20250623_Timewatch_Stopwatch111/Core/ap" -I"D:/STM32/20250623_Timewatch_Stopwatch111/Core/driver/Button" -I"D:/STM32/20250623_Timewatch_Stopwatch111/Core/driver/FND" -I"D:/STM32/20250623_Timewatch_Stopwatch111/Core/driver/Ledbar" -I"D:/STM32/20250623_Timewatch_Stopwatch111/Core/driver" -O0 -ffunction-sections -fdata-sections -Wall -fstack-usage -fcyclomatic-complexity -MMD -MP -MF"Drivers/STM32F4xx_HAL_Driver/Src/stm32f4xx_hal_tim.d" -MT"Drivers/STM32F4xx_HAL_Driver/Src/stm32f4xx_hal_tim.o" --specs=nano.specs -mfpu=fpv4-sp-d16 -mfloat-abi=hard -mthumb -o "Drivers/STM32F4xx_HAL_Driver/Src/stm32f4xx_hal_tim.o"
arm-none-eabi-gcc "../Drivers/STM32F4xx_HAL_Driver/Src/stm32f4xx_hal_tim_ex.c" -mcpu=cortex-m4 -std=gnu11 -g3 -DDEBUG -DUSE_HAL_DRIVER -DSTM32F411xE -c -I../Core/Inc -I../Drivers/STM32F4xx_HAL_Driver/Inc -I../Drivers/STM32F4xx_HAL_Driver/Inc/Legacy -I../Drivers/CMSIS/Device/ST/STM32F4xx/Include -I../Drivers/CMSIS/Include -I"D:/STM32/20250623_Timewatch_Stopwatch111/Core/ap" -I"D:/STM32/20250623_Timewatch_Stopwatch111/Core/driver/Button" -I"D:/STM32/20250623_Timewatch_Stopwatch111/Core/driver/FND" -I"D:/STM32/20250623_Timewatch_Stopwatch111/Core/driver/Ledbar" -I"D:/STM32/20250623_Timewatch_Stopwatch111/Core/driver" -O0 -ffunction-sections -fdata-sections -Wall -fstack-usage -fcyclomatic-complexity -MMD -MP -MF"Drivers/STM32F4xx_HAL_Driver/Src/stm32f4xx_hal_tim_ex.d" -MT"Drivers/STM32F4xx_HAL_Driver/Src/stm32f4xx_hal_tim_ex.o" --specs=nano.specs -mfpu=fpv4-sp-d16 -mfloat-abi=hard -mthumb -o "Drivers/STM32F4xx_HAL_Driver/Src/stm32f4xx_hal_tim_ex.o"
arm-none-eabi-gcc "../Core/driver/Ledbar/sys_clk/sys_clk.c" -mcpu=cortex-m4 -std=gnu11 -g3 -DDEBUG -DUSE_HAL_DRIVER -DSTM32F411xE -c -I../Core/Inc -I../Drivers/STM32F4xx_HAL_Driver/Inc -I../Drivers/STM32F4xx_HAL_Driver/Inc/Legacy -I../Drivers/CMSIS/Device/ST/STM32F4xx/Include -I../Drivers/CMSIS/Include -I"D:/STM32/20250623_Timewatch_Stopwatch111/Core/ap" -I"D:/STM32/20250623_Timewatch_Stopwatch111/Core/driver/Button" -I"D:/STM32/20250623_Timewatch_Stopwatch111/Core/driver/FND" -I"D:/STM32/20250623_Timewatch_Stopwatch111/Core/driver/Ledbar" -I"D:/STM32/20250623_Timewatch_Stopwatch111/Core/driver" -O0 -ffunction-sections -fdata-sections -Wall -fstack-usage -fcyclomatic-complexity -MMD -MP -MF"Core/driver/Ledbar/sys_clk/sys_clk.d" -MT"Core/driver/Ledbar/sys_clk/sys_clk.o" --specs=nano.specs -mfpu=fpv4-sp-d16 -mfloat-abi=hard -mthumb -o "Core/driver/Ledbar/sys_clk/sys_clk.o"
arm-none-eabi-gcc "../Core/driver/Ledbar/ledbar.c" -mcpu=cortex-m4 -std=gnu11 -g3 -DDEBUG -DUSE_HAL_DRIVER -DSTM32F411xE -c -I../Core/Inc -I../Drivers/STM32F4xx_HAL_Driver/Inc -I../Drivers/STM32F4xx_HAL_Driver/Inc/Legacy -I../Drivers/CMSIS/Device/ST/STM32F4xx/Include -I../Drivers/CMSIS/Include -I"D:/STM32/20250623_Timewatch_Stopwatch111/Core/ap" -I"D:/STM32/20250623_Timewatch_Stopwatch111/Core/driver/Button" -I"D:/STM32/20250623_Timewatch_Stopwatch111/Core/driver/FND" -I"D:/STM32/20250623_Timewatch_Stopwatch111/Core/driver/Ledbar" -I"D:/STM32/20250623_Timewatch_Stopwatch111/Core/driver" -O0 -ffunction-sections -fdata-sections -Wall -fstack-usage -fcyclomatic-complexity -MMD -MP -MF"Core/driver/Ledbar/ledbar.d" -MT"Core/driver/Ledbar/ledbar.o" --specs=nano.specs -mfpu=fpv4-sp-d16 -mfloat-abi=hard -mthumb -o "Core/driver/Ledbar/ledbar.o"
arm-none-eabi-gcc "../Core/driver/FND/FND.c" -mcpu=cortex-m4 -std=gnu11 -g3 -DDEBUG -DUSE_HAL_DRIVER -DSTM32F411xE -c -I../Core/Inc -I../Drivers/STM32F4xx_HAL_Driver/Inc -I../Drivers/STM32F4xx_HAL_Driver/Inc/Legacy -I../Drivers/CMSIS/Device/ST/STM32F4xx/Include -I../Drivers/CMSIS/Include -I"D:/STM32/20250623_Timewatch_Stopwatch111/Core/ap" -I"D:/STM32/20250623_Timewatch_Stopwatch111/Core/driver/Button" -I"D:/STM32/20250623_Timewatch_Stopwatch111/Core/driver/FND" -I"D:/STM32/20250623_Timewatch_Stopwatch111/Core/driver/Ledbar" -I"D:/STM32/20250623_Timewatch_Stopwatch111/Core/driver" -O0 -ffunction-sections -fdata-sections -Wall -fstack-usage -fcyclomatic-complexity -MMD -MP -MF"Core/driver/FND/FND.d" -MT"Core/driver/FND/FND.o" --specs=nano.specs -mfpu=fpv4-sp-d16 -mfloat-abi=hard -mthumb -o "Core/driver/FND/FND.o"
arm-none-eabi-gcc "../Core/driver/Button/Button.c" -mcpu=cortex-m4 -std=gnu11 -g3 -DDEBUG -DUSE_HAL_DRIVER -DSTM32F411xE -c -I../Core/Inc -I../Drivers/STM32F4xx_HAL_Driver/Inc -I../Drivers/STM32F4xx_HAL_Driver/Inc/Legacy -I../Drivers/CMSIS/Device/ST/STM32F4xx/Include -I../Drivers/CMSIS/Include -I"D:/STM32/20250623_Timewatch_Stopwatch111/Core/ap" -I"D:/STM32/20250623_Timewatch_Stopwatch111/Core/driver/Button" -I"D:/STM32/20250623_Timewatch_Stopwatch111/Core/driver/FND" -I"D:/STM32/20250623_Timewatch_Stopwatch111/Core/driver/Ledbar" -I"D:/STM32/20250623_Timewatch_Stopwatch111/Core/driver" -O0 -ffunction-sections -fdata-sections -Wall -fstack-usage -fcyclomatic-complexity -MMD -MP -MF"Core/driver/Button/Button.d" -MT"Core/driver/Button/Button.o" --specs=nano.specs -mfpu=fpv4-sp-d16 -mfloat-abi=hard -mthumb -o "Core/driver/Button/Button.o"
arm-none-eabi-gcc "../Core/ap/ap_main.c" -mcpu=cortex-m4 -std=gnu11 -g3 -DDEBUG -DUSE_HAL_DRIVER -DSTM32F411xE -c -I../Core/Inc -I../Drivers/STM32F4xx_HAL_Driver/Inc -I../Drivers/STM32F4xx_HAL_Driver/Inc/Legacy -I../Drivers/CMSIS/Device/ST/STM32F4xx/Include -I../Drivers/CMSIS/Include -I"D:/STM32/20250623_Timewatch_Stopwatch111/Core/ap" -I"D:/STM32/20250623_Timewatch_Stopwatch111/Core/driver/Button" -I"D:/STM32/20250623_Timewatch_Stopwatch111/Core/driver/FND" -I"D:/STM32/20250623_Timewatch_Stopwatch111/Core/driver/Ledbar" -I"D:/STM32/20250623_Timewatch_Stopwatch111/Core/driver" -O0 -ffunction-sections -fdata-sections -Wall -fstack-usage -fcyclomatic-complexity -MMD -MP -MF"Core/ap/ap_main.d" -MT"Core/ap/ap_main.o" --specs=nano.specs -mfpu=fpv4-sp-d16 -mfloat-abi=hard -mthumb -o "Core/ap/ap_main.o"
arm-none-eabi-gcc -mcpu=cortex-m4 -g3 -DDEBUG -c -I"D:/STM32/20250623_Timewatch_Stopwatch111/Core/ap" -I"D:/STM32/20250623_Timewatch_Stopwatch111/Core/driver/Button" -I"D:/STM32/20250623_Timewatch_Stopwatch111/Core/driver/FND" -I"D:/STM32/20250623_Timewatch_Stopwatch111/Core/driver/Ledbar" -I"D:/STM32/20250623_Timewatch_Stopwatch111/Core/driver" -x assembler-with-cpp -MMD -MP -MF"Core/Startup/startup_stm32f411retx.d" -MT"Core/Startup/startup_stm32f411retx.o" --specs=nano.specs -mfpu=fpv4-sp-d16 -mfloat-abi=hard -mthumb -o "Core/Startup/startup_stm32f411retx.o" "../Core/Startup/startup_stm32f411retx.s"
arm-none-eabi-gcc "../Core/Src/gpio.c" -mcpu=cortex-m4 -std=gnu11 -g3 -DDEBUG -DUSE_HAL_DRIVER -DSTM32F411xE -c -I../Core/Inc -I../Drivers/STM32F4xx_HAL_Driver/Inc -I../Drivers/STM32F4xx_HAL_Driver/Inc/Legacy -I../Drivers/CMSIS/Device/ST/STM32F4xx/Include -I../Drivers/CMSIS/Include -I"D:/STM32/20250623_Timewatch_Stopwatch111/Core/ap" -I"D:/STM32/20250623_Timewatch_Stopwatch111/Core/driver/Button" -I"D:/STM32/20250623_Timewatch_Stopwatch111/Core/driver/FND" -I"D:/STM32/20250623_Timewatch_Stopwatch111/Core/driver/Ledbar" -I"D:/STM32/20250623_Timewatch_Stopwatch111/Core/driver" -O0 -ffunction-sections -fdata-sections -Wall -fstack-usage -fcyclomatic-complexity -MMD -MP -MF"Core/Src/gpio.d" -MT"Core/Src/gpio.o" --specs=nano.specs -mfpu=fpv4-sp-d16 -mfloat-abi=hard -mthumb -o "Core/Src/gpio.o"
arm-none-eabi-gcc "../Core/Src/main.c" -mcpu=cortex-m4 -std=gnu11 -g3 -DDEBUG -DUSE_HAL_DRIVER -DSTM32F411xE -c -I../Core/Inc -I../Drivers/STM32F4xx_HAL_Driver/Inc -I../Drivers/STM32F4xx_HAL_Driver/Inc/Legacy -I../Drivers/CMSIS/Device/ST/STM32F4xx/Include -I../Drivers/CMSIS/Include -I"D:/STM32/20250623_Timewatch_Stopwatch111/Core/ap" -I"D:/STM32/20250623_Timewatch_Stopwatch111/Core/driver/Button" -I"D:/STM32/20250623_Timewatch_Stopwatch111/Core/driver/FND" -I"D:/STM32/20250623_Timewatch_Stopwatch111/Core/driver/Ledbar" -I"D:/STM32/20250623_Timewatch_Stopwatch111/Core/driver" -O0 -ffunction-sections -fdata-sections -Wall -fstack-usage -fcyclomatic-complexity -MMD -MP -MF"Core/Src/main.d" -MT"Core/Src/main.o" --specs=nano.specs -mfpu=fpv4-sp-d16 -mfloat-abi=hard -mthumb -o "Core/Src/main.o"
arm-none-eabi-gcc "../Core/Src/stm32f4xx_hal_msp.c" -mcpu=cortex-m4 -std=gnu11 -g3 -DDEBUG -DUSE_HAL_DRIVER -DSTM32F411xE -c -I../Core/Inc -I../Drivers/STM32F4xx_HAL_Driver/Inc -I../Drivers/STM32F4xx_HAL_Driver/Inc/Legacy -I../Drivers/CMSIS/Device/ST/STM32F4xx/Include -I../Drivers/CMSIS/Include -I"D:/STM32/20250623_Timewatch_Stopwatch111/Core/ap" -I"D:/STM32/20250623_Timewatch_Stopwatch111/Core/driver/Button" -I"D:/STM32/20250623_Timewatch_Stopwatch111/Core/driver/FND" -I"D:/STM32/20250623_Timewatch_Stopwatch111/Core/driver/Ledbar" -I"D:/STM32/20250623_Timewatch_Stopwatch111/Core/driver" -O0 -ffunction-sections -fdata-sections -Wall -fstack-usage -fcyclomatic-complexity -MMD -MP -MF"Core/Src/stm32f4xx_hal_msp.d" -MT"Core/Src/stm32f4xx_hal_msp.o" --specs=nano.specs -mfpu=fpv4-sp-d16 -mfloat-abi=hard -mthumb -o "Core/Src/stm32f4xx_hal_msp.o"
arm-none-eabi-gcc "../Core/Src/stm32f4xx_it.c" -mcpu=cortex-m4 -std=gnu11 -g3 -DDEBUG -DUSE_HAL_DRIVER -DSTM32F411xE -c -I../Core/Inc -I../Drivers/STM32F4xx_HAL_Driver/Inc -I../Drivers/STM32F4xx_HAL_Driver/Inc/Legacy -I../Drivers/CMSIS/Device/ST/STM32F4xx/Include -I../Drivers/CMSIS/Include -I"D:/STM32/20250623_Timewatch_Stopwatch111/Core/ap" -I"D:/STM32/20250623_Timewatch_Stopwatch111/Core/driver/Button" -I"D:/STM32/20250623_Timewatch_Stopwatch111/Core/driver/FND" -I"D:/STM32/20250623_Timewatch_Stopwatch111/Core/driver/Ledbar" -I"D:/STM32/20250623_Timewatch_Stopwatch111/Core/driver" -O0 -ffunction-sections -fdata-sections -Wall -fstack-usage -fcyclomatic-complexity -MMD -MP -MF"Core/Src/stm32f4xx_it.d" -MT"Core/Src/stm32f4xx_it.o" --specs=nano.specs -mfpu=fpv4-sp-d16 -mfloat-abi=hard -mthumb -o "Core/Src/stm32f4xx_it.o"
arm-none-eabi-gcc "../Core/Src/syscalls.c" -mcpu=cortex-m4 -std=gnu11 -g3 -DDEBUG -DUSE_HAL_DRIVER -DSTM32F411xE -c -I../Core/Inc -I../Drivers/STM32F4xx_HAL_Driver/Inc -I../Drivers/STM32F4xx_HAL_Driver/Inc/Legacy -I../Drivers/CMSIS/Device/ST/STM32F4xx/Include -I../Drivers/CMSIS/Include -I"D:/STM32/20250623_Timewatch_Stopwatch111/Core/ap" -I"D:/STM32/20250623_Timewatch_Stopwatch111/Core/driver/Button" -I"D:/STM32/20250623_Timewatch_Stopwatch111/Core/driver/FND" -I"D:/STM32/20250623_Timewatch_Stopwatch111/Core/driver/Ledbar" -I"D:/STM32/20250623_Timewatch_Stopwatch111/Core/driver" -O0 -ffunction-sections -fdata-sections -Wall -fstack-usage -fcyclomatic-complexity -MMD -MP -MF"Core/Src/syscalls.d" -MT"Core/Src/syscalls.o" --specs=nano.specs -mfpu=fpv4-sp-d16 -mfloat-abi=hard -mthumb -o "Core/Src/syscalls.o"
arm-none-eabi-gcc "../Core/Src/sysmem.c" -mcpu=cortex-m4 -std=gnu11 -g3 -DDEBUG -DUSE_HAL_DRIVER -DSTM32F411xE -c -I../Core/Inc -I../Drivers/STM32F4xx_HAL_Driver/Inc -I../Drivers/STM32F4xx_HAL_Driver/Inc/Legacy -I../Drivers/CMSIS/Device/ST/STM32F4xx/Include -I../Drivers/CMSIS/Include -I"D:/STM32/20250623_Timewatch_Stopwatch111/Core/ap" -I"D:/STM32/20250623_Timewatch_Stopwatch111/Core/driver/Button" -I"D:/STM32/20250623_Timewatch_Stopwatch111/Core/driver/FND" -I"D:/STM32/20250623_Timewatch_Stopwatch111/Core/driver/Ledbar" -I"D:/STM32/20250623_Timewatch_Stopwatch111/Core/driver" -O0 -ffunction-sections -fdata-sections -Wall -fstack-usage -fcyclomatic-complexity -MMD -MP -MF"Core/Src/sysmem.d" -MT"Core/Src/sysmem.o" --specs=nano.specs -mfpu=fpv4-sp-d16 -mfloat-abi=hard -mthumb -o "Core/Src/sysmem.o"
arm-none-eabi-gcc "../Core/Src/system_stm32f4xx.c" -mcpu=cortex-m4 -std=gnu11 -g3 -DDEBUG -DUSE_HAL_DRIVER -DSTM32F411xE -c -I../Core/Inc -I../Drivers/STM32F4xx_HAL_Driver/Inc -I../Drivers/STM32F4xx_HAL_Driver/Inc/Legacy -I../Drivers/CMSIS/Device/ST/STM32F4xx/Include -I../Drivers/CMSIS/Include -I"D:/STM32/20250623_Timewatch_Stopwatch111/Core/ap" -I"D:/STM32/20250623_Timewatch_Stopwatch111/Core/driver/Button" -I"D:/STM32/20250623_Timewatch_Stopwatch111/Core/driver/FND" -I"D:/STM32/20250623_Timewatch_Stopwatch111/Core/driver/Ledbar" -I"D:/STM32/20250623_Timewatch_Stopwatch111/Core/driver" -O0 -ffunction-sections -fdata-sections -Wall -fstack-usage -fcyclomatic-complexity -MMD -MP -MF"Core/Src/system_stm32f4xx.d" -MT"Core/Src/system_stm32f4xx.o" --specs=nano.specs -mfpu=fpv4-sp-d16 -mfloat-abi=hard -mthumb -o "Core/Src/system_stm32f4xx.o"
arm-none-eabi-gcc "../Core/Src/tim.c" -mcpu=cortex-m4 -std=gnu11 -g3 -DDEBUG -DUSE_HAL_DRIVER -DSTM32F411xE -c -I../Core/Inc -I../Drivers/STM32F4xx_HAL_Driver/Inc -I../Drivers/STM32F4xx_HAL_Driver/Inc/Legacy -I../Drivers/CMSIS/Device/ST/STM32F4xx/Include -I../Drivers/CMSIS/Include -I"D:/STM32/20250623_Timewatch_Stopwatch111/Core/ap" -I"D:/STM32/20250623_Timewatch_Stopwatch111/Core/driver/Button" -I"D:/STM32/20250623_Timewatch_Stopwatch111/Core/driver/FND" -I"D:/STM32/20250623_Timewatch_Stopwatch111/Core/driver/Ledbar" -I"D:/STM32/20250623_Timewatch_Stopwatch111/Core/driver" -O0 -ffunction-sections -fdata-sections -Wall -fstack-usage -fcyclomatic-complexity -MMD -MP -MF"Core/Src/tim.d" -MT"Core/Src/tim.o" --specs=nano.specs -mfpu=fpv4-sp-d16 -mfloat-abi=hard -mthumb -o "Core/Src/tim.o"
../Core/driver/FND/FND.c: In function 'FND_Display_Data':
../Core/driver/FND/FND.c:70:13: warning: implicit declaration of function 'FND_DispOff_ALL' [-Wimplicit-function-declaration]
   70 |             FND_DispOff_ALL();
      |             ^~~~~~~~~~~~~~~
../Core/driver/FND/FND.c:72:20: warning: implicit declaration of function 'FND_DispDigitWithDot' [-Wimplicit-function-declaration]
   72 |             mode ? FND_DispDigitWithDot(fndDisNum%10,0) : FND_DispDigitWithDot(fndDisNum%10,0) ;
      |                    ^~~~~~~~~~~~~~~~~~~~
../Core/driver/FND/FND.c:73:13: warning: implicit declaration of function 'FND_DispOn' [-Wimplicit-function-declaration]
   73 |             FND_DispOn(digitPos);
      |             ^~~~~~~~~~
../Core/driver/FND/FND.c: At top level:
../Core/driver/FND/FND.c:103:6: warning: conflicting types for 'FND_DispOff_ALL'; have 'void()'
  103 | void FND_DispOff_ALL(){
      |      ^~~~~~~~~~~~~~~
../Core/driver/FND/FND.c:70:13: note: previous implicit declaration of 'FND_DispOff_ALL' with type 'void()'
   70 |             FND_DispOff_ALL();
      |             ^~~~~~~~~~~~~~~
../Core/driver/FND/FND.c:121:6: warning: conflicting types for 'FND_DispOn'; have 'void(int)'
  121 | void FND_DispOn(int fndPos){
      |      ^~~~~~~~~~
../Core/driver/FND/FND.c:73:13: note: previous implicit declaration of 'FND_DispOn' with type 'void(int)'
   73 |             FND_DispOn(digitPos);
      |             ^~~~~~~~~~
../Core/driver/FND/FND.c:128:6: warning: conflicting types for 'FND_DispDigitWithDot'; have 'void(uint16_t,  uint8_t)' {aka 'void(short unsigned int,  unsigned char)'}
  128 | void FND_DispDigitWithDot(uint16_t digit, uint8_t dot)
      |      ^~~~~~~~~~~~~~~~~~~~
../Core/driver/FND/FND.c:72:20: note: previous implicit declaration of 'FND_DispDigitWithDot' with type 'void(uint16_t,  uint8_t)' {aka 'void(short unsigned int,  unsigned char)'}
   72 |             mode ? FND_DispDigitWithDot(fndDisNum%10,0) : FND_DispDigitWithDot(fndDisNum%10,0) ;
      |                    ^~~~~~~~~~~~~~~~~~~~
arm-none-eabi-gcc -o "20250623_Timewatch_Stopwatch111.elf" @"objects.list"   -mcpu=cortex-m4 -T"D:\STM32\20250623_Timewatch_Stopwatch111\STM32F411RETX_FLASH.ld" --specs=nosys.specs -Wl,-Map="20250623_Timewatch_Stopwatch111.map" -Wl,--gc-sections -static --specs=nano.specs -mfpu=fpv4-sp-d16 -mfloat-abi=hard -mthumb -Wl,--start-group -lc -lm -Wl,--end-group
Finished building target: 20250623_Timewatch_Stopwatch111.elf
 
arm-none-eabi-size  20250623_Timewatch_Stopwatch111.elf 
arm-none-eabi-objdump -h -S 20250623_Timewatch_Stopwatch111.elf  > "20250623_Timewatch_Stopwatch111.list"
   text	   data	    bss	    dec	    hex	filename
   9616	    108	   1692	  11416	   2c98	20250623_Timewatch_Stopwatch111.elf
Finished building: default.size.stdout
 
Finished building: 20250623_Timewatch_Stopwatch111.list
 

12:24:21 Build Finished. 0 errors, 6 warnings. (took 1s.245ms)

