13:08:33 **** Incremental Build of configuration Debug for project 250624_TimeWatch_StopWatch_in_Proc_out_Struc ****
make -j16 all 
arm-none-eabi-gcc "../Core/driver/FND/FND.c" -mcpu=cortex-m4 -std=gnu11 -g3 -DDEBUG -DUSE_HAL_DRIVER -DSTM32F411xE -c -I../Core/Inc -I../Drivers/STM32F4xx_HAL_Driver/Inc -I../Drivers/STM32F4xx_HAL_Driver/Inc/Legacy -I../Drivers/CMSIS/Device/ST/STM32F4xx/Include -I../Drivers/CMSIS/Include -I"D:/STM32/250624_TimeWatch_StopWatch_in_Proc_out_Struc/Core/ap" -I"D:/STM32/250624_TimeWatch_StopWatch_in_Proc_out_Struc/Core/driver" -I"D:/STM32/250624_TimeWatch_StopWatch_in_Proc_out_Struc/Core/driver/Button" -I"D:/STM32/250624_TimeWatch_StopWatch_in_Proc_out_Struc/Core/driver/FND" -I"D:/STM32/250624_TimeWatch_StopWatch_in_Proc_out_Struc/Core/driver/LedBar" -I"D:/STM32/250624_TimeWatch_StopWatch_in_Proc_out_Struc/Core/ap/src" -I"D:/STM32/250624_TimeWatch_StopWatch_in_Proc_out_Struc/Core/ap/Inc" -O0 -ffunction-sections -fdata-sections -Wall -fstack-usage -fcyclomatic-complexity -MMD -MP -MF"Core/driver/FND/FND.d" -MT"Core/driver/FND/FND.o" --specs=nano.specs -mfpu=fpv4-sp-d16 -mfloat-abi=hard -mthumb -o "Core/driver/FND/FND.o"
arm-none-eabi-gcc "../Core/ap/src/Listener.c" -mcpu=cortex-m4 -std=gnu11 -g3 -DDEBUG -DUSE_HAL_DRIVER -DSTM32F411xE -c -I../Core/Inc -I../Drivers/STM32F4xx_HAL_Driver/Inc -I../Drivers/STM32F4xx_HAL_Driver/Inc/Legacy -I../Drivers/CMSIS/Device/ST/STM32F4xx/Include -I../Drivers/CMSIS/Include -I"D:/STM32/250624_TimeWatch_StopWatch_in_Proc_out_Struc/Core/ap" -I"D:/STM32/250624_TimeWatch_StopWatch_in_Proc_out_Struc/Core/driver" -I"D:/STM32/250624_TimeWatch_StopWatch_in_Proc_out_Struc/Core/driver/Button" -I"D:/STM32/250624_TimeWatch_StopWatch_in_Proc_out_Struc/Core/driver/FND" -I"D:/STM32/250624_TimeWatch_StopWatch_in_Proc_out_Struc/Core/driver/LedBar" -I"D:/STM32/250624_TimeWatch_StopWatch_in_Proc_out_Struc/Core/ap/src" -I"D:/STM32/250624_TimeWatch_StopWatch_in_Proc_out_Struc/Core/ap/Inc" -O0 -ffunction-sections -fdata-sections -Wall -fstack-usage -fcyclomatic-complexity -MMD -MP -MF"Core/ap/src/Listener.d" -MT"Core/ap/src/Listener.o" --specs=nano.specs -mfpu=fpv4-sp-d16 -mfloat-abi=hard -mthumb -o "Core/ap/src/Listener.o"
arm-none-eabi-gcc "../Core/ap/src/ap_main.c" -mcpu=cortex-m4 -std=gnu11 -g3 -DDEBUG -DUSE_HAL_DRIVER -DSTM32F411xE -c -I../Core/Inc -I../Drivers/STM32F4xx_HAL_Driver/Inc -I../Drivers/STM32F4xx_HAL_Driver/Inc/Legacy -I../Drivers/CMSIS/Device/ST/STM32F4xx/Include -I../Drivers/CMSIS/Include -I"D:/STM32/250624_TimeWatch_StopWatch_in_Proc_out_Struc/Core/ap" -I"D:/STM32/250624_TimeWatch_StopWatch_in_Proc_out_Struc/Core/driver" -I"D:/STM32/250624_TimeWatch_StopWatch_in_Proc_out_Struc/Core/driver/Button" -I"D:/STM32/250624_TimeWatch_StopWatch_in_Proc_out_Struc/Core/driver/FND" -I"D:/STM32/250624_TimeWatch_StopWatch_in_Proc_out_Struc/Core/driver/LedBar" -I"D:/STM32/250624_TimeWatch_StopWatch_in_Proc_out_Struc/Core/ap/src" -I"D:/STM32/250624_TimeWatch_StopWatch_in_Proc_out_Struc/Core/ap/Inc" -O0 -ffunction-sections -fdata-sections -Wall -fstack-usage -fcyclomatic-complexity -MMD -MP -MF"Core/ap/src/ap_main.d" -MT"Core/ap/src/ap_main.o" --specs=nano.specs -mfpu=fpv4-sp-d16 -mfloat-abi=hard -mthumb -o "Core/ap/src/ap_main.o"
arm-none-eabi-gcc "../Core/ap/src/stopwatch.c" -mcpu=cortex-m4 -std=gnu11 -g3 -DDEBUG -DUSE_HAL_DRIVER -DSTM32F411xE -c -I../Core/Inc -I../Drivers/STM32F4xx_HAL_Driver/Inc -I../Drivers/STM32F4xx_HAL_Driver/Inc/Legacy -I../Drivers/CMSIS/Device/ST/STM32F4xx/Include -I../Drivers/CMSIS/Include -I"D:/STM32/250624_TimeWatch_StopWatch_in_Proc_out_Struc/Core/ap" -I"D:/STM32/250624_TimeWatch_StopWatch_in_Proc_out_Struc/Core/driver" -I"D:/STM32/250624_TimeWatch_StopWatch_in_Proc_out_Struc/Core/driver/Button" -I"D:/STM32/250624_TimeWatch_StopWatch_in_Proc_out_Struc/Core/driver/FND" -I"D:/STM32/250624_TimeWatch_StopWatch_in_Proc_out_Struc/Core/driver/LedBar" -I"D:/STM32/250624_TimeWatch_StopWatch_in_Proc_out_Struc/Core/ap/src" -I"D:/STM32/250624_TimeWatch_StopWatch_in_Proc_out_Struc/Core/ap/Inc" -O0 -ffunction-sections -fdata-sections -Wall -fstack-usage -fcyclomatic-complexity -MMD -MP -MF"Core/ap/src/stopwatch.d" -MT"Core/ap/src/stopwatch.o" --specs=nano.specs -mfpu=fpv4-sp-d16 -mfloat-abi=hard -mthumb -o "Core/ap/src/stopwatch.o"
arm-none-eabi-gcc "../Core/Src/main.c" -mcpu=cortex-m4 -std=gnu11 -g3 -DDEBUG -DUSE_HAL_DRIVER -DSTM32F411xE -c -I../Core/Inc -I../Drivers/STM32F4xx_HAL_Driver/Inc -I../Drivers/STM32F4xx_HAL_Driver/Inc/Legacy -I../Drivers/CMSIS/Device/ST/STM32F4xx/Include -I../Drivers/CMSIS/Include -I"D:/STM32/250624_TimeWatch_StopWatch_in_Proc_out_Struc/Core/ap" -I"D:/STM32/250624_TimeWatch_StopWatch_in_Proc_out_Struc/Core/driver" -I"D:/STM32/250624_TimeWatch_StopWatch_in_Proc_out_Struc/Core/driver/Button" -I"D:/STM32/250624_TimeWatch_StopWatch_in_Proc_out_Struc/Core/driver/FND" -I"D:/STM32/250624_TimeWatch_StopWatch_in_Proc_out_Struc/Core/driver/LedBar" -I"D:/STM32/250624_TimeWatch_StopWatch_in_Proc_out_Struc/Core/ap/src" -I"D:/STM32/250624_TimeWatch_StopWatch_in_Proc_out_Struc/Core/ap/Inc" -O0 -ffunction-sections -fdata-sections -Wall -fstack-usage -fcyclomatic-complexity -MMD -MP -MF"Core/Src/main.d" -MT"Core/Src/main.o" --specs=nano.specs -mfpu=fpv4-sp-d16 -mfloat-abi=hard -mthumb -o "Core/Src/main.o"
../Core/ap/src/ap_main.c: In function 'ap_main':
../Core/ap/src/ap_main.c:22:17: warning: implicit declaration of function 'Controller_Excute' [-Wimplicit-function-declaration]
   22 |                 Controller_Excute();
      |                 ^~~~~~~~~~~~~~~~~
arm-none-eabi-gcc -o "250624_TimeWatch_StopWatch_in_Proc_out_Struc.elf" @"objects.list"   -mcpu=cortex-m4 -T"D:\STM32\250624_TimeWatch_StopWatch_in_Proc_out_Struc\STM32F411RETX_FLASH.ld" --specs=nosys.specs -Wl,-Map="250624_TimeWatch_StopWatch_in_Proc_out_Struc.map" -Wl,--gc-sections -static --specs=nano.specs -mfpu=fpv4-sp-d16 -mfloat-abi=hard -mthumb -Wl,--start-group -lc -lm -Wl,--end-group
Finished building target: 250624_TimeWatch_StopWatch_in_Proc_out_Struc.elf
 
arm-none-eabi-size  250624_TimeWatch_StopWatch_in_Proc_out_Struc.elf 
arm-none-eabi-objdump -h -S 250624_TimeWatch_StopWatch_in_Proc_out_Struc.elf  > "250624_TimeWatch_StopWatch_in_Proc_out_Struc.list"
   text	   data	    bss	    dec	    hex	filename
  16576	    212	   2100	  18888	   49c8	250624_TimeWatch_StopWatch_in_Proc_out_Struc.elf
Finished building: default.size.stdout
 
Finished building: 250624_TimeWatch_StopWatch_in_Proc_out_Struc.list
 

13:08:34 Build Finished. 0 errors, 1 warnings. (took 1s.294ms)

