14:44:49 **** Build of configuration Debug for project 250626_Treadmill6 ****
make -j16 all 
arm-none-eabi-gcc "../Drivers/STM32F4xx_HAL_Driver/Src/stm32f4xx_hal.c" -mcpu=cortex-m4 -std=gnu11 -g3 -DDEBUG -DUSE_HAL_DRIVER -DSTM32F411xE -c -I../Core/Inc -I../Drivers/STM32F4xx_HAL_Driver/Inc -I../Drivers/STM32F4xx_HAL_Driver/Inc/Legacy -I../Drivers/CMSIS/Device/ST/STM32F4xx/Include -I../Drivers/CMSIS/Include -I"D:/STM32/250626_Treadmill6/Core/ap" -I"D:/STM32/250626_Treadmill6/Core/driver" -I"D:/STM32/250626_Treadmill6/Core/driver/Button" -I"D:/STM32/250626_Treadmill6/Core/driver/FND" -I"D:/STM32/250626_Treadmill6/Core/driver/LedBar" -I"D:/STM32/250626_Treadmill6/Core/ap/src" -I"D:/STM32/250626_Treadmill6/Core/driver/LCD" -I"D:/STM32/250626_Treadmill6/Core/Src" -I"D:/STM32/250626_Treadmill6/Core/Startup" -I"D:/STM32/250626_Treadmill6/Core/ap/inc" -I"D:/STM32/250626_Treadmill6/Core/driver/Buzzer" -I"D:/STM32/250626_Treadmill6/Core/driver/DC_Motor" -I"D:/STM32/250626_Treadmill6/Core/driver/UltraSonic" -I"D:/STM32/250626_Treadmill6/Core/driver/DHT11" -O0 -ffunction-sections -fdata-sections -Wall -fstack-usage -fcyclomatic-complexity -MMD -MP -MF"Drivers/STM32F4xx_HAL_Driver/Src/stm32f4xx_hal.d" -MT"Drivers/STM32F4xx_HAL_Driver/Src/stm32f4xx_hal.o" --specs=nano.specs -mfpu=fpv4-sp-d16 -mfloat-abi=hard -mthumb -o "Drivers/STM32F4xx_HAL_Driver/Src/stm32f4xx_hal.o"
arm-none-eabi-gcc "../Drivers/STM32F4xx_HAL_Driver/Src/stm32f4xx_hal_cortex.c" -mcpu=cortex-m4 -std=gnu11 -g3 -DDEBUG -DUSE_HAL_DRIVER -DSTM32F411xE -c -I../Core/Inc -I../Drivers/STM32F4xx_HAL_Driver/Inc -I../Drivers/STM32F4xx_HAL_Driver/Inc/Legacy -I../Drivers/CMSIS/Device/ST/STM32F4xx/Include -I../Drivers/CMSIS/Include -I"D:/STM32/250626_Treadmill6/Core/ap" -I"D:/STM32/250626_Treadmill6/Core/driver" -I"D:/STM32/250626_Treadmill6/Core/driver/Button" -I"D:/STM32/250626_Treadmill6/Core/driver/FND" -I"D:/STM32/250626_Treadmill6/Core/driver/LedBar" -I"D:/STM32/250626_Treadmill6/Core/ap/src" -I"D:/STM32/250626_Treadmill6/Core/driver/LCD" -I"D:/STM32/250626_Treadmill6/Core/Src" -I"D:/STM32/250626_Treadmill6/Core/Startup" -I"D:/STM32/250626_Treadmill6/Core/ap/inc" -I"D:/STM32/250626_Treadmill6/Core/driver/Buzzer" -I"D:/STM32/250626_Treadmill6/Core/driver/DC_Motor" -I"D:/STM32/250626_Treadmill6/Core/driver/UltraSonic" -I"D:/STM32/250626_Treadmill6/Core/driver/DHT11" -O0 -ffunction-sections -fdata-sections -Wall -fstack-usage -fcyclomatic-complexity -MMD -MP -MF"Drivers/STM32F4xx_HAL_Driver/Src/stm32f4xx_hal_cortex.d" -MT"Drivers/STM32F4xx_HAL_Driver/Src/stm32f4xx_hal_cortex.o" --specs=nano.specs -mfpu=fpv4-sp-d16 -mfloat-abi=hard -mthumb -o "Drivers/STM32F4xx_HAL_Driver/Src/stm32f4xx_hal_cortex.o"
arm-none-eabi-gcc "../Drivers/STM32F4xx_HAL_Driver/Src/stm32f4xx_hal_dma.c" -mcpu=cortex-m4 -std=gnu11 -g3 -DDEBUG -DUSE_HAL_DRIVER -DSTM32F411xE -c -I../Core/Inc -I../Drivers/STM32F4xx_HAL_Driver/Inc -I../Drivers/STM32F4xx_HAL_Driver/Inc/Legacy -I../Drivers/CMSIS/Device/ST/STM32F4xx/Include -I../Drivers/CMSIS/Include -I"D:/STM32/250626_Treadmill6/Core/ap" -I"D:/STM32/250626_Treadmill6/Core/driver" -I"D:/STM32/250626_Treadmill6/Core/driver/Button" -I"D:/STM32/250626_Treadmill6/Core/driver/FND" -I"D:/STM32/250626_Treadmill6/Core/driver/LedBar" -I"D:/STM32/250626_Treadmill6/Core/ap/src" -I"D:/STM32/250626_Treadmill6/Core/driver/LCD" -I"D:/STM32/250626_Treadmill6/Core/Src" -I"D:/STM32/250626_Treadmill6/Core/Startup" -I"D:/STM32/250626_Treadmill6/Core/ap/inc" -I"D:/STM32/250626_Treadmill6/Core/driver/Buzzer" -I"D:/STM32/250626_Treadmill6/Core/driver/DC_Motor" -I"D:/STM32/250626_Treadmill6/Core/driver/UltraSonic" -I"D:/STM32/250626_Treadmill6/Core/driver/DHT11" -O0 -ffunction-sections -fdata-sections -Wall -fstack-usage -fcyclomatic-complexity -MMD -MP -MF"Drivers/STM32F4xx_HAL_Driver/Src/stm32f4xx_hal_dma.d" -MT"Drivers/STM32F4xx_HAL_Driver/Src/stm32f4xx_hal_dma.o" --specs=nano.specs -mfpu=fpv4-sp-d16 -mfloat-abi=hard -mthumb -o "Drivers/STM32F4xx_HAL_Driver/Src/stm32f4xx_hal_dma.o"
arm-none-eabi-gcc "../Drivers/STM32F4xx_HAL_Driver/Src/stm32f4xx_hal_dma_ex.c" -mcpu=cortex-m4 -std=gnu11 -g3 -DDEBUG -DUSE_HAL_DRIVER -DSTM32F411xE -c -I../Core/Inc -I../Drivers/STM32F4xx_HAL_Driver/Inc -I../Drivers/STM32F4xx_HAL_Driver/Inc/Legacy -I../Drivers/CMSIS/Device/ST/STM32F4xx/Include -I../Drivers/CMSIS/Include -I"D:/STM32/250626_Treadmill6/Core/ap" -I"D:/STM32/250626_Treadmill6/Core/driver" -I"D:/STM32/250626_Treadmill6/Core/driver/Button" -I"D:/STM32/250626_Treadmill6/Core/driver/FND" -I"D:/STM32/250626_Treadmill6/Core/driver/LedBar" -I"D:/STM32/250626_Treadmill6/Core/ap/src" -I"D:/STM32/250626_Treadmill6/Core/driver/LCD" -I"D:/STM32/250626_Treadmill6/Core/Src" -I"D:/STM32/250626_Treadmill6/Core/Startup" -I"D:/STM32/250626_Treadmill6/Core/ap/inc" -I"D:/STM32/250626_Treadmill6/Core/driver/Buzzer" -I"D:/STM32/250626_Treadmill6/Core/driver/DC_Motor" -I"D:/STM32/250626_Treadmill6/Core/driver/UltraSonic" -I"D:/STM32/250626_Treadmill6/Core/driver/DHT11" -O0 -ffunction-sections -fdata-sections -Wall -fstack-usage -fcyclomatic-complexity -MMD -MP -MF"Drivers/STM32F4xx_HAL_Driver/Src/stm32f4xx_hal_dma_ex.d" -MT"Drivers/STM32F4xx_HAL_Driver/Src/stm32f4xx_hal_dma_ex.o" --specs=nano.specs -mfpu=fpv4-sp-d16 -mfloat-abi=hard -mthumb -o "Drivers/STM32F4xx_HAL_Driver/Src/stm32f4xx_hal_dma_ex.o"
arm-none-eabi-gcc "../Drivers/STM32F4xx_HAL_Driver/Src/stm32f4xx_hal_exti.c" -mcpu=cortex-m4 -std=gnu11 -g3 -DDEBUG -DUSE_HAL_DRIVER -DSTM32F411xE -c -I../Core/Inc -I../Drivers/STM32F4xx_HAL_Driver/Inc -I../Drivers/STM32F4xx_HAL_Driver/Inc/Legacy -I../Drivers/CMSIS/Device/ST/STM32F4xx/Include -I../Drivers/CMSIS/Include -I"D:/STM32/250626_Treadmill6/Core/ap" -I"D:/STM32/250626_Treadmill6/Core/driver" -I"D:/STM32/250626_Treadmill6/Core/driver/Button" -I"D:/STM32/250626_Treadmill6/Core/driver/FND" -I"D:/STM32/250626_Treadmill6/Core/driver/LedBar" -I"D:/STM32/250626_Treadmill6/Core/ap/src" -I"D:/STM32/250626_Treadmill6/Core/driver/LCD" -I"D:/STM32/250626_Treadmill6/Core/Src" -I"D:/STM32/250626_Treadmill6/Core/Startup" -I"D:/STM32/250626_Treadmill6/Core/ap/inc" -I"D:/STM32/250626_Treadmill6/Core/driver/Buzzer" -I"D:/STM32/250626_Treadmill6/Core/driver/DC_Motor" -I"D:/STM32/250626_Treadmill6/Core/driver/UltraSonic" -I"D:/STM32/250626_Treadmill6/Core/driver/DHT11" -O0 -ffunction-sections -fdata-sections -Wall -fstack-usage -fcyclomatic-complexity -MMD -MP -MF"Drivers/STM32F4xx_HAL_Driver/Src/stm32f4xx_hal_exti.d" -MT"Drivers/STM32F4xx_HAL_Driver/Src/stm32f4xx_hal_exti.o" --specs=nano.specs -mfpu=fpv4-sp-d16 -mfloat-abi=hard -mthumb -o "Drivers/STM32F4xx_HAL_Driver/Src/stm32f4xx_hal_exti.o"
arm-none-eabi-gcc "../Drivers/STM32F4xx_HAL_Driver/Src/stm32f4xx_hal_flash.c" -mcpu=cortex-m4 -std=gnu11 -g3 -DDEBUG -DUSE_HAL_DRIVER -DSTM32F411xE -c -I../Core/Inc -I../Drivers/STM32F4xx_HAL_Driver/Inc -I../Drivers/STM32F4xx_HAL_Driver/Inc/Legacy -I../Drivers/CMSIS/Device/ST/STM32F4xx/Include -I../Drivers/CMSIS/Include -I"D:/STM32/250626_Treadmill6/Core/ap" -I"D:/STM32/250626_Treadmill6/Core/driver" -I"D:/STM32/250626_Treadmill6/Core/driver/Button" -I"D:/STM32/250626_Treadmill6/Core/driver/FND" -I"D:/STM32/250626_Treadmill6/Core/driver/LedBar" -I"D:/STM32/250626_Treadmill6/Core/ap/src" -I"D:/STM32/250626_Treadmill6/Core/driver/LCD" -I"D:/STM32/250626_Treadmill6/Core/Src" -I"D:/STM32/250626_Treadmill6/Core/Startup" -I"D:/STM32/250626_Treadmill6/Core/ap/inc" -I"D:/STM32/250626_Treadmill6/Core/driver/Buzzer" -I"D:/STM32/250626_Treadmill6/Core/driver/DC_Motor" -I"D:/STM32/250626_Treadmill6/Core/driver/UltraSonic" -I"D:/STM32/250626_Treadmill6/Core/driver/DHT11" -O0 -ffunction-sections -fdata-sections -Wall -fstack-usage -fcyclomatic-complexity -MMD -MP -MF"Drivers/STM32F4xx_HAL_Driver/Src/stm32f4xx_hal_flash.d" -MT"Drivers/STM32F4xx_HAL_Driver/Src/stm32f4xx_hal_flash.o" --specs=nano.specs -mfpu=fpv4-sp-d16 -mfloat-abi=hard -mthumb -o "Drivers/STM32F4xx_HAL_Driver/Src/stm32f4xx_hal_flash.o"
arm-none-eabi-gcc "../Drivers/STM32F4xx_HAL_Driver/Src/stm32f4xx_hal_flash_ex.c" -mcpu=cortex-m4 -std=gnu11 -g3 -DDEBUG -DUSE_HAL_DRIVER -DSTM32F411xE -c -I../Core/Inc -I../Drivers/STM32F4xx_HAL_Driver/Inc -I../Drivers/STM32F4xx_HAL_Driver/Inc/Legacy -I../Drivers/CMSIS/Device/ST/STM32F4xx/Include -I../Drivers/CMSIS/Include -I"D:/STM32/250626_Treadmill6/Core/ap" -I"D:/STM32/250626_Treadmill6/Core/driver" -I"D:/STM32/250626_Treadmill6/Core/driver/Button" -I"D:/STM32/250626_Treadmill6/Core/driver/FND" -I"D:/STM32/250626_Treadmill6/Core/driver/LedBar" -I"D:/STM32/250626_Treadmill6/Core/ap/src" -I"D:/STM32/250626_Treadmill6/Core/driver/LCD" -I"D:/STM32/250626_Treadmill6/Core/Src" -I"D:/STM32/250626_Treadmill6/Core/Startup" -I"D:/STM32/250626_Treadmill6/Core/ap/inc" -I"D:/STM32/250626_Treadmill6/Core/driver/Buzzer" -I"D:/STM32/250626_Treadmill6/Core/driver/DC_Motor" -I"D:/STM32/250626_Treadmill6/Core/driver/UltraSonic" -I"D:/STM32/250626_Treadmill6/Core/driver/DHT11" -O0 -ffunction-sections -fdata-sections -Wall -fstack-usage -fcyclomatic-complexity -MMD -MP -MF"Drivers/STM32F4xx_HAL_Driver/Src/stm32f4xx_hal_flash_ex.d" -MT"Drivers/STM32F4xx_HAL_Driver/Src/stm32f4xx_hal_flash_ex.o" --specs=nano.specs -mfpu=fpv4-sp-d16 -mfloat-abi=hard -mthumb -o "Drivers/STM32F4xx_HAL_Driver/Src/stm32f4xx_hal_flash_ex.o"
arm-none-eabi-gcc "../Drivers/STM32F4xx_HAL_Driver/Src/stm32f4xx_hal_flash_ramfunc.c" -mcpu=cortex-m4 -std=gnu11 -g3 -DDEBUG -DUSE_HAL_DRIVER -DSTM32F411xE -c -I../Core/Inc -I../Drivers/STM32F4xx_HAL_Driver/Inc -I../Drivers/STM32F4xx_HAL_Driver/Inc/Legacy -I../Drivers/CMSIS/Device/ST/STM32F4xx/Include -I../Drivers/CMSIS/Include -I"D:/STM32/250626_Treadmill6/Core/ap" -I"D:/STM32/250626_Treadmill6/Core/driver" -I"D:/STM32/250626_Treadmill6/Core/driver/Button" -I"D:/STM32/250626_Treadmill6/Core/driver/FND" -I"D:/STM32/250626_Treadmill6/Core/driver/LedBar" -I"D:/STM32/250626_Treadmill6/Core/ap/src" -I"D:/STM32/250626_Treadmill6/Core/driver/LCD" -I"D:/STM32/250626_Treadmill6/Core/Src" -I"D:/STM32/250626_Treadmill6/Core/Startup" -I"D:/STM32/250626_Treadmill6/Core/ap/inc" -I"D:/STM32/250626_Treadmill6/Core/driver/Buzzer" -I"D:/STM32/250626_Treadmill6/Core/driver/DC_Motor" -I"D:/STM32/250626_Treadmill6/Core/driver/UltraSonic" -I"D:/STM32/250626_Treadmill6/Core/driver/DHT11" -O0 -ffunction-sections -fdata-sections -Wall -fstack-usage -fcyclomatic-complexity -MMD -MP -MF"Drivers/STM32F4xx_HAL_Driver/Src/stm32f4xx_hal_flash_ramfunc.d" -MT"Drivers/STM32F4xx_HAL_Driver/Src/stm32f4xx_hal_flash_ramfunc.o" --specs=nano.specs -mfpu=fpv4-sp-d16 -mfloat-abi=hard -mthumb -o "Drivers/STM32F4xx_HAL_Driver/Src/stm32f4xx_hal_flash_ramfunc.o"
arm-none-eabi-gcc "../Drivers/STM32F4xx_HAL_Driver/Src/stm32f4xx_hal_gpio.c" -mcpu=cortex-m4 -std=gnu11 -g3 -DDEBUG -DUSE_HAL_DRIVER -DSTM32F411xE -c -I../Core/Inc -I../Drivers/STM32F4xx_HAL_Driver/Inc -I../Drivers/STM32F4xx_HAL_Driver/Inc/Legacy -I../Drivers/CMSIS/Device/ST/STM32F4xx/Include -I../Drivers/CMSIS/Include -I"D:/STM32/250626_Treadmill6/Core/ap" -I"D:/STM32/250626_Treadmill6/Core/driver" -I"D:/STM32/250626_Treadmill6/Core/driver/Button" -I"D:/STM32/250626_Treadmill6/Core/driver/FND" -I"D:/STM32/250626_Treadmill6/Core/driver/LedBar" -I"D:/STM32/250626_Treadmill6/Core/ap/src" -I"D:/STM32/250626_Treadmill6/Core/driver/LCD" -I"D:/STM32/250626_Treadmill6/Core/Src" -I"D:/STM32/250626_Treadmill6/Core/Startup" -I"D:/STM32/250626_Treadmill6/Core/ap/inc" -I"D:/STM32/250626_Treadmill6/Core/driver/Buzzer" -I"D:/STM32/250626_Treadmill6/Core/driver/DC_Motor" -I"D:/STM32/250626_Treadmill6/Core/driver/UltraSonic" -I"D:/STM32/250626_Treadmill6/Core/driver/DHT11" -O0 -ffunction-sections -fdata-sections -Wall -fstack-usage -fcyclomatic-complexity -MMD -MP -MF"Drivers/STM32F4xx_HAL_Driver/Src/stm32f4xx_hal_gpio.d" -MT"Drivers/STM32F4xx_HAL_Driver/Src/stm32f4xx_hal_gpio.o" --specs=nano.specs -mfpu=fpv4-sp-d16 -mfloat-abi=hard -mthumb -o "Drivers/STM32F4xx_HAL_Driver/Src/stm32f4xx_hal_gpio.o"
arm-none-eabi-gcc "../Drivers/STM32F4xx_HAL_Driver/Src/stm32f4xx_hal_i2c.c" -mcpu=cortex-m4 -std=gnu11 -g3 -DDEBUG -DUSE_HAL_DRIVER -DSTM32F411xE -c -I../Core/Inc -I../Drivers/STM32F4xx_HAL_Driver/Inc -I../Drivers/STM32F4xx_HAL_Driver/Inc/Legacy -I../Drivers/CMSIS/Device/ST/STM32F4xx/Include -I../Drivers/CMSIS/Include -I"D:/STM32/250626_Treadmill6/Core/ap" -I"D:/STM32/250626_Treadmill6/Core/driver" -I"D:/STM32/250626_Treadmill6/Core/driver/Button" -I"D:/STM32/250626_Treadmill6/Core/driver/FND" -I"D:/STM32/250626_Treadmill6/Core/driver/LedBar" -I"D:/STM32/250626_Treadmill6/Core/ap/src" -I"D:/STM32/250626_Treadmill6/Core/driver/LCD" -I"D:/STM32/250626_Treadmill6/Core/Src" -I"D:/STM32/250626_Treadmill6/Core/Startup" -I"D:/STM32/250626_Treadmill6/Core/ap/inc" -I"D:/STM32/250626_Treadmill6/Core/driver/Buzzer" -I"D:/STM32/250626_Treadmill6/Core/driver/DC_Motor" -I"D:/STM32/250626_Treadmill6/Core/driver/UltraSonic" -I"D:/STM32/250626_Treadmill6/Core/driver/DHT11" -O0 -ffunction-sections -fdata-sections -Wall -fstack-usage -fcyclomatic-complexity -MMD -MP -MF"Drivers/STM32F4xx_HAL_Driver/Src/stm32f4xx_hal_i2c.d" -MT"Drivers/STM32F4xx_HAL_Driver/Src/stm32f4xx_hal_i2c.o" --specs=nano.specs -mfpu=fpv4-sp-d16 -mfloat-abi=hard -mthumb -o "Drivers/STM32F4xx_HAL_Driver/Src/stm32f4xx_hal_i2c.o"
arm-none-eabi-gcc "../Drivers/STM32F4xx_HAL_Driver/Src/stm32f4xx_hal_i2c_ex.c" -mcpu=cortex-m4 -std=gnu11 -g3 -DDEBUG -DUSE_HAL_DRIVER -DSTM32F411xE -c -I../Core/Inc -I../Drivers/STM32F4xx_HAL_Driver/Inc -I../Drivers/STM32F4xx_HAL_Driver/Inc/Legacy -I../Drivers/CMSIS/Device/ST/STM32F4xx/Include -I../Drivers/CMSIS/Include -I"D:/STM32/250626_Treadmill6/Core/ap" -I"D:/STM32/250626_Treadmill6/Core/driver" -I"D:/STM32/250626_Treadmill6/Core/driver/Button" -I"D:/STM32/250626_Treadmill6/Core/driver/FND" -I"D:/STM32/250626_Treadmill6/Core/driver/LedBar" -I"D:/STM32/250626_Treadmill6/Core/ap/src" -I"D:/STM32/250626_Treadmill6/Core/driver/LCD" -I"D:/STM32/250626_Treadmill6/Core/Src" -I"D:/STM32/250626_Treadmill6/Core/Startup" -I"D:/STM32/250626_Treadmill6/Core/ap/inc" -I"D:/STM32/250626_Treadmill6/Core/driver/Buzzer" -I"D:/STM32/250626_Treadmill6/Core/driver/DC_Motor" -I"D:/STM32/250626_Treadmill6/Core/driver/UltraSonic" -I"D:/STM32/250626_Treadmill6/Core/driver/DHT11" -O0 -ffunction-sections -fdata-sections -Wall -fstack-usage -fcyclomatic-complexity -MMD -MP -MF"Drivers/STM32F4xx_HAL_Driver/Src/stm32f4xx_hal_i2c_ex.d" -MT"Drivers/STM32F4xx_HAL_Driver/Src/stm32f4xx_hal_i2c_ex.o" --specs=nano.specs -mfpu=fpv4-sp-d16 -mfloat-abi=hard -mthumb -o "Drivers/STM32F4xx_HAL_Driver/Src/stm32f4xx_hal_i2c_ex.o"
arm-none-eabi-gcc "../Drivers/STM32F4xx_HAL_Driver/Src/stm32f4xx_hal_pwr.c" -mcpu=cortex-m4 -std=gnu11 -g3 -DDEBUG -DUSE_HAL_DRIVER -DSTM32F411xE -c -I../Core/Inc -I../Drivers/STM32F4xx_HAL_Driver/Inc -I../Drivers/STM32F4xx_HAL_Driver/Inc/Legacy -I../Drivers/CMSIS/Device/ST/STM32F4xx/Include -I../Drivers/CMSIS/Include -I"D:/STM32/250626_Treadmill6/Core/ap" -I"D:/STM32/250626_Treadmill6/Core/driver" -I"D:/STM32/250626_Treadmill6/Core/driver/Button" -I"D:/STM32/250626_Treadmill6/Core/driver/FND" -I"D:/STM32/250626_Treadmill6/Core/driver/LedBar" -I"D:/STM32/250626_Treadmill6/Core/ap/src" -I"D:/STM32/250626_Treadmill6/Core/driver/LCD" -I"D:/STM32/250626_Treadmill6/Core/Src" -I"D:/STM32/250626_Treadmill6/Core/Startup" -I"D:/STM32/250626_Treadmill6/Core/ap/inc" -I"D:/STM32/250626_Treadmill6/Core/driver/Buzzer" -I"D:/STM32/250626_Treadmill6/Core/driver/DC_Motor" -I"D:/STM32/250626_Treadmill6/Core/driver/UltraSonic" -I"D:/STM32/250626_Treadmill6/Core/driver/DHT11" -O0 -ffunction-sections -fdata-sections -Wall -fstack-usage -fcyclomatic-complexity -MMD -MP -MF"Drivers/STM32F4xx_HAL_Driver/Src/stm32f4xx_hal_pwr.d" -MT"Drivers/STM32F4xx_HAL_Driver/Src/stm32f4xx_hal_pwr.o" --specs=nano.specs -mfpu=fpv4-sp-d16 -mfloat-abi=hard -mthumb -o "Drivers/STM32F4xx_HAL_Driver/Src/stm32f4xx_hal_pwr.o"
arm-none-eabi-gcc "../Drivers/STM32F4xx_HAL_Driver/Src/stm32f4xx_hal_pwr_ex.c" -mcpu=cortex-m4 -std=gnu11 -g3 -DDEBUG -DUSE_HAL_DRIVER -DSTM32F411xE -c -I../Core/Inc -I../Drivers/STM32F4xx_HAL_Driver/Inc -I../Drivers/STM32F4xx_HAL_Driver/Inc/Legacy -I../Drivers/CMSIS/Device/ST/STM32F4xx/Include -I../Drivers/CMSIS/Include -I"D:/STM32/250626_Treadmill6/Core/ap" -I"D:/STM32/250626_Treadmill6/Core/driver" -I"D:/STM32/250626_Treadmill6/Core/driver/Button" -I"D:/STM32/250626_Treadmill6/Core/driver/FND" -I"D:/STM32/250626_Treadmill6/Core/driver/LedBar" -I"D:/STM32/250626_Treadmill6/Core/ap/src" -I"D:/STM32/250626_Treadmill6/Core/driver/LCD" -I"D:/STM32/250626_Treadmill6/Core/Src" -I"D:/STM32/250626_Treadmill6/Core/Startup" -I"D:/STM32/250626_Treadmill6/Core/ap/inc" -I"D:/STM32/250626_Treadmill6/Core/driver/Buzzer" -I"D:/STM32/250626_Treadmill6/Core/driver/DC_Motor" -I"D:/STM32/250626_Treadmill6/Core/driver/UltraSonic" -I"D:/STM32/250626_Treadmill6/Core/driver/DHT11" -O0 -ffunction-sections -fdata-sections -Wall -fstack-usage -fcyclomatic-complexity -MMD -MP -MF"Drivers/STM32F4xx_HAL_Driver/Src/stm32f4xx_hal_pwr_ex.d" -MT"Drivers/STM32F4xx_HAL_Driver/Src/stm32f4xx_hal_pwr_ex.o" --specs=nano.specs -mfpu=fpv4-sp-d16 -mfloat-abi=hard -mthumb -o "Drivers/STM32F4xx_HAL_Driver/Src/stm32f4xx_hal_pwr_ex.o"
arm-none-eabi-gcc "../Drivers/STM32F4xx_HAL_Driver/Src/stm32f4xx_hal_rcc.c" -mcpu=cortex-m4 -std=gnu11 -g3 -DDEBUG -DUSE_HAL_DRIVER -DSTM32F411xE -c -I../Core/Inc -I../Drivers/STM32F4xx_HAL_Driver/Inc -I../Drivers/STM32F4xx_HAL_Driver/Inc/Legacy -I../Drivers/CMSIS/Device/ST/STM32F4xx/Include -I../Drivers/CMSIS/Include -I"D:/STM32/250626_Treadmill6/Core/ap" -I"D:/STM32/250626_Treadmill6/Core/driver" -I"D:/STM32/250626_Treadmill6/Core/driver/Button" -I"D:/STM32/250626_Treadmill6/Core/driver/FND" -I"D:/STM32/250626_Treadmill6/Core/driver/LedBar" -I"D:/STM32/250626_Treadmill6/Core/ap/src" -I"D:/STM32/250626_Treadmill6/Core/driver/LCD" -I"D:/STM32/250626_Treadmill6/Core/Src" -I"D:/STM32/250626_Treadmill6/Core/Startup" -I"D:/STM32/250626_Treadmill6/Core/ap/inc" -I"D:/STM32/250626_Treadmill6/Core/driver/Buzzer" -I"D:/STM32/250626_Treadmill6/Core/driver/DC_Motor" -I"D:/STM32/250626_Treadmill6/Core/driver/UltraSonic" -I"D:/STM32/250626_Treadmill6/Core/driver/DHT11" -O0 -ffunction-sections -fdata-sections -Wall -fstack-usage -fcyclomatic-complexity -MMD -MP -MF"Drivers/STM32F4xx_HAL_Driver/Src/stm32f4xx_hal_rcc.d" -MT"Drivers/STM32F4xx_HAL_Driver/Src/stm32f4xx_hal_rcc.o" --specs=nano.specs -mfpu=fpv4-sp-d16 -mfloat-abi=hard -mthumb -o "Drivers/STM32F4xx_HAL_Driver/Src/stm32f4xx_hal_rcc.o"
arm-none-eabi-gcc "../Drivers/STM32F4xx_HAL_Driver/Src/stm32f4xx_hal_rcc_ex.c" -mcpu=cortex-m4 -std=gnu11 -g3 -DDEBUG -DUSE_HAL_DRIVER -DSTM32F411xE -c -I../Core/Inc -I../Drivers/STM32F4xx_HAL_Driver/Inc -I../Drivers/STM32F4xx_HAL_Driver/Inc/Legacy -I../Drivers/CMSIS/Device/ST/STM32F4xx/Include -I../Drivers/CMSIS/Include -I"D:/STM32/250626_Treadmill6/Core/ap" -I"D:/STM32/250626_Treadmill6/Core/driver" -I"D:/STM32/250626_Treadmill6/Core/driver/Button" -I"D:/STM32/250626_Treadmill6/Core/driver/FND" -I"D:/STM32/250626_Treadmill6/Core/driver/LedBar" -I"D:/STM32/250626_Treadmill6/Core/ap/src" -I"D:/STM32/250626_Treadmill6/Core/driver/LCD" -I"D:/STM32/250626_Treadmill6/Core/Src" -I"D:/STM32/250626_Treadmill6/Core/Startup" -I"D:/STM32/250626_Treadmill6/Core/ap/inc" -I"D:/STM32/250626_Treadmill6/Core/driver/Buzzer" -I"D:/STM32/250626_Treadmill6/Core/driver/DC_Motor" -I"D:/STM32/250626_Treadmill6/Core/driver/UltraSonic" -I"D:/STM32/250626_Treadmill6/Core/driver/DHT11" -O0 -ffunction-sections -fdata-sections -Wall -fstack-usage -fcyclomatic-complexity -MMD -MP -MF"Drivers/STM32F4xx_HAL_Driver/Src/stm32f4xx_hal_rcc_ex.d" -MT"Drivers/STM32F4xx_HAL_Driver/Src/stm32f4xx_hal_rcc_ex.o" --specs=nano.specs -mfpu=fpv4-sp-d16 -mfloat-abi=hard -mthumb -o "Drivers/STM32F4xx_HAL_Driver/Src/stm32f4xx_hal_rcc_ex.o"
arm-none-eabi-gcc "../Drivers/STM32F4xx_HAL_Driver/Src/stm32f4xx_hal_tim.c" -mcpu=cortex-m4 -std=gnu11 -g3 -DDEBUG -DUSE_HAL_DRIVER -DSTM32F411xE -c -I../Core/Inc -I../Drivers/STM32F4xx_HAL_Driver/Inc -I../Drivers/STM32F4xx_HAL_Driver/Inc/Legacy -I../Drivers/CMSIS/Device/ST/STM32F4xx/Include -I../Drivers/CMSIS/Include -I"D:/STM32/250626_Treadmill6/Core/ap" -I"D:/STM32/250626_Treadmill6/Core/driver" -I"D:/STM32/250626_Treadmill6/Core/driver/Button" -I"D:/STM32/250626_Treadmill6/Core/driver/FND" -I"D:/STM32/250626_Treadmill6/Core/driver/LedBar" -I"D:/STM32/250626_Treadmill6/Core/ap/src" -I"D:/STM32/250626_Treadmill6/Core/driver/LCD" -I"D:/STM32/250626_Treadmill6/Core/Src" -I"D:/STM32/250626_Treadmill6/Core/Startup" -I"D:/STM32/250626_Treadmill6/Core/ap/inc" -I"D:/STM32/250626_Treadmill6/Core/driver/Buzzer" -I"D:/STM32/250626_Treadmill6/Core/driver/DC_Motor" -I"D:/STM32/250626_Treadmill6/Core/driver/UltraSonic" -I"D:/STM32/250626_Treadmill6/Core/driver/DHT11" -O0 -ffunction-sections -fdata-sections -Wall -fstack-usage -fcyclomatic-complexity -MMD -MP -MF"Drivers/STM32F4xx_HAL_Driver/Src/stm32f4xx_hal_tim.d" -MT"Drivers/STM32F4xx_HAL_Driver/Src/stm32f4xx_hal_tim.o" --specs=nano.specs -mfpu=fpv4-sp-d16 -mfloat-abi=hard -mthumb -o "Drivers/STM32F4xx_HAL_Driver/Src/stm32f4xx_hal_tim.o"
arm-none-eabi-gcc "../Drivers/STM32F4xx_HAL_Driver/Src/stm32f4xx_hal_tim_ex.c" -mcpu=cortex-m4 -std=gnu11 -g3 -DDEBUG -DUSE_HAL_DRIVER -DSTM32F411xE -c -I../Core/Inc -I../Drivers/STM32F4xx_HAL_Driver/Inc -I../Drivers/STM32F4xx_HAL_Driver/Inc/Legacy -I../Drivers/CMSIS/Device/ST/STM32F4xx/Include -I../Drivers/CMSIS/Include -I"D:/STM32/250626_Treadmill6/Core/ap" -I"D:/STM32/250626_Treadmill6/Core/driver" -I"D:/STM32/250626_Treadmill6/Core/driver/Button" -I"D:/STM32/250626_Treadmill6/Core/driver/FND" -I"D:/STM32/250626_Treadmill6/Core/driver/LedBar" -I"D:/STM32/250626_Treadmill6/Core/ap/src" -I"D:/STM32/250626_Treadmill6/Core/driver/LCD" -I"D:/STM32/250626_Treadmill6/Core/Src" -I"D:/STM32/250626_Treadmill6/Core/Startup" -I"D:/STM32/250626_Treadmill6/Core/ap/inc" -I"D:/STM32/250626_Treadmill6/Core/driver/Buzzer" -I"D:/STM32/250626_Treadmill6/Core/driver/DC_Motor" -I"D:/STM32/250626_Treadmill6/Core/driver/UltraSonic" -I"D:/STM32/250626_Treadmill6/Core/driver/DHT11" -O0 -ffunction-sections -fdata-sections -Wall -fstack-usage -fcyclomatic-complexity -MMD -MP -MF"Drivers/STM32F4xx_HAL_Driver/Src/stm32f4xx_hal_tim_ex.d" -MT"Drivers/STM32F4xx_HAL_Driver/Src/stm32f4xx_hal_tim_ex.o" --specs=nano.specs -mfpu=fpv4-sp-d16 -mfloat-abi=hard -mthumb -o "Drivers/STM32F4xx_HAL_Driver/Src/stm32f4xx_hal_tim_ex.o"
arm-none-eabi-gcc "../Drivers/STM32F4xx_HAL_Driver/Src/stm32f4xx_hal_uart.c" -mcpu=cortex-m4 -std=gnu11 -g3 -DDEBUG -DUSE_HAL_DRIVER -DSTM32F411xE -c -I../Core/Inc -I../Drivers/STM32F4xx_HAL_Driver/Inc -I../Drivers/STM32F4xx_HAL_Driver/Inc/Legacy -I../Drivers/CMSIS/Device/ST/STM32F4xx/Include -I../Drivers/CMSIS/Include -I"D:/STM32/250626_Treadmill6/Core/ap" -I"D:/STM32/250626_Treadmill6/Core/driver" -I"D:/STM32/250626_Treadmill6/Core/driver/Button" -I"D:/STM32/250626_Treadmill6/Core/driver/FND" -I"D:/STM32/250626_Treadmill6/Core/driver/LedBar" -I"D:/STM32/250626_Treadmill6/Core/ap/src" -I"D:/STM32/250626_Treadmill6/Core/driver/LCD" -I"D:/STM32/250626_Treadmill6/Core/Src" -I"D:/STM32/250626_Treadmill6/Core/Startup" -I"D:/STM32/250626_Treadmill6/Core/ap/inc" -I"D:/STM32/250626_Treadmill6/Core/driver/Buzzer" -I"D:/STM32/250626_Treadmill6/Core/driver/DC_Motor" -I"D:/STM32/250626_Treadmill6/Core/driver/UltraSonic" -I"D:/STM32/250626_Treadmill6/Core/driver/DHT11" -O0 -ffunction-sections -fdata-sections -Wall -fstack-usage -fcyclomatic-complexity -MMD -MP -MF"Drivers/STM32F4xx_HAL_Driver/Src/stm32f4xx_hal_uart.d" -MT"Drivers/STM32F4xx_HAL_Driver/Src/stm32f4xx_hal_uart.o" --specs=nano.specs -mfpu=fpv4-sp-d16 -mfloat-abi=hard -mthumb -o "Drivers/STM32F4xx_HAL_Driver/Src/stm32f4xx_hal_uart.o"
arm-none-eabi-gcc "../Core/driver/UltraSonic/UltraSonic.c" -mcpu=cortex-m4 -std=gnu11 -g3 -DDEBUG -DUSE_HAL_DRIVER -DSTM32F411xE -c -I../Core/Inc -I../Drivers/STM32F4xx_HAL_Driver/Inc -I../Drivers/STM32F4xx_HAL_Driver/Inc/Legacy -I../Drivers/CMSIS/Device/ST/STM32F4xx/Include -I../Drivers/CMSIS/Include -I"D:/STM32/250626_Treadmill6/Core/ap" -I"D:/STM32/250626_Treadmill6/Core/driver" -I"D:/STM32/250626_Treadmill6/Core/driver/Button" -I"D:/STM32/250626_Treadmill6/Core/driver/FND" -I"D:/STM32/250626_Treadmill6/Core/driver/LedBar" -I"D:/STM32/250626_Treadmill6/Core/ap/src" -I"D:/STM32/250626_Treadmill6/Core/driver/LCD" -I"D:/STM32/250626_Treadmill6/Core/Src" -I"D:/STM32/250626_Treadmill6/Core/Startup" -I"D:/STM32/250626_Treadmill6/Core/ap/inc" -I"D:/STM32/250626_Treadmill6/Core/driver/Buzzer" -I"D:/STM32/250626_Treadmill6/Core/driver/DC_Motor" -I"D:/STM32/250626_Treadmill6/Core/driver/UltraSonic" -I"D:/STM32/250626_Treadmill6/Core/driver/DHT11" -O0 -ffunction-sections -fdata-sections -Wall -fstack-usage -fcyclomatic-complexity -MMD -MP -MF"Core/driver/UltraSonic/UltraSonic.d" -MT"Core/driver/UltraSonic/UltraSonic.o" --specs=nano.specs -mfpu=fpv4-sp-d16 -mfloat-abi=hard -mthumb -o "Core/driver/UltraSonic/UltraSonic.o"
arm-none-eabi-gcc "../Core/driver/LedBar/LedBar.c" -mcpu=cortex-m4 -std=gnu11 -g3 -DDEBUG -DUSE_HAL_DRIVER -DSTM32F411xE -c -I../Core/Inc -I../Drivers/STM32F4xx_HAL_Driver/Inc -I../Drivers/STM32F4xx_HAL_Driver/Inc/Legacy -I../Drivers/CMSIS/Device/ST/STM32F4xx/Include -I../Drivers/CMSIS/Include -I"D:/STM32/250626_Treadmill6/Core/ap" -I"D:/STM32/250626_Treadmill6/Core/driver" -I"D:/STM32/250626_Treadmill6/Core/driver/Button" -I"D:/STM32/250626_Treadmill6/Core/driver/FND" -I"D:/STM32/250626_Treadmill6/Core/driver/LedBar" -I"D:/STM32/250626_Treadmill6/Core/ap/src" -I"D:/STM32/250626_Treadmill6/Core/driver/LCD" -I"D:/STM32/250626_Treadmill6/Core/Src" -I"D:/STM32/250626_Treadmill6/Core/Startup" -I"D:/STM32/250626_Treadmill6/Core/ap/inc" -I"D:/STM32/250626_Treadmill6/Core/driver/Buzzer" -I"D:/STM32/250626_Treadmill6/Core/driver/DC_Motor" -I"D:/STM32/250626_Treadmill6/Core/driver/UltraSonic" -I"D:/STM32/250626_Treadmill6/Core/driver/DHT11" -O0 -ffunction-sections -fdata-sections -Wall -fstack-usage -fcyclomatic-complexity -MMD -MP -MF"Core/driver/LedBar/LedBar.d" -MT"Core/driver/LedBar/LedBar.o" --specs=nano.specs -mfpu=fpv4-sp-d16 -mfloat-abi=hard -mthumb -o "Core/driver/LedBar/LedBar.o"
arm-none-eabi-gcc "../Core/driver/LCD/lcd.c" -mcpu=cortex-m4 -std=gnu11 -g3 -DDEBUG -DUSE_HAL_DRIVER -DSTM32F411xE -c -I../Core/Inc -I../Drivers/STM32F4xx_HAL_Driver/Inc -I../Drivers/STM32F4xx_HAL_Driver/Inc/Legacy -I../Drivers/CMSIS/Device/ST/STM32F4xx/Include -I../Drivers/CMSIS/Include -I"D:/STM32/250626_Treadmill6/Core/ap" -I"D:/STM32/250626_Treadmill6/Core/driver" -I"D:/STM32/250626_Treadmill6/Core/driver/Button" -I"D:/STM32/250626_Treadmill6/Core/driver/FND" -I"D:/STM32/250626_Treadmill6/Core/driver/LedBar" -I"D:/STM32/250626_Treadmill6/Core/ap/src" -I"D:/STM32/250626_Treadmill6/Core/driver/LCD" -I"D:/STM32/250626_Treadmill6/Core/Src" -I"D:/STM32/250626_Treadmill6/Core/Startup" -I"D:/STM32/250626_Treadmill6/Core/ap/inc" -I"D:/STM32/250626_Treadmill6/Core/driver/Buzzer" -I"D:/STM32/250626_Treadmill6/Core/driver/DC_Motor" -I"D:/STM32/250626_Treadmill6/Core/driver/UltraSonic" -I"D:/STM32/250626_Treadmill6/Core/driver/DHT11" -O0 -ffunction-sections -fdata-sections -Wall -fstack-usage -fcyclomatic-complexity -MMD -MP -MF"Core/driver/LCD/lcd.d" -MT"Core/driver/LCD/lcd.o" --specs=nano.specs -mfpu=fpv4-sp-d16 -mfloat-abi=hard -mthumb -o "Core/driver/LCD/lcd.o"
arm-none-eabi-gcc "../Core/driver/FND/FND.c" -mcpu=cortex-m4 -std=gnu11 -g3 -DDEBUG -DUSE_HAL_DRIVER -DSTM32F411xE -c -I../Core/Inc -I../Drivers/STM32F4xx_HAL_Driver/Inc -I../Drivers/STM32F4xx_HAL_Driver/Inc/Legacy -I../Drivers/CMSIS/Device/ST/STM32F4xx/Include -I../Drivers/CMSIS/Include -I"D:/STM32/250626_Treadmill6/Core/ap" -I"D:/STM32/250626_Treadmill6/Core/driver" -I"D:/STM32/250626_Treadmill6/Core/driver/Button" -I"D:/STM32/250626_Treadmill6/Core/driver/FND" -I"D:/STM32/250626_Treadmill6/Core/driver/LedBar" -I"D:/STM32/250626_Treadmill6/Core/ap/src" -I"D:/STM32/250626_Treadmill6/Core/driver/LCD" -I"D:/STM32/250626_Treadmill6/Core/Src" -I"D:/STM32/250626_Treadmill6/Core/Startup" -I"D:/STM32/250626_Treadmill6/Core/ap/inc" -I"D:/STM32/250626_Treadmill6/Core/driver/Buzzer" -I"D:/STM32/250626_Treadmill6/Core/driver/DC_Motor" -I"D:/STM32/250626_Treadmill6/Core/driver/UltraSonic" -I"D:/STM32/250626_Treadmill6/Core/driver/DHT11" -O0 -ffunction-sections -fdata-sections -Wall -fstack-usage -fcyclomatic-complexity -MMD -MP -MF"Core/driver/FND/FND.d" -MT"Core/driver/FND/FND.o" --specs=nano.specs -mfpu=fpv4-sp-d16 -mfloat-abi=hard -mthumb -o "Core/driver/FND/FND.o"
arm-none-eabi-gcc "../Core/driver/DHT11/DHT11.c" -mcpu=cortex-m4 -std=gnu11 -g3 -DDEBUG -DUSE_HAL_DRIVER -DSTM32F411xE -c -I../Core/Inc -I../Drivers/STM32F4xx_HAL_Driver/Inc -I../Drivers/STM32F4xx_HAL_Driver/Inc/Legacy -I../Drivers/CMSIS/Device/ST/STM32F4xx/Include -I../Drivers/CMSIS/Include -I"D:/STM32/250626_Treadmill6/Core/ap" -I"D:/STM32/250626_Treadmill6/Core/driver" -I"D:/STM32/250626_Treadmill6/Core/driver/Button" -I"D:/STM32/250626_Treadmill6/Core/driver/FND" -I"D:/STM32/250626_Treadmill6/Core/driver/LedBar" -I"D:/STM32/250626_Treadmill6/Core/ap/src" -I"D:/STM32/250626_Treadmill6/Core/driver/LCD" -I"D:/STM32/250626_Treadmill6/Core/Src" -I"D:/STM32/250626_Treadmill6/Core/Startup" -I"D:/STM32/250626_Treadmill6/Core/ap/inc" -I"D:/STM32/250626_Treadmill6/Core/driver/Buzzer" -I"D:/STM32/250626_Treadmill6/Core/driver/DC_Motor" -I"D:/STM32/250626_Treadmill6/Core/driver/UltraSonic" -I"D:/STM32/250626_Treadmill6/Core/driver/DHT11" -O0 -ffunction-sections -fdata-sections -Wall -fstack-usage -fcyclomatic-complexity -MMD -MP -MF"Core/driver/DHT11/DHT11.d" -MT"Core/driver/DHT11/DHT11.o" --specs=nano.specs -mfpu=fpv4-sp-d16 -mfloat-abi=hard -mthumb -o "Core/driver/DHT11/DHT11.o"
arm-none-eabi-gcc "../Core/driver/DC_Motor/DC_Motor.c" -mcpu=cortex-m4 -std=gnu11 -g3 -DDEBUG -DUSE_HAL_DRIVER -DSTM32F411xE -c -I../Core/Inc -I../Drivers/STM32F4xx_HAL_Driver/Inc -I../Drivers/STM32F4xx_HAL_Driver/Inc/Legacy -I../Drivers/CMSIS/Device/ST/STM32F4xx/Include -I../Drivers/CMSIS/Include -I"D:/STM32/250626_Treadmill6/Core/ap" -I"D:/STM32/250626_Treadmill6/Core/driver" -I"D:/STM32/250626_Treadmill6/Core/driver/Button" -I"D:/STM32/250626_Treadmill6/Core/driver/FND" -I"D:/STM32/250626_Treadmill6/Core/driver/LedBar" -I"D:/STM32/250626_Treadmill6/Core/ap/src" -I"D:/STM32/250626_Treadmill6/Core/driver/LCD" -I"D:/STM32/250626_Treadmill6/Core/Src" -I"D:/STM32/250626_Treadmill6/Core/Startup" -I"D:/STM32/250626_Treadmill6/Core/ap/inc" -I"D:/STM32/250626_Treadmill6/Core/driver/Buzzer" -I"D:/STM32/250626_Treadmill6/Core/driver/DC_Motor" -I"D:/STM32/250626_Treadmill6/Core/driver/UltraSonic" -I"D:/STM32/250626_Treadmill6/Core/driver/DHT11" -O0 -ffunction-sections -fdata-sections -Wall -fstack-usage -fcyclomatic-complexity -MMD -MP -MF"Core/driver/DC_Motor/DC_Motor.d" -MT"Core/driver/DC_Motor/DC_Motor.o" --specs=nano.specs -mfpu=fpv4-sp-d16 -mfloat-abi=hard -mthumb -o "Core/driver/DC_Motor/DC_Motor.o"
arm-none-eabi-gcc "../Core/driver/Buzzer/Buzzer.c" -mcpu=cortex-m4 -std=gnu11 -g3 -DDEBUG -DUSE_HAL_DRIVER -DSTM32F411xE -c -I../Core/Inc -I../Drivers/STM32F4xx_HAL_Driver/Inc -I../Drivers/STM32F4xx_HAL_Driver/Inc/Legacy -I../Drivers/CMSIS/Device/ST/STM32F4xx/Include -I../Drivers/CMSIS/Include -I"D:/STM32/250626_Treadmill6/Core/ap" -I"D:/STM32/250626_Treadmill6/Core/driver" -I"D:/STM32/250626_Treadmill6/Core/driver/Button" -I"D:/STM32/250626_Treadmill6/Core/driver/FND" -I"D:/STM32/250626_Treadmill6/Core/driver/LedBar" -I"D:/STM32/250626_Treadmill6/Core/ap/src" -I"D:/STM32/250626_Treadmill6/Core/driver/LCD" -I"D:/STM32/250626_Treadmill6/Core/Src" -I"D:/STM32/250626_Treadmill6/Core/Startup" -I"D:/STM32/250626_Treadmill6/Core/ap/inc" -I"D:/STM32/250626_Treadmill6/Core/driver/Buzzer" -I"D:/STM32/250626_Treadmill6/Core/driver/DC_Motor" -I"D:/STM32/250626_Treadmill6/Core/driver/UltraSonic" -I"D:/STM32/250626_Treadmill6/Core/driver/DHT11" -O0 -ffunction-sections -fdata-sections -Wall -fstack-usage -fcyclomatic-complexity -MMD -MP -MF"Core/driver/Buzzer/Buzzer.d" -MT"Core/driver/Buzzer/Buzzer.o" --specs=nano.specs -mfpu=fpv4-sp-d16 -mfloat-abi=hard -mthumb -o "Core/driver/Buzzer/Buzzer.o"
arm-none-eabi-gcc "../Core/driver/Button/Button.c" -mcpu=cortex-m4 -std=gnu11 -g3 -DDEBUG -DUSE_HAL_DRIVER -DSTM32F411xE -c -I../Core/Inc -I../Drivers/STM32F4xx_HAL_Driver/Inc -I../Drivers/STM32F4xx_HAL_Driver/Inc/Legacy -I../Drivers/CMSIS/Device/ST/STM32F4xx/Include -I../Drivers/CMSIS/Include -I"D:/STM32/250626_Treadmill6/Core/ap" -I"D:/STM32/250626_Treadmill6/Core/driver" -I"D:/STM32/250626_Treadmill6/Core/driver/Button" -I"D:/STM32/250626_Treadmill6/Core/driver/FND" -I"D:/STM32/250626_Treadmill6/Core/driver/LedBar" -I"D:/STM32/250626_Treadmill6/Core/ap/src" -I"D:/STM32/250626_Treadmill6/Core/driver/LCD" -I"D:/STM32/250626_Treadmill6/Core/Src" -I"D:/STM32/250626_Treadmill6/Core/Startup" -I"D:/STM32/250626_Treadmill6/Core/ap/inc" -I"D:/STM32/250626_Treadmill6/Core/driver/Buzzer" -I"D:/STM32/250626_Treadmill6/Core/driver/DC_Motor" -I"D:/STM32/250626_Treadmill6/Core/driver/UltraSonic" -I"D:/STM32/250626_Treadmill6/Core/driver/DHT11" -O0 -ffunction-sections -fdata-sections -Wall -fstack-usage -fcyclomatic-complexity -MMD -MP -MF"Core/driver/Button/Button.d" -MT"Core/driver/Button/Button.o" --specs=nano.specs -mfpu=fpv4-sp-d16 -mfloat-abi=hard -mthumb -o "Core/driver/Button/Button.o"
arm-none-eabi-gcc "../Core/ap/src/Controller.c" -mcpu=cortex-m4 -std=gnu11 -g3 -DDEBUG -DUSE_HAL_DRIVER -DSTM32F411xE -c -I../Core/Inc -I../Drivers/STM32F4xx_HAL_Driver/Inc -I../Drivers/STM32F4xx_HAL_Driver/Inc/Legacy -I../Drivers/CMSIS/Device/ST/STM32F4xx/Include -I../Drivers/CMSIS/Include -I"D:/STM32/250626_Treadmill6/Core/ap" -I"D:/STM32/250626_Treadmill6/Core/driver" -I"D:/STM32/250626_Treadmill6/Core/driver/Button" -I"D:/STM32/250626_Treadmill6/Core/driver/FND" -I"D:/STM32/250626_Treadmill6/Core/driver/LedBar" -I"D:/STM32/250626_Treadmill6/Core/ap/src" -I"D:/STM32/250626_Treadmill6/Core/driver/LCD" -I"D:/STM32/250626_Treadmill6/Core/Src" -I"D:/STM32/250626_Treadmill6/Core/Startup" -I"D:/STM32/250626_Treadmill6/Core/ap/inc" -I"D:/STM32/250626_Treadmill6/Core/driver/Buzzer" -I"D:/STM32/250626_Treadmill6/Core/driver/DC_Motor" -I"D:/STM32/250626_Treadmill6/Core/driver/UltraSonic" -I"D:/STM32/250626_Treadmill6/Core/driver/DHT11" -O0 -ffunction-sections -fdata-sections -Wall -fstack-usage -fcyclomatic-complexity -MMD -MP -MF"Core/ap/src/Controller.d" -MT"Core/ap/src/Controller.o" --specs=nano.specs -mfpu=fpv4-sp-d16 -mfloat-abi=hard -mthumb -o "Core/ap/src/Controller.o"
arm-none-eabi-gcc "../Core/ap/src/Listener.c" -mcpu=cortex-m4 -std=gnu11 -g3 -DDEBUG -DUSE_HAL_DRIVER -DSTM32F411xE -c -I../Core/Inc -I../Drivers/STM32F4xx_HAL_Driver/Inc -I../Drivers/STM32F4xx_HAL_Driver/Inc/Legacy -I../Drivers/CMSIS/Device/ST/STM32F4xx/Include -I../Drivers/CMSIS/Include -I"D:/STM32/250626_Treadmill6/Core/ap" -I"D:/STM32/250626_Treadmill6/Core/driver" -I"D:/STM32/250626_Treadmill6/Core/driver/Button" -I"D:/STM32/250626_Treadmill6/Core/driver/FND" -I"D:/STM32/250626_Treadmill6/Core/driver/LedBar" -I"D:/STM32/250626_Treadmill6/Core/ap/src" -I"D:/STM32/250626_Treadmill6/Core/driver/LCD" -I"D:/STM32/250626_Treadmill6/Core/Src" -I"D:/STM32/250626_Treadmill6/Core/Startup" -I"D:/STM32/250626_Treadmill6/Core/ap/inc" -I"D:/STM32/250626_Treadmill6/Core/driver/Buzzer" -I"D:/STM32/250626_Treadmill6/Core/driver/DC_Motor" -I"D:/STM32/250626_Treadmill6/Core/driver/UltraSonic" -I"D:/STM32/250626_Treadmill6/Core/driver/DHT11" -O0 -ffunction-sections -fdata-sections -Wall -fstack-usage -fcyclomatic-complexity -MMD -MP -MF"Core/ap/src/Listener.d" -MT"Core/ap/src/Listener.o" --specs=nano.specs -mfpu=fpv4-sp-d16 -mfloat-abi=hard -mthumb -o "Core/ap/src/Listener.o"
arm-none-eabi-gcc "../Core/ap/src/Presenter.c" -mcpu=cortex-m4 -std=gnu11 -g3 -DDEBUG -DUSE_HAL_DRIVER -DSTM32F411xE -c -I../Core/Inc -I../Drivers/STM32F4xx_HAL_Driver/Inc -I../Drivers/STM32F4xx_HAL_Driver/Inc/Legacy -I../Drivers/CMSIS/Device/ST/STM32F4xx/Include -I../Drivers/CMSIS/Include -I"D:/STM32/250626_Treadmill6/Core/ap" -I"D:/STM32/250626_Treadmill6/Core/driver" -I"D:/STM32/250626_Treadmill6/Core/driver/Button" -I"D:/STM32/250626_Treadmill6/Core/driver/FND" -I"D:/STM32/250626_Treadmill6/Core/driver/LedBar" -I"D:/STM32/250626_Treadmill6/Core/ap/src" -I"D:/STM32/250626_Treadmill6/Core/driver/LCD" -I"D:/STM32/250626_Treadmill6/Core/Src" -I"D:/STM32/250626_Treadmill6/Core/Startup" -I"D:/STM32/250626_Treadmill6/Core/ap/inc" -I"D:/STM32/250626_Treadmill6/Core/driver/Buzzer" -I"D:/STM32/250626_Treadmill6/Core/driver/DC_Motor" -I"D:/STM32/250626_Treadmill6/Core/driver/UltraSonic" -I"D:/STM32/250626_Treadmill6/Core/driver/DHT11" -O0 -ffunction-sections -fdata-sections -Wall -fstack-usage -fcyclomatic-complexity -MMD -MP -MF"Core/ap/src/Presenter.d" -MT"Core/ap/src/Presenter.o" --specs=nano.specs -mfpu=fpv4-sp-d16 -mfloat-abi=hard -mthumb -o "Core/ap/src/Presenter.o"
arm-none-eabi-gcc "../Core/ap/src/ap_main.c" -mcpu=cortex-m4 -std=gnu11 -g3 -DDEBUG -DUSE_HAL_DRIVER -DSTM32F411xE -c -I../Core/Inc -I../Drivers/STM32F4xx_HAL_Driver/Inc -I../Drivers/STM32F4xx_HAL_Driver/Inc/Legacy -I../Drivers/CMSIS/Device/ST/STM32F4xx/Include -I../Drivers/CMSIS/Include -I"D:/STM32/250626_Treadmill6/Core/ap" -I"D:/STM32/250626_Treadmill6/Core/driver" -I"D:/STM32/250626_Treadmill6/Core/driver/Button" -I"D:/STM32/250626_Treadmill6/Core/driver/FND" -I"D:/STM32/250626_Treadmill6/Core/driver/LedBar" -I"D:/STM32/250626_Treadmill6/Core/ap/src" -I"D:/STM32/250626_Treadmill6/Core/driver/LCD" -I"D:/STM32/250626_Treadmill6/Core/Src" -I"D:/STM32/250626_Treadmill6/Core/Startup" -I"D:/STM32/250626_Treadmill6/Core/ap/inc" -I"D:/STM32/250626_Treadmill6/Core/driver/Buzzer" -I"D:/STM32/250626_Treadmill6/Core/driver/DC_Motor" -I"D:/STM32/250626_Treadmill6/Core/driver/UltraSonic" -I"D:/STM32/250626_Treadmill6/Core/driver/DHT11" -O0 -ffunction-sections -fdata-sections -Wall -fstack-usage -fcyclomatic-complexity -MMD -MP -MF"Core/ap/src/ap_main.d" -MT"Core/ap/src/ap_main.o" --specs=nano.specs -mfpu=fpv4-sp-d16 -mfloat-abi=hard -mthumb -o "Core/ap/src/ap_main.o"
../Core/driver/FND/FND.c:34:13: warning: 'FND_DispOff' declared 'static' but never defined [-Wunused-function]
   34 | static void FND_DispOff(int fndPos);
      |             ^~~~~~~~~~~
arm-none-eabi-gcc "../Core/ap/src/queue.c" -mcpu=cortex-m4 -std=gnu11 -g3 -DDEBUG -DUSE_HAL_DRIVER -DSTM32F411xE -c -I../Core/Inc -I../Drivers/STM32F4xx_HAL_Driver/Inc -I../Drivers/STM32F4xx_HAL_Driver/Inc/Legacy -I../Drivers/CMSIS/Device/ST/STM32F4xx/Include -I../Drivers/CMSIS/Include -I"D:/STM32/250626_Treadmill6/Core/ap" -I"D:/STM32/250626_Treadmill6/Core/driver" -I"D:/STM32/250626_Treadmill6/Core/driver/Button" -I"D:/STM32/250626_Treadmill6/Core/driver/FND" -I"D:/STM32/250626_Treadmill6/Core/driver/LedBar" -I"D:/STM32/250626_Treadmill6/Core/ap/src" -I"D:/STM32/250626_Treadmill6/Core/driver/LCD" -I"D:/STM32/250626_Treadmill6/Core/Src" -I"D:/STM32/250626_Treadmill6/Core/Startup" -I"D:/STM32/250626_Treadmill6/Core/ap/inc" -I"D:/STM32/250626_Treadmill6/Core/driver/Buzzer" -I"D:/STM32/250626_Treadmill6/Core/driver/DC_Motor" -I"D:/STM32/250626_Treadmill6/Core/driver/UltraSonic" -I"D:/STM32/250626_Treadmill6/Core/driver/DHT11" -O0 -ffunction-sections -fdata-sections -Wall -fstack-usage -fcyclomatic-complexity -MMD -MP -MF"Core/ap/src/queue.d" -MT"Core/ap/src/queue.o" --specs=nano.specs -mfpu=fpv4-sp-d16 -mfloat-abi=hard -mthumb -o "Core/ap/src/queue.o"
arm-none-eabi-gcc "../Core/ap/src/sound.c" -mcpu=cortex-m4 -std=gnu11 -g3 -DDEBUG -DUSE_HAL_DRIVER -DSTM32F411xE -c -I../Core/Inc -I../Drivers/STM32F4xx_HAL_Driver/Inc -I../Drivers/STM32F4xx_HAL_Driver/Inc/Legacy -I../Drivers/CMSIS/Device/ST/STM32F4xx/Include -I../Drivers/CMSIS/Include -I"D:/STM32/250626_Treadmill6/Core/ap" -I"D:/STM32/250626_Treadmill6/Core/driver" -I"D:/STM32/250626_Treadmill6/Core/driver/Button" -I"D:/STM32/250626_Treadmill6/Core/driver/FND" -I"D:/STM32/250626_Treadmill6/Core/driver/LedBar" -I"D:/STM32/250626_Treadmill6/Core/ap/src" -I"D:/STM32/250626_Treadmill6/Core/driver/LCD" -I"D:/STM32/250626_Treadmill6/Core/Src" -I"D:/STM32/250626_Treadmill6/Core/Startup" -I"D:/STM32/250626_Treadmill6/Core/ap/inc" -I"D:/STM32/250626_Treadmill6/Core/driver/Buzzer" -I"D:/STM32/250626_Treadmill6/Core/driver/DC_Motor" -I"D:/STM32/250626_Treadmill6/Core/driver/UltraSonic" -I"D:/STM32/250626_Treadmill6/Core/driver/DHT11" -O0 -ffunction-sections -fdata-sections -Wall -fstack-usage -fcyclomatic-complexity -MMD -MP -MF"Core/ap/src/sound.d" -MT"Core/ap/src/sound.o" --specs=nano.specs -mfpu=fpv4-sp-d16 -mfloat-abi=hard -mthumb -o "Core/ap/src/sound.o"
../Core/ap/src/Presenter.c: In function 'Presenter_DispFndRunTime':
../Core/ap/src/Presenter.c:125:16: warning: unused variable 'displayData' [-Wunused-variable]
  125 |       uint32_t displayData = minutes * 100 + seconds;
      |                ^~~~~~~~~~~
arm-none-eabi-gcc "../Core/ap/src/treadmill.c" -mcpu=cortex-m4 -std=gnu11 -g3 -DDEBUG -DUSE_HAL_DRIVER -DSTM32F411xE -c -I../Core/Inc -I../Drivers/STM32F4xx_HAL_Driver/Inc -I../Drivers/STM32F4xx_HAL_Driver/Inc/Legacy -I../Drivers/CMSIS/Device/ST/STM32F4xx/Include -I../Drivers/CMSIS/Include -I"D:/STM32/250626_Treadmill6/Core/ap" -I"D:/STM32/250626_Treadmill6/Core/driver" -I"D:/STM32/250626_Treadmill6/Core/driver/Button" -I"D:/STM32/250626_Treadmill6/Core/driver/FND" -I"D:/STM32/250626_Treadmill6/Core/driver/LedBar" -I"D:/STM32/250626_Treadmill6/Core/ap/src" -I"D:/STM32/250626_Treadmill6/Core/driver/LCD" -I"D:/STM32/250626_Treadmill6/Core/Src" -I"D:/STM32/250626_Treadmill6/Core/Startup" -I"D:/STM32/250626_Treadmill6/Core/ap/inc" -I"D:/STM32/250626_Treadmill6/Core/driver/Buzzer" -I"D:/STM32/250626_Treadmill6/Core/driver/DC_Motor" -I"D:/STM32/250626_Treadmill6/Core/driver/UltraSonic" -I"D:/STM32/250626_Treadmill6/Core/driver/DHT11" -O0 -ffunction-sections -fdata-sections -Wall -fstack-usage -fcyclomatic-complexity -MMD -MP -MF"Core/ap/src/treadmill.d" -MT"Core/ap/src/treadmill.o" --specs=nano.specs -mfpu=fpv4-sp-d16 -mfloat-abi=hard -mthumb -o "Core/ap/src/treadmill.o"
arm-none-eabi-gcc -mcpu=cortex-m4 -g3 -DDEBUG -c -I"D:/STM32/250626_Treadmill6/Core/ap" -I"D:/STM32/250626_Treadmill6/Core/driver" -I"D:/STM32/250626_Treadmill6/Core/driver/Button" -I"D:/STM32/250626_Treadmill6/Core/driver/FND" -I"D:/STM32/250626_Treadmill6/Core/driver/LedBar" -I"D:/STM32/250626_Treadmill6/Core/ap/src" -I"D:/STM32/250626_Treadmill6/Core/driver/LCD" -I"D:/STM32/250626_Treadmill6/Core/Src" -I"D:/STM32/250626_Treadmill6/Core/Inc" -I"D:/STM32/250626_Treadmill6/Core/Startup" -I"D:/STM32/250626_Treadmill6/Core/ap/inc" -I"D:/STM32/250626_Treadmill6/Core/driver/Buzzer" -I"D:/STM32/250626_Treadmill6/Core/driver/DC_Motor" -I"D:/STM32/250626_Treadmill6/Core/driver/UltraSonic" -I"D:/STM32/250626_Treadmill6/Core/driver/DHT11" -x assembler-with-cpp -MMD -MP -MF"Core/Startup/startup_stm32f411retx.d" -MT"Core/Startup/startup_stm32f411retx.o" --specs=nano.specs -mfpu=fpv4-sp-d16 -mfloat-abi=hard -mthumb -o "Core/Startup/startup_stm32f411retx.o" "../Core/Startup/startup_stm32f411retx.s"
arm-none-eabi-gcc "../Core/Src/gpio.c" -mcpu=cortex-m4 -std=gnu11 -g3 -DDEBUG -DUSE_HAL_DRIVER -DSTM32F411xE -c -I../Core/Inc -I../Drivers/STM32F4xx_HAL_Driver/Inc -I../Drivers/STM32F4xx_HAL_Driver/Inc/Legacy -I../Drivers/CMSIS/Device/ST/STM32F4xx/Include -I../Drivers/CMSIS/Include -I"D:/STM32/250626_Treadmill6/Core/ap" -I"D:/STM32/250626_Treadmill6/Core/driver" -I"D:/STM32/250626_Treadmill6/Core/driver/Button" -I"D:/STM32/250626_Treadmill6/Core/driver/FND" -I"D:/STM32/250626_Treadmill6/Core/driver/LedBar" -I"D:/STM32/250626_Treadmill6/Core/ap/src" -I"D:/STM32/250626_Treadmill6/Core/driver/LCD" -I"D:/STM32/250626_Treadmill6/Core/Src" -I"D:/STM32/250626_Treadmill6/Core/Startup" -I"D:/STM32/250626_Treadmill6/Core/ap/inc" -I"D:/STM32/250626_Treadmill6/Core/driver/Buzzer" -I"D:/STM32/250626_Treadmill6/Core/driver/DC_Motor" -I"D:/STM32/250626_Treadmill6/Core/driver/UltraSonic" -I"D:/STM32/250626_Treadmill6/Core/driver/DHT11" -O0 -ffunction-sections -fdata-sections -Wall -fstack-usage -fcyclomatic-complexity -MMD -MP -MF"Core/Src/gpio.d" -MT"Core/Src/gpio.o" --specs=nano.specs -mfpu=fpv4-sp-d16 -mfloat-abi=hard -mthumb -o "Core/Src/gpio.o"
arm-none-eabi-gcc "../Core/Src/i2c.c" -mcpu=cortex-m4 -std=gnu11 -g3 -DDEBUG -DUSE_HAL_DRIVER -DSTM32F411xE -c -I../Core/Inc -I../Drivers/STM32F4xx_HAL_Driver/Inc -I../Drivers/STM32F4xx_HAL_Driver/Inc/Legacy -I../Drivers/CMSIS/Device/ST/STM32F4xx/Include -I../Drivers/CMSIS/Include -I"D:/STM32/250626_Treadmill6/Core/ap" -I"D:/STM32/250626_Treadmill6/Core/driver" -I"D:/STM32/250626_Treadmill6/Core/driver/Button" -I"D:/STM32/250626_Treadmill6/Core/driver/FND" -I"D:/STM32/250626_Treadmill6/Core/driver/LedBar" -I"D:/STM32/250626_Treadmill6/Core/ap/src" -I"D:/STM32/250626_Treadmill6/Core/driver/LCD" -I"D:/STM32/250626_Treadmill6/Core/Src" -I"D:/STM32/250626_Treadmill6/Core/Startup" -I"D:/STM32/250626_Treadmill6/Core/ap/inc" -I"D:/STM32/250626_Treadmill6/Core/driver/Buzzer" -I"D:/STM32/250626_Treadmill6/Core/driver/DC_Motor" -I"D:/STM32/250626_Treadmill6/Core/driver/UltraSonic" -I"D:/STM32/250626_Treadmill6/Core/driver/DHT11" -O0 -ffunction-sections -fdata-sections -Wall -fstack-usage -fcyclomatic-complexity -MMD -MP -MF"Core/Src/i2c.d" -MT"Core/Src/i2c.o" --specs=nano.specs -mfpu=fpv4-sp-d16 -mfloat-abi=hard -mthumb -o "Core/Src/i2c.o"
arm-none-eabi-gcc "../Core/Src/main.c" -mcpu=cortex-m4 -std=gnu11 -g3 -DDEBUG -DUSE_HAL_DRIVER -DSTM32F411xE -c -I../Core/Inc -I../Drivers/STM32F4xx_HAL_Driver/Inc -I../Drivers/STM32F4xx_HAL_Driver/Inc/Legacy -I../Drivers/CMSIS/Device/ST/STM32F4xx/Include -I../Drivers/CMSIS/Include -I"D:/STM32/250626_Treadmill6/Core/ap" -I"D:/STM32/250626_Treadmill6/Core/driver" -I"D:/STM32/250626_Treadmill6/Core/driver/Button" -I"D:/STM32/250626_Treadmill6/Core/driver/FND" -I"D:/STM32/250626_Treadmill6/Core/driver/LedBar" -I"D:/STM32/250626_Treadmill6/Core/ap/src" -I"D:/STM32/250626_Treadmill6/Core/driver/LCD" -I"D:/STM32/250626_Treadmill6/Core/Src" -I"D:/STM32/250626_Treadmill6/Core/Startup" -I"D:/STM32/250626_Treadmill6/Core/ap/inc" -I"D:/STM32/250626_Treadmill6/Core/driver/Buzzer" -I"D:/STM32/250626_Treadmill6/Core/driver/DC_Motor" -I"D:/STM32/250626_Treadmill6/Core/driver/UltraSonic" -I"D:/STM32/250626_Treadmill6/Core/driver/DHT11" -O0 -ffunction-sections -fdata-sections -Wall -fstack-usage -fcyclomatic-complexity -MMD -MP -MF"Core/Src/main.d" -MT"Core/Src/main.o" --specs=nano.specs -mfpu=fpv4-sp-d16 -mfloat-abi=hard -mthumb -o "Core/Src/main.o"
arm-none-eabi-gcc "../Core/Src/stm32f4xx_hal_msp.c" -mcpu=cortex-m4 -std=gnu11 -g3 -DDEBUG -DUSE_HAL_DRIVER -DSTM32F411xE -c -I../Core/Inc -I../Drivers/STM32F4xx_HAL_Driver/Inc -I../Drivers/STM32F4xx_HAL_Driver/Inc/Legacy -I../Drivers/CMSIS/Device/ST/STM32F4xx/Include -I../Drivers/CMSIS/Include -I"D:/STM32/250626_Treadmill6/Core/ap" -I"D:/STM32/250626_Treadmill6/Core/driver" -I"D:/STM32/250626_Treadmill6/Core/driver/Button" -I"D:/STM32/250626_Treadmill6/Core/driver/FND" -I"D:/STM32/250626_Treadmill6/Core/driver/LedBar" -I"D:/STM32/250626_Treadmill6/Core/ap/src" -I"D:/STM32/250626_Treadmill6/Core/driver/LCD" -I"D:/STM32/250626_Treadmill6/Core/Src" -I"D:/STM32/250626_Treadmill6/Core/Startup" -I"D:/STM32/250626_Treadmill6/Core/ap/inc" -I"D:/STM32/250626_Treadmill6/Core/driver/Buzzer" -I"D:/STM32/250626_Treadmill6/Core/driver/DC_Motor" -I"D:/STM32/250626_Treadmill6/Core/driver/UltraSonic" -I"D:/STM32/250626_Treadmill6/Core/driver/DHT11" -O0 -ffunction-sections -fdata-sections -Wall -fstack-usage -fcyclomatic-complexity -MMD -MP -MF"Core/Src/stm32f4xx_hal_msp.d" -MT"Core/Src/stm32f4xx_hal_msp.o" --specs=nano.specs -mfpu=fpv4-sp-d16 -mfloat-abi=hard -mthumb -o "Core/Src/stm32f4xx_hal_msp.o"
arm-none-eabi-gcc "../Core/Src/stm32f4xx_it.c" -mcpu=cortex-m4 -std=gnu11 -g3 -DDEBUG -DUSE_HAL_DRIVER -DSTM32F411xE -c -I../Core/Inc -I../Drivers/STM32F4xx_HAL_Driver/Inc -I../Drivers/STM32F4xx_HAL_Driver/Inc/Legacy -I../Drivers/CMSIS/Device/ST/STM32F4xx/Include -I../Drivers/CMSIS/Include -I"D:/STM32/250626_Treadmill6/Core/ap" -I"D:/STM32/250626_Treadmill6/Core/driver" -I"D:/STM32/250626_Treadmill6/Core/driver/Button" -I"D:/STM32/250626_Treadmill6/Core/driver/FND" -I"D:/STM32/250626_Treadmill6/Core/driver/LedBar" -I"D:/STM32/250626_Treadmill6/Core/ap/src" -I"D:/STM32/250626_Treadmill6/Core/driver/LCD" -I"D:/STM32/250626_Treadmill6/Core/Src" -I"D:/STM32/250626_Treadmill6/Core/Startup" -I"D:/STM32/250626_Treadmill6/Core/ap/inc" -I"D:/STM32/250626_Treadmill6/Core/driver/Buzzer" -I"D:/STM32/250626_Treadmill6/Core/driver/DC_Motor" -I"D:/STM32/250626_Treadmill6/Core/driver/UltraSonic" -I"D:/STM32/250626_Treadmill6/Core/driver/DHT11" -O0 -ffunction-sections -fdata-sections -Wall -fstack-usage -fcyclomatic-complexity -MMD -MP -MF"Core/Src/stm32f4xx_it.d" -MT"Core/Src/stm32f4xx_it.o" --specs=nano.specs -mfpu=fpv4-sp-d16 -mfloat-abi=hard -mthumb -o "Core/Src/stm32f4xx_it.o"
arm-none-eabi-gcc "../Core/Src/syscalls.c" -mcpu=cortex-m4 -std=gnu11 -g3 -DDEBUG -DUSE_HAL_DRIVER -DSTM32F411xE -c -I../Core/Inc -I../Drivers/STM32F4xx_HAL_Driver/Inc -I../Drivers/STM32F4xx_HAL_Driver/Inc/Legacy -I../Drivers/CMSIS/Device/ST/STM32F4xx/Include -I../Drivers/CMSIS/Include -I"D:/STM32/250626_Treadmill6/Core/ap" -I"D:/STM32/250626_Treadmill6/Core/driver" -I"D:/STM32/250626_Treadmill6/Core/driver/Button" -I"D:/STM32/250626_Treadmill6/Core/driver/FND" -I"D:/STM32/250626_Treadmill6/Core/driver/LedBar" -I"D:/STM32/250626_Treadmill6/Core/ap/src" -I"D:/STM32/250626_Treadmill6/Core/driver/LCD" -I"D:/STM32/250626_Treadmill6/Core/Src" -I"D:/STM32/250626_Treadmill6/Core/Startup" -I"D:/STM32/250626_Treadmill6/Core/ap/inc" -I"D:/STM32/250626_Treadmill6/Core/driver/Buzzer" -I"D:/STM32/250626_Treadmill6/Core/driver/DC_Motor" -I"D:/STM32/250626_Treadmill6/Core/driver/UltraSonic" -I"D:/STM32/250626_Treadmill6/Core/driver/DHT11" -O0 -ffunction-sections -fdata-sections -Wall -fstack-usage -fcyclomatic-complexity -MMD -MP -MF"Core/Src/syscalls.d" -MT"Core/Src/syscalls.o" --specs=nano.specs -mfpu=fpv4-sp-d16 -mfloat-abi=hard -mthumb -o "Core/Src/syscalls.o"
arm-none-eabi-gcc "../Core/Src/sysmem.c" -mcpu=cortex-m4 -std=gnu11 -g3 -DDEBUG -DUSE_HAL_DRIVER -DSTM32F411xE -c -I../Core/Inc -I../Drivers/STM32F4xx_HAL_Driver/Inc -I../Drivers/STM32F4xx_HAL_Driver/Inc/Legacy -I../Drivers/CMSIS/Device/ST/STM32F4xx/Include -I../Drivers/CMSIS/Include -I"D:/STM32/250626_Treadmill6/Core/ap" -I"D:/STM32/250626_Treadmill6/Core/driver" -I"D:/STM32/250626_Treadmill6/Core/driver/Button" -I"D:/STM32/250626_Treadmill6/Core/driver/FND" -I"D:/STM32/250626_Treadmill6/Core/driver/LedBar" -I"D:/STM32/250626_Treadmill6/Core/ap/src" -I"D:/STM32/250626_Treadmill6/Core/driver/LCD" -I"D:/STM32/250626_Treadmill6/Core/Src" -I"D:/STM32/250626_Treadmill6/Core/Startup" -I"D:/STM32/250626_Treadmill6/Core/ap/inc" -I"D:/STM32/250626_Treadmill6/Core/driver/Buzzer" -I"D:/STM32/250626_Treadmill6/Core/driver/DC_Motor" -I"D:/STM32/250626_Treadmill6/Core/driver/UltraSonic" -I"D:/STM32/250626_Treadmill6/Core/driver/DHT11" -O0 -ffunction-sections -fdata-sections -Wall -fstack-usage -fcyclomatic-complexity -MMD -MP -MF"Core/Src/sysmem.d" -MT"Core/Src/sysmem.o" --specs=nano.specs -mfpu=fpv4-sp-d16 -mfloat-abi=hard -mthumb -o "Core/Src/sysmem.o"
../Core/ap/src/queue.c: In function 'deQue':
../Core/ap/src/queue.c:40:17: warning: 'return' with no value, in function returning non-void [-Wreturn-type]
   40 |                 return;
      |                 ^~~~~~
../Core/ap/src/queue.c:37:5: note: declared here
   37 | int deQue(Que_TypeDef *q)
      |     ^~~~~
../Core/ap/src/queue.c: In function 'peekQue':
../Core/ap/src/queue.c:50:17: warning: 'return' with no value, in function returning non-void [-Wreturn-type]
   50 |                 return;
      |                 ^~~~~~
../Core/ap/src/queue.c:47:5: note: declared here
   47 | int peekQue(Que_TypeDef *q)
      |     ^~~~~~~
arm-none-eabi-gcc "../Core/Src/system_stm32f4xx.c" -mcpu=cortex-m4 -std=gnu11 -g3 -DDEBUG -DUSE_HAL_DRIVER -DSTM32F411xE -c -I../Core/Inc -I../Drivers/STM32F4xx_HAL_Driver/Inc -I../Drivers/STM32F4xx_HAL_Driver/Inc/Legacy -I../Drivers/CMSIS/Device/ST/STM32F4xx/Include -I../Drivers/CMSIS/Include -I"D:/STM32/250626_Treadmill6/Core/ap" -I"D:/STM32/250626_Treadmill6/Core/driver" -I"D:/STM32/250626_Treadmill6/Core/driver/Button" -I"D:/STM32/250626_Treadmill6/Core/driver/FND" -I"D:/STM32/250626_Treadmill6/Core/driver/LedBar" -I"D:/STM32/250626_Treadmill6/Core/ap/src" -I"D:/STM32/250626_Treadmill6/Core/driver/LCD" -I"D:/STM32/250626_Treadmill6/Core/Src" -I"D:/STM32/250626_Treadmill6/Core/Startup" -I"D:/STM32/250626_Treadmill6/Core/ap/inc" -I"D:/STM32/250626_Treadmill6/Core/driver/Buzzer" -I"D:/STM32/250626_Treadmill6/Core/driver/DC_Motor" -I"D:/STM32/250626_Treadmill6/Core/driver/UltraSonic" -I"D:/STM32/250626_Treadmill6/Core/driver/DHT11" -O0 -ffunction-sections -fdata-sections -Wall -fstack-usage -fcyclomatic-complexity -MMD -MP -MF"Core/Src/system_stm32f4xx.d" -MT"Core/Src/system_stm32f4xx.o" --specs=nano.specs -mfpu=fpv4-sp-d16 -mfloat-abi=hard -mthumb -o "Core/Src/system_stm32f4xx.o"
arm-none-eabi-gcc "../Core/Src/tim.c" -mcpu=cortex-m4 -std=gnu11 -g3 -DDEBUG -DUSE_HAL_DRIVER -DSTM32F411xE -c -I../Core/Inc -I../Drivers/STM32F4xx_HAL_Driver/Inc -I../Drivers/STM32F4xx_HAL_Driver/Inc/Legacy -I../Drivers/CMSIS/Device/ST/STM32F4xx/Include -I../Drivers/CMSIS/Include -I"D:/STM32/250626_Treadmill6/Core/ap" -I"D:/STM32/250626_Treadmill6/Core/driver" -I"D:/STM32/250626_Treadmill6/Core/driver/Button" -I"D:/STM32/250626_Treadmill6/Core/driver/FND" -I"D:/STM32/250626_Treadmill6/Core/driver/LedBar" -I"D:/STM32/250626_Treadmill6/Core/ap/src" -I"D:/STM32/250626_Treadmill6/Core/driver/LCD" -I"D:/STM32/250626_Treadmill6/Core/Src" -I"D:/STM32/250626_Treadmill6/Core/Startup" -I"D:/STM32/250626_Treadmill6/Core/ap/inc" -I"D:/STM32/250626_Treadmill6/Core/driver/Buzzer" -I"D:/STM32/250626_Treadmill6/Core/driver/DC_Motor" -I"D:/STM32/250626_Treadmill6/Core/driver/UltraSonic" -I"D:/STM32/250626_Treadmill6/Core/driver/DHT11" -O0 -ffunction-sections -fdata-sections -Wall -fstack-usage -fcyclomatic-complexity -MMD -MP -MF"Core/Src/tim.d" -MT"Core/Src/tim.o" --specs=nano.specs -mfpu=fpv4-sp-d16 -mfloat-abi=hard -mthumb -o "Core/Src/tim.o"
arm-none-eabi-gcc "../Core/Src/usart.c" -mcpu=cortex-m4 -std=gnu11 -g3 -DDEBUG -DUSE_HAL_DRIVER -DSTM32F411xE -c -I../Core/Inc -I../Drivers/STM32F4xx_HAL_Driver/Inc -I../Drivers/STM32F4xx_HAL_Driver/Inc/Legacy -I../Drivers/CMSIS/Device/ST/STM32F4xx/Include -I../Drivers/CMSIS/Include -I"D:/STM32/250626_Treadmill6/Core/ap" -I"D:/STM32/250626_Treadmill6/Core/driver" -I"D:/STM32/250626_Treadmill6/Core/driver/Button" -I"D:/STM32/250626_Treadmill6/Core/driver/FND" -I"D:/STM32/250626_Treadmill6/Core/driver/LedBar" -I"D:/STM32/250626_Treadmill6/Core/ap/src" -I"D:/STM32/250626_Treadmill6/Core/driver/LCD" -I"D:/STM32/250626_Treadmill6/Core/Src" -I"D:/STM32/250626_Treadmill6/Core/Startup" -I"D:/STM32/250626_Treadmill6/Core/ap/inc" -I"D:/STM32/250626_Treadmill6/Core/driver/Buzzer" -I"D:/STM32/250626_Treadmill6/Core/driver/DC_Motor" -I"D:/STM32/250626_Treadmill6/Core/driver/UltraSonic" -I"D:/STM32/250626_Treadmill6/Core/driver/DHT11" -O0 -ffunction-sections -fdata-sections -Wall -fstack-usage -fcyclomatic-complexity -MMD -MP -MF"Core/Src/usart.d" -MT"Core/Src/usart.o" --specs=nano.specs -mfpu=fpv4-sp-d16 -mfloat-abi=hard -mthumb -o "Core/Src/usart.o"
arm-none-eabi-gcc -o "250626_Treadmill6.elf" @"objects.list"   -mcpu=cortex-m4 -T"D:\STM32\250626_Treadmill6\STM32F411RETX_FLASH.ld" --specs=nosys.specs -Wl,-Map="250626_Treadmill6.map" -Wl,--gc-sections -static --specs=nano.specs -mfpu=fpv4-sp-d16 -mfloat-abi=hard -mthumb -Wl,--start-group -lc -lm -Wl,--end-group
Finished building target: 250626_Treadmill6.elf
 
arm-none-eabi-size  250626_Treadmill6.elf 
arm-none-eabi-objdump -h -S 250626_Treadmill6.elf  > "250626_Treadmill6.list"
   text	   data	    bss	    dec	    hex	filename
  27136	    260	   2596	  29992	   7528	250626_Treadmill6.elf
Finished building: default.size.stdout
 
Finished building: 250626_Treadmill6.list
 

14:44:52 Build Finished. 0 errors, 4 warnings. (took 2s.613ms)

