14:44:32 **** Build of configuration Debug for project 250620_FND_TIM_interrupt ****
make -j16 all 
arm-none-eabi-gcc -mcpu=cortex-m4 -g3 -DDEBUG -DSTM32F411xE -DSTM32F411RETx -DSTM32F4 -DSTM32 -c -I"D:/STM32/250620_upcounter/Src/driver/GPIO" -I"D:/STM32/250620_upcounter/Src/driver/Led_Bar" -I"D:/STM32/250620_upcounter/Src/driver/SystemClock" -I"D:/STM32/250620_upcounter/Src/driver/FND" -I"D:/STM32/250620_upcounter/Src/driver/Button" -I"D:/STM32/250620_upcounter/Src/driver" -I"D:/STM32/250620_upcounter/Src/ap" -I"D:/STM32/250620_upcounter/Src/driver/TIM" -I"D:/STM32/250620_upcounter/Src/driver/Systick" -x assembler-with-cpp -MMD -MP -MF"Startup/startup_stm32f411retx.d" -MT"Startup/startup_stm32f411retx.o" --specs=nano.specs -mfpu=fpv4-sp-d16 -mfloat-abi=hard -mthumb -o "Startup/startup_stm32f411retx.o" "../Startup/startup_stm32f411retx.s"
arm-none-eabi-gcc "../Src/driver/TIM/TIM.c" -mcpu=cortex-m4 -std=gnu11 -g3 -DDEBUG -DSTM32F411xE -DSTM32 -DSTM32F4 -DSTM32F411RETx -c -I../Inc -I"D:/STM32/250620_upcounter/Src/driver/GPIO" -I"D:/STM32/250620_upcounter/Src/driver/Led_Bar" -I"D:/STM32/250620_upcounter/Src/driver/SystemClock" -I"D:/STM32/250620_upcounter/Src/driver/FND" -I"D:/STM32/250620_upcounter/Src/driver/Button" -I"D:/STM32/250620_upcounter/Src/driver" -I"D:/STM32/250620_upcounter/Src/ap" -I"D:/STM32/250620_upcounter/Src/driver/TIM" -I"D:/STM32/250620_upcounter/Src/driver/Systick" -O0 -ffunction-sections -fdata-sections -Wall -fstack-usage -fcyclomatic-complexity -MMD -MP -MF"Src/driver/TIM/TIM.d" -MT"Src/driver/TIM/TIM.o" --specs=nano.specs -mfpu=fpv4-sp-d16 -mfloat-abi=hard -mthumb -o "Src/driver/TIM/TIM.o"
arm-none-eabi-gcc "../Src/driver/Systick/Systick.c" -mcpu=cortex-m4 -std=gnu11 -g3 -DDEBUG -DSTM32F411xE -DSTM32 -DSTM32F4 -DSTM32F411RETx -c -I../Inc -I"D:/STM32/250620_upcounter/Src/driver/GPIO" -I"D:/STM32/250620_upcounter/Src/driver/Led_Bar" -I"D:/STM32/250620_upcounter/Src/driver/SystemClock" -I"D:/STM32/250620_upcounter/Src/driver/FND" -I"D:/STM32/250620_upcounter/Src/driver/Button" -I"D:/STM32/250620_upcounter/Src/driver" -I"D:/STM32/250620_upcounter/Src/ap" -I"D:/STM32/250620_upcounter/Src/driver/TIM" -I"D:/STM32/250620_upcounter/Src/driver/Systick" -O0 -ffunction-sections -fdata-sections -Wall -fstack-usage -fcyclomatic-complexity -MMD -MP -MF"Src/driver/Systick/Systick.d" -MT"Src/driver/Systick/Systick.o" --specs=nano.specs -mfpu=fpv4-sp-d16 -mfloat-abi=hard -mthumb -o "Src/driver/Systick/Systick.o"
arm-none-eabi-gcc "../Src/driver/SystemClock/SystemClock.c" -mcpu=cortex-m4 -std=gnu11 -g3 -DDEBUG -DSTM32F411xE -DSTM32 -DSTM32F4 -DSTM32F411RETx -c -I../Inc -I"D:/STM32/250620_upcounter/Src/driver/GPIO" -I"D:/STM32/250620_upcounter/Src/driver/Led_Bar" -I"D:/STM32/250620_upcounter/Src/driver/SystemClock" -I"D:/STM32/250620_upcounter/Src/driver/FND" -I"D:/STM32/250620_upcounter/Src/driver/Button" -I"D:/STM32/250620_upcounter/Src/driver" -I"D:/STM32/250620_upcounter/Src/ap" -I"D:/STM32/250620_upcounter/Src/driver/TIM" -I"D:/STM32/250620_upcounter/Src/driver/Systick" -O0 -ffunction-sections -fdata-sections -Wall -fstack-usage -fcyclomatic-complexity -MMD -MP -MF"Src/driver/SystemClock/SystemClock.d" -MT"Src/driver/SystemClock/SystemClock.o" --specs=nano.specs -mfpu=fpv4-sp-d16 -mfloat-abi=hard -mthumb -o "Src/driver/SystemClock/SystemClock.o"
arm-none-eabi-gcc "../Src/driver/Led_Bar/LED_Bar.c" -mcpu=cortex-m4 -std=gnu11 -g3 -DDEBUG -DSTM32F411xE -DSTM32 -DSTM32F4 -DSTM32F411RETx -c -I../Inc -I"D:/STM32/250620_upcounter/Src/driver/GPIO" -I"D:/STM32/250620_upcounter/Src/driver/Led_Bar" -I"D:/STM32/250620_upcounter/Src/driver/SystemClock" -I"D:/STM32/250620_upcounter/Src/driver/FND" -I"D:/STM32/250620_upcounter/Src/driver/Button" -I"D:/STM32/250620_upcounter/Src/driver" -I"D:/STM32/250620_upcounter/Src/ap" -I"D:/STM32/250620_upcounter/Src/driver/TIM" -I"D:/STM32/250620_upcounter/Src/driver/Systick" -O0 -ffunction-sections -fdata-sections -Wall -fstack-usage -fcyclomatic-complexity -MMD -MP -MF"Src/driver/Led_Bar/LED_Bar.d" -MT"Src/driver/Led_Bar/LED_Bar.o" --specs=nano.specs -mfpu=fpv4-sp-d16 -mfloat-abi=hard -mthumb -o "Src/driver/Led_Bar/LED_Bar.o"
arm-none-eabi-gcc "../Src/driver/GPIO/GPIO.c" -mcpu=cortex-m4 -std=gnu11 -g3 -DDEBUG -DSTM32F411xE -DSTM32 -DSTM32F4 -DSTM32F411RETx -c -I../Inc -I"D:/STM32/250620_upcounter/Src/driver/GPIO" -I"D:/STM32/250620_upcounter/Src/driver/Led_Bar" -I"D:/STM32/250620_upcounter/Src/driver/SystemClock" -I"D:/STM32/250620_upcounter/Src/driver/FND" -I"D:/STM32/250620_upcounter/Src/driver/Button" -I"D:/STM32/250620_upcounter/Src/driver" -I"D:/STM32/250620_upcounter/Src/ap" -I"D:/STM32/250620_upcounter/Src/driver/TIM" -I"D:/STM32/250620_upcounter/Src/driver/Systick" -O0 -ffunction-sections -fdata-sections -Wall -fstack-usage -fcyclomatic-complexity -MMD -MP -MF"Src/driver/GPIO/GPIO.d" -MT"Src/driver/GPIO/GPIO.o" --specs=nano.specs -mfpu=fpv4-sp-d16 -mfloat-abi=hard -mthumb -o "Src/driver/GPIO/GPIO.o"
arm-none-eabi-gcc "../Src/driver/FND/FND.c" -mcpu=cortex-m4 -std=gnu11 -g3 -DDEBUG -DSTM32F411xE -DSTM32 -DSTM32F4 -DSTM32F411RETx -c -I../Inc -I"D:/STM32/250620_upcounter/Src/driver/GPIO" -I"D:/STM32/250620_upcounter/Src/driver/Led_Bar" -I"D:/STM32/250620_upcounter/Src/driver/SystemClock" -I"D:/STM32/250620_upcounter/Src/driver/FND" -I"D:/STM32/250620_upcounter/Src/driver/Button" -I"D:/STM32/250620_upcounter/Src/driver" -I"D:/STM32/250620_upcounter/Src/ap" -I"D:/STM32/250620_upcounter/Src/driver/TIM" -I"D:/STM32/250620_upcounter/Src/driver/Systick" -O0 -ffunction-sections -fdata-sections -Wall -fstack-usage -fcyclomatic-complexity -MMD -MP -MF"Src/driver/FND/FND.d" -MT"Src/driver/FND/FND.o" --specs=nano.specs -mfpu=fpv4-sp-d16 -mfloat-abi=hard -mthumb -o "Src/driver/FND/FND.o"
arm-none-eabi-gcc "../Src/driver/Button/Button.c" -mcpu=cortex-m4 -std=gnu11 -g3 -DDEBUG -DSTM32F411xE -DSTM32 -DSTM32F4 -DSTM32F411RETx -c -I../Inc -I"D:/STM32/250620_upcounter/Src/driver/GPIO" -I"D:/STM32/250620_upcounter/Src/driver/Led_Bar" -I"D:/STM32/250620_upcounter/Src/driver/SystemClock" -I"D:/STM32/250620_upcounter/Src/driver/FND" -I"D:/STM32/250620_upcounter/Src/driver/Button" -I"D:/STM32/250620_upcounter/Src/driver" -I"D:/STM32/250620_upcounter/Src/ap" -I"D:/STM32/250620_upcounter/Src/driver/TIM" -I"D:/STM32/250620_upcounter/Src/driver/Systick" -O0 -ffunction-sections -fdata-sections -Wall -fstack-usage -fcyclomatic-complexity -MMD -MP -MF"Src/driver/Button/Button.d" -MT"Src/driver/Button/Button.o" --specs=nano.specs -mfpu=fpv4-sp-d16 -mfloat-abi=hard -mthumb -o "Src/driver/Button/Button.o"
arm-none-eabi-gcc "../Src/ap/ap_main.c" -mcpu=cortex-m4 -std=gnu11 -g3 -DDEBUG -DSTM32F411xE -DSTM32 -DSTM32F4 -DSTM32F411RETx -c -I../Inc -I"D:/STM32/250620_upcounter/Src/driver/GPIO" -I"D:/STM32/250620_upcounter/Src/driver/Led_Bar" -I"D:/STM32/250620_upcounter/Src/driver/SystemClock" -I"D:/STM32/250620_upcounter/Src/driver/FND" -I"D:/STM32/250620_upcounter/Src/driver/Button" -I"D:/STM32/250620_upcounter/Src/driver" -I"D:/STM32/250620_upcounter/Src/ap" -I"D:/STM32/250620_upcounter/Src/driver/TIM" -I"D:/STM32/250620_upcounter/Src/driver/Systick" -O0 -ffunction-sections -fdata-sections -Wall -fstack-usage -fcyclomatic-complexity -MMD -MP -MF"Src/ap/ap_main.d" -MT"Src/ap/ap_main.o" --specs=nano.specs -mfpu=fpv4-sp-d16 -mfloat-abi=hard -mthumb -o "Src/ap/ap_main.o"
arm-none-eabi-gcc "../Src/main.c" -mcpu=cortex-m4 -std=gnu11 -g3 -DDEBUG -DSTM32F411xE -DSTM32 -DSTM32F4 -DSTM32F411RETx -c -I../Inc -I"D:/STM32/250620_upcounter/Src/driver/GPIO" -I"D:/STM32/250620_upcounter/Src/driver/Led_Bar" -I"D:/STM32/250620_upcounter/Src/driver/SystemClock" -I"D:/STM32/250620_upcounter/Src/driver/FND" -I"D:/STM32/250620_upcounter/Src/driver/Button" -I"D:/STM32/250620_upcounter/Src/driver" -I"D:/STM32/250620_upcounter/Src/ap" -I"D:/STM32/250620_upcounter/Src/driver/TIM" -I"D:/STM32/250620_upcounter/Src/driver/Systick" -O0 -ffunction-sections -fdata-sections -Wall -fstack-usage -fcyclomatic-complexity -MMD -MP -MF"Src/main.d" -MT"Src/main.o" --specs=nano.specs -mfpu=fpv4-sp-d16 -mfloat-abi=hard -mthumb -o "Src/main.o"
arm-none-eabi-gcc "../Src/syscalls.c" -mcpu=cortex-m4 -std=gnu11 -g3 -DDEBUG -DSTM32F411xE -DSTM32 -DSTM32F4 -DSTM32F411RETx -c -I../Inc -I"D:/STM32/250620_upcounter/Src/driver/GPIO" -I"D:/STM32/250620_upcounter/Src/driver/Led_Bar" -I"D:/STM32/250620_upcounter/Src/driver/SystemClock" -I"D:/STM32/250620_upcounter/Src/driver/FND" -I"D:/STM32/250620_upcounter/Src/driver/Button" -I"D:/STM32/250620_upcounter/Src/driver" -I"D:/STM32/250620_upcounter/Src/ap" -I"D:/STM32/250620_upcounter/Src/driver/TIM" -I"D:/STM32/250620_upcounter/Src/driver/Systick" -O0 -ffunction-sections -fdata-sections -Wall -fstack-usage -fcyclomatic-complexity -MMD -MP -MF"Src/syscalls.d" -MT"Src/syscalls.o" --specs=nano.specs -mfpu=fpv4-sp-d16 -mfloat-abi=hard -mthumb -o "Src/syscalls.o"
arm-none-eabi-gcc "../Src/sysmem.c" -mcpu=cortex-m4 -std=gnu11 -g3 -DDEBUG -DSTM32F411xE -DSTM32 -DSTM32F4 -DSTM32F411RETx -c -I../Inc -I"D:/STM32/250620_upcounter/Src/driver/GPIO" -I"D:/STM32/250620_upcounter/Src/driver/Led_Bar" -I"D:/STM32/250620_upcounter/Src/driver/SystemClock" -I"D:/STM32/250620_upcounter/Src/driver/FND" -I"D:/STM32/250620_upcounter/Src/driver/Button" -I"D:/STM32/250620_upcounter/Src/driver" -I"D:/STM32/250620_upcounter/Src/ap" -I"D:/STM32/250620_upcounter/Src/driver/TIM" -I"D:/STM32/250620_upcounter/Src/driver/Systick" -O0 -ffunction-sections -fdata-sections -Wall -fstack-usage -fcyclomatic-complexity -MMD -MP -MF"Src/sysmem.d" -MT"Src/sysmem.o" --specs=nano.specs -mfpu=fpv4-sp-d16 -mfloat-abi=hard -mthumb -o "Src/sysmem.o"
../Src/driver/FND/FND.c:86:6: warning: 'FND_DispOff' defined but not used [-Wunused-function]
   86 | void FND_DispOff(int fndPos) {
      |      ^~~~~~~~~~~
arm-none-eabi-gcc -o "250620_FND_TIM_interrupt.elf" @"objects.list"   -mcpu=cortex-m4 -T"D:\STM32\250620_upcounter\STM32F411RETX_FLASH.ld" --specs=nosys.specs -Wl,-Map="250620_FND_TIM_interrupt.map" -Wl,--gc-sections -static --specs=nano.specs -mfpu=fpv4-sp-d16 -mfloat-abi=hard -mthumb -Wl,--start-group -lc -lm -Wl,--end-group
Finished building target: 250620_FND_TIM_interrupt.elf
 
arm-none-eabi-size  250620_FND_TIM_interrupt.elf 
arm-none-eabi-objdump -h -S 250620_FND_TIM_interrupt.elf  > "250620_FND_TIM_interrupt.list"
   text	   data	    bss	    dec	    hex	filename
   2212	     96	   1616	   3924	    f54	250620_FND_TIM_interrupt.elf
Finished building: default.size.stdout
 
Finished building: 250620_FND_TIM_interrupt.list
 

14:44:33 Build Finished. 0 errors, 1 warnings. (took 585ms)

