14:44:31 **** Build of configuration Debug for project 250619_button_led ****
make -j16 all 
arm-none-eabi-gcc -mcpu=cortex-m4 -g3 -DDEBUG -c -I"D:/STM32/250619_button_led/Src/driver/GPIO" -I"D:/STM32/250619_button_led/Src/driver/Led_Bar" -I"D:/STM32/250619_button_led/Src/driver/SystemClock" -I"D:/STM32/250619_button_led/Src/ap" -I"D:/STM32/250619_button_led/Src/driver/Button" -x assembler-with-cpp -MMD -MP -MF"Startup/startup_stm32f411retx.d" -MT"Startup/startup_stm32f411retx.o" --specs=nano.specs -mfpu=fpv4-sp-d16 -mfloat-abi=hard -mthumb -o "Startup/startup_stm32f411retx.o" "../Startup/startup_stm32f411retx.s"
arm-none-eabi-gcc "../Src/driver/SystemClock/SystemClock.c" -mcpu=cortex-m4 -std=gnu11 -g3 -DDEBUG -DSTM32 -DSTM32F4 -DSTM32F411RETx -c -I../Inc -I"D:/STM32/250619_button_led/Src/driver/GPIO" -I"D:/STM32/250619_button_led/Src/driver/Led_Bar" -I"D:/STM32/250619_button_led/Src/driver/SystemClock" -I"D:/STM32/250619_button_led/Src/ap" -I"D:/STM32/250619_button_led/Src/driver/Button" -O0 -ffunction-sections -fdata-sections -Wall -fstack-usage -fcyclomatic-complexity -MMD -MP -MF"Src/driver/SystemClock/SystemClock.d" -MT"Src/driver/SystemClock/SystemClock.o" --specs=nano.specs -mfpu=fpv4-sp-d16 -mfloat-abi=hard -mthumb -o "Src/driver/SystemClock/SystemClock.o"
arm-none-eabi-gcc "../Src/driver/Led_Bar/LED_Bar.c" -mcpu=cortex-m4 -std=gnu11 -g3 -DDEBUG -DSTM32 -DSTM32F4 -DSTM32F411RETx -c -I../Inc -I"D:/STM32/250619_button_led/Src/driver/GPIO" -I"D:/STM32/250619_button_led/Src/driver/Led_Bar" -I"D:/STM32/250619_button_led/Src/driver/SystemClock" -I"D:/STM32/250619_button_led/Src/ap" -I"D:/STM32/250619_button_led/Src/driver/Button" -O0 -ffunction-sections -fdata-sections -Wall -fstack-usage -fcyclomatic-complexity -MMD -MP -MF"Src/driver/Led_Bar/LED_Bar.d" -MT"Src/driver/Led_Bar/LED_Bar.o" --specs=nano.specs -mfpu=fpv4-sp-d16 -mfloat-abi=hard -mthumb -o "Src/driver/Led_Bar/LED_Bar.o"
arm-none-eabi-gcc "../Src/driver/GPIO/GPIO.c" -mcpu=cortex-m4 -std=gnu11 -g3 -DDEBUG -DSTM32 -DSTM32F4 -DSTM32F411RETx -c -I../Inc -I"D:/STM32/250619_button_led/Src/driver/GPIO" -I"D:/STM32/250619_button_led/Src/driver/Led_Bar" -I"D:/STM32/250619_button_led/Src/driver/SystemClock" -I"D:/STM32/250619_button_led/Src/ap" -I"D:/STM32/250619_button_led/Src/driver/Button" -O0 -ffunction-sections -fdata-sections -Wall -fstack-usage -fcyclomatic-complexity -MMD -MP -MF"Src/driver/GPIO/GPIO.d" -MT"Src/driver/GPIO/GPIO.o" --specs=nano.specs -mfpu=fpv4-sp-d16 -mfloat-abi=hard -mthumb -o "Src/driver/GPIO/GPIO.o"
arm-none-eabi-gcc "../Src/driver/Button/Button.c" -mcpu=cortex-m4 -std=gnu11 -g3 -DDEBUG -DSTM32 -DSTM32F4 -DSTM32F411RETx -c -I../Inc -I"D:/STM32/250619_button_led/Src/driver/GPIO" -I"D:/STM32/250619_button_led/Src/driver/Led_Bar" -I"D:/STM32/250619_button_led/Src/driver/SystemClock" -I"D:/STM32/250619_button_led/Src/ap" -I"D:/STM32/250619_button_led/Src/driver/Button" -O0 -ffunction-sections -fdata-sections -Wall -fstack-usage -fcyclomatic-complexity -MMD -MP -MF"Src/driver/Button/Button.d" -MT"Src/driver/Button/Button.o" --specs=nano.specs -mfpu=fpv4-sp-d16 -mfloat-abi=hard -mthumb -o "Src/driver/Button/Button.o"
arm-none-eabi-gcc "../Src/ap/ap_main.c" -mcpu=cortex-m4 -std=gnu11 -g3 -DDEBUG -DSTM32 -DSTM32F4 -DSTM32F411RETx -c -I../Inc -I"D:/STM32/250619_button_led/Src/driver/GPIO" -I"D:/STM32/250619_button_led/Src/driver/Led_Bar" -I"D:/STM32/250619_button_led/Src/driver/SystemClock" -I"D:/STM32/250619_button_led/Src/ap" -I"D:/STM32/250619_button_led/Src/driver/Button" -O0 -ffunction-sections -fdata-sections -Wall -fstack-usage -fcyclomatic-complexity -MMD -MP -MF"Src/ap/ap_main.d" -MT"Src/ap/ap_main.o" --specs=nano.specs -mfpu=fpv4-sp-d16 -mfloat-abi=hard -mthumb -o "Src/ap/ap_main.o"
arm-none-eabi-gcc "../Src/main.c" -mcpu=cortex-m4 -std=gnu11 -g3 -DDEBUG -DSTM32 -DSTM32F4 -DSTM32F411RETx -c -I../Inc -I"D:/STM32/250619_button_led/Src/driver/GPIO" -I"D:/STM32/250619_button_led/Src/driver/Led_Bar" -I"D:/STM32/250619_button_led/Src/driver/SystemClock" -I"D:/STM32/250619_button_led/Src/ap" -I"D:/STM32/250619_button_led/Src/driver/Button" -O0 -ffunction-sections -fdata-sections -Wall -fstack-usage -fcyclomatic-complexity -MMD -MP -MF"Src/main.d" -MT"Src/main.o" --specs=nano.specs -mfpu=fpv4-sp-d16 -mfloat-abi=hard -mthumb -o "Src/main.o"
arm-none-eabi-gcc "../Src/syscalls.c" -mcpu=cortex-m4 -std=gnu11 -g3 -DDEBUG -DSTM32 -DSTM32F4 -DSTM32F411RETx -c -I../Inc -I"D:/STM32/250619_button_led/Src/driver/GPIO" -I"D:/STM32/250619_button_led/Src/driver/Led_Bar" -I"D:/STM32/250619_button_led/Src/driver/SystemClock" -I"D:/STM32/250619_button_led/Src/ap" -I"D:/STM32/250619_button_led/Src/driver/Button" -O0 -ffunction-sections -fdata-sections -Wall -fstack-usage -fcyclomatic-complexity -MMD -MP -MF"Src/syscalls.d" -MT"Src/syscalls.o" --specs=nano.specs -mfpu=fpv4-sp-d16 -mfloat-abi=hard -mthumb -o "Src/syscalls.o"
arm-none-eabi-gcc "../Src/sysmem.c" -mcpu=cortex-m4 -std=gnu11 -g3 -DDEBUG -DSTM32 -DSTM32F4 -DSTM32F411RETx -c -I../Inc -I"D:/STM32/250619_button_led/Src/driver/GPIO" -I"D:/STM32/250619_button_led/Src/driver/Led_Bar" -I"D:/STM32/250619_button_led/Src/driver/SystemClock" -I"D:/STM32/250619_button_led/Src/ap" -I"D:/STM32/250619_button_led/Src/driver/Button" -O0 -ffunction-sections -fdata-sections -Wall -fstack-usage -fcyclomatic-complexity -MMD -MP -MF"Src/sysmem.d" -MT"Src/sysmem.o" --specs=nano.specs -mfpu=fpv4-sp-d16 -mfloat-abi=hard -mthumb -o "Src/sysmem.o"
arm-none-eabi-gcc -o "250619_button_led.elf" @"objects.list"   -mcpu=cortex-m4 -T"D:\STM32\250619_button_led\STM32F411RETX_FLASH.ld" --specs=nosys.specs -Wl,-Map="250619_button_led.map" -Wl,--gc-sections -static --specs=nano.specs -mfpu=fpv4-sp-d16 -mfloat-abi=hard -mthumb -Wl,--start-group -lc -lm -Wl,--end-group
Finished building target: 250619_button_led.elf
 
arm-none-eabi-size  250619_button_led.elf 
arm-none-eabi-objdump -h -S 250619_button_led.elf  > "250619_button_led.list"
   text	   data	    bss	    dec	    hex	filename
   1676	     64	   1600	   3340	    d0c	250619_button_led.elf
Finished building: default.size.stdout
 
Finished building: 250619_button_led.list
 

14:44:31 Build Finished. 0 errors, 0 warnings. (took 484ms)

