14:44:38 **** Build of configuration Debug for project 250625_TimeWatch_StopWatch_rx ****
make -j16 all 
arm-none-eabi-gcc "../Drivers/STM32F4xx_HAL_Driver/Src/stm32f4xx_hal.c" -mcpu=cortex-m4 -std=gnu11 -g3 -DDEBUG -DUSE_HAL_DRIVER -DSTM32F411xE -c -I../Core/Inc -I../Drivers/STM32F4xx_HAL_Driver/Inc -I../Drivers/STM32F4xx_HAL_Driver/Inc/Legacy -I../Drivers/CMSIS/Device/ST/STM32F4xx/Include -I../Drivers/CMSIS/Include -I"D:/STM32/250625_TimeWatch_StopWatch_rx/Core/ap" -I"D:/STM32/250625_TimeWatch_StopWatch_rx/Core/driver" -I"D:/STM32/250625_TimeWatch_StopWatch_rx/Core/driver/Button" -I"D:/STM32/250625_TimeWatch_StopWatch_rx/Core/driver/FND" -I"D:/STM32/250625_TimeWatch_StopWatch_rx/Core/driver/LedBar" -I"D:/STM32/250625_TimeWatch_StopWatch_rx/Core/ap/src" -I"D:/STM32/250625_TimeWatch_StopWatch_rx/Core/ap/Inc" -O0 -ffunction-sections -fdata-sections -Wall -fstack-usage -fcyclomatic-complexity -MMD -MP -MF"Drivers/STM32F4xx_HAL_Driver/Src/stm32f4xx_hal.d" -MT"Drivers/STM32F4xx_HAL_Driver/Src/stm32f4xx_hal.o" --specs=nano.specs -mfpu=fpv4-sp-d16 -mfloat-abi=hard -mthumb -o "Drivers/STM32F4xx_HAL_Driver/Src/stm32f4xx_hal.o"
arm-none-eabi-gcc "../Drivers/STM32F4xx_HAL_Driver/Src/stm32f4xx_hal_cortex.c" -mcpu=cortex-m4 -std=gnu11 -g3 -DDEBUG -DUSE_HAL_DRIVER -DSTM32F411xE -c -I../Core/Inc -I../Drivers/STM32F4xx_HAL_Driver/Inc -I../Drivers/STM32F4xx_HAL_Driver/Inc/Legacy -I../Drivers/CMSIS/Device/ST/STM32F4xx/Include -I../Drivers/CMSIS/Include -I"D:/STM32/250625_TimeWatch_StopWatch_rx/Core/ap" -I"D:/STM32/250625_TimeWatch_StopWatch_rx/Core/driver" -I"D:/STM32/250625_TimeWatch_StopWatch_rx/Core/driver/Button" -I"D:/STM32/250625_TimeWatch_StopWatch_rx/Core/driver/FND" -I"D:/STM32/250625_TimeWatch_StopWatch_rx/Core/driver/LedBar" -I"D:/STM32/250625_TimeWatch_StopWatch_rx/Core/ap/src" -I"D:/STM32/250625_TimeWatch_StopWatch_rx/Core/ap/Inc" -O0 -ffunction-sections -fdata-sections -Wall -fstack-usage -fcyclomatic-complexity -MMD -MP -MF"Drivers/STM32F4xx_HAL_Driver/Src/stm32f4xx_hal_cortex.d" -MT"Drivers/STM32F4xx_HAL_Driver/Src/stm32f4xx_hal_cortex.o" --specs=nano.specs -mfpu=fpv4-sp-d16 -mfloat-abi=hard -mthumb -o "Drivers/STM32F4xx_HAL_Driver/Src/stm32f4xx_hal_cortex.o"
arm-none-eabi-gcc "../Drivers/STM32F4xx_HAL_Driver/Src/stm32f4xx_hal_dma.c" -mcpu=cortex-m4 -std=gnu11 -g3 -DDEBUG -DUSE_HAL_DRIVER -DSTM32F411xE -c -I../Core/Inc -I../Drivers/STM32F4xx_HAL_Driver/Inc -I../Drivers/STM32F4xx_HAL_Driver/Inc/Legacy -I../Drivers/CMSIS/Device/ST/STM32F4xx/Include -I../Drivers/CMSIS/Include -I"D:/STM32/250625_TimeWatch_StopWatch_rx/Core/ap" -I"D:/STM32/250625_TimeWatch_StopWatch_rx/Core/driver" -I"D:/STM32/250625_TimeWatch_StopWatch_rx/Core/driver/Button" -I"D:/STM32/250625_TimeWatch_StopWatch_rx/Core/driver/FND" -I"D:/STM32/250625_TimeWatch_StopWatch_rx/Core/driver/LedBar" -I"D:/STM32/250625_TimeWatch_StopWatch_rx/Core/ap/src" -I"D:/STM32/250625_TimeWatch_StopWatch_rx/Core/ap/Inc" -O0 -ffunction-sections -fdata-sections -Wall -fstack-usage -fcyclomatic-complexity -MMD -MP -MF"Drivers/STM32F4xx_HAL_Driver/Src/stm32f4xx_hal_dma.d" -MT"Drivers/STM32F4xx_HAL_Driver/Src/stm32f4xx_hal_dma.o" --specs=nano.specs -mfpu=fpv4-sp-d16 -mfloat-abi=hard -mthumb -o "Drivers/STM32F4xx_HAL_Driver/Src/stm32f4xx_hal_dma.o"
arm-none-eabi-gcc "../Drivers/STM32F4xx_HAL_Driver/Src/stm32f4xx_hal_dma_ex.c" -mcpu=cortex-m4 -std=gnu11 -g3 -DDEBUG -DUSE_HAL_DRIVER -DSTM32F411xE -c -I../Core/Inc -I../Drivers/STM32F4xx_HAL_Driver/Inc -I../Drivers/STM32F4xx_HAL_Driver/Inc/Legacy -I../Drivers/CMSIS/Device/ST/STM32F4xx/Include -I../Drivers/CMSIS/Include -I"D:/STM32/250625_TimeWatch_StopWatch_rx/Core/ap" -I"D:/STM32/250625_TimeWatch_StopWatch_rx/Core/driver" -I"D:/STM32/250625_TimeWatch_StopWatch_rx/Core/driver/Button" -I"D:/STM32/250625_TimeWatch_StopWatch_rx/Core/driver/FND" -I"D:/STM32/250625_TimeWatch_StopWatch_rx/Core/driver/LedBar" -I"D:/STM32/250625_TimeWatch_StopWatch_rx/Core/ap/src" -I"D:/STM32/250625_TimeWatch_StopWatch_rx/Core/ap/Inc" -O0 -ffunction-sections -fdata-sections -Wall -fstack-usage -fcyclomatic-complexity -MMD -MP -MF"Drivers/STM32F4xx_HAL_Driver/Src/stm32f4xx_hal_dma_ex.d" -MT"Drivers/STM32F4xx_HAL_Driver/Src/stm32f4xx_hal_dma_ex.o" --specs=nano.specs -mfpu=fpv4-sp-d16 -mfloat-abi=hard -mthumb -o "Drivers/STM32F4xx_HAL_Driver/Src/stm32f4xx_hal_dma_ex.o"
arm-none-eabi-gcc "../Drivers/STM32F4xx_HAL_Driver/Src/stm32f4xx_hal_exti.c" -mcpu=cortex-m4 -std=gnu11 -g3 -DDEBUG -DUSE_HAL_DRIVER -DSTM32F411xE -c -I../Core/Inc -I../Drivers/STM32F4xx_HAL_Driver/Inc -I../Drivers/STM32F4xx_HAL_Driver/Inc/Legacy -I../Drivers/CMSIS/Device/ST/STM32F4xx/Include -I../Drivers/CMSIS/Include -I"D:/STM32/250625_TimeWatch_StopWatch_rx/Core/ap" -I"D:/STM32/250625_TimeWatch_StopWatch_rx/Core/driver" -I"D:/STM32/250625_TimeWatch_StopWatch_rx/Core/driver/Button" -I"D:/STM32/250625_TimeWatch_StopWatch_rx/Core/driver/FND" -I"D:/STM32/250625_TimeWatch_StopWatch_rx/Core/driver/LedBar" -I"D:/STM32/250625_TimeWatch_StopWatch_rx/Core/ap/src" -I"D:/STM32/250625_TimeWatch_StopWatch_rx/Core/ap/Inc" -O0 -ffunction-sections -fdata-sections -Wall -fstack-usage -fcyclomatic-complexity -MMD -MP -MF"Drivers/STM32F4xx_HAL_Driver/Src/stm32f4xx_hal_exti.d" -MT"Drivers/STM32F4xx_HAL_Driver/Src/stm32f4xx_hal_exti.o" --specs=nano.specs -mfpu=fpv4-sp-d16 -mfloat-abi=hard -mthumb -o "Drivers/STM32F4xx_HAL_Driver/Src/stm32f4xx_hal_exti.o"
arm-none-eabi-gcc "../Drivers/STM32F4xx_HAL_Driver/Src/stm32f4xx_hal_flash.c" -mcpu=cortex-m4 -std=gnu11 -g3 -DDEBUG -DUSE_HAL_DRIVER -DSTM32F411xE -c -I../Core/Inc -I../Drivers/STM32F4xx_HAL_Driver/Inc -I../Drivers/STM32F4xx_HAL_Driver/Inc/Legacy -I../Drivers/CMSIS/Device/ST/STM32F4xx/Include -I../Drivers/CMSIS/Include -I"D:/STM32/250625_TimeWatch_StopWatch_rx/Core/ap" -I"D:/STM32/250625_TimeWatch_StopWatch_rx/Core/driver" -I"D:/STM32/250625_TimeWatch_StopWatch_rx/Core/driver/Button" -I"D:/STM32/250625_TimeWatch_StopWatch_rx/Core/driver/FND" -I"D:/STM32/250625_TimeWatch_StopWatch_rx/Core/driver/LedBar" -I"D:/STM32/250625_TimeWatch_StopWatch_rx/Core/ap/src" -I"D:/STM32/250625_TimeWatch_StopWatch_rx/Core/ap/Inc" -O0 -ffunction-sections -fdata-sections -Wall -fstack-usage -fcyclomatic-complexity -MMD -MP -MF"Drivers/STM32F4xx_HAL_Driver/Src/stm32f4xx_hal_flash.d" -MT"Drivers/STM32F4xx_HAL_Driver/Src/stm32f4xx_hal_flash.o" --specs=nano.specs -mfpu=fpv4-sp-d16 -mfloat-abi=hard -mthumb -o "Drivers/STM32F4xx_HAL_Driver/Src/stm32f4xx_hal_flash.o"
arm-none-eabi-gcc "../Drivers/STM32F4xx_HAL_Driver/Src/stm32f4xx_hal_flash_ex.c" -mcpu=cortex-m4 -std=gnu11 -g3 -DDEBUG -DUSE_HAL_DRIVER -DSTM32F411xE -c -I../Core/Inc -I../Drivers/STM32F4xx_HAL_Driver/Inc -I../Drivers/STM32F4xx_HAL_Driver/Inc/Legacy -I../Drivers/CMSIS/Device/ST/STM32F4xx/Include -I../Drivers/CMSIS/Include -I"D:/STM32/250625_TimeWatch_StopWatch_rx/Core/ap" -I"D:/STM32/250625_TimeWatch_StopWatch_rx/Core/driver" -I"D:/STM32/250625_TimeWatch_StopWatch_rx/Core/driver/Button" -I"D:/STM32/250625_TimeWatch_StopWatch_rx/Core/driver/FND" -I"D:/STM32/250625_TimeWatch_StopWatch_rx/Core/driver/LedBar" -I"D:/STM32/250625_TimeWatch_StopWatch_rx/Core/ap/src" -I"D:/STM32/250625_TimeWatch_StopWatch_rx/Core/ap/Inc" -O0 -ffunction-sections -fdata-sections -Wall -fstack-usage -fcyclomatic-complexity -MMD -MP -MF"Drivers/STM32F4xx_HAL_Driver/Src/stm32f4xx_hal_flash_ex.d" -MT"Drivers/STM32F4xx_HAL_Driver/Src/stm32f4xx_hal_flash_ex.o" --specs=nano.specs -mfpu=fpv4-sp-d16 -mfloat-abi=hard -mthumb -o "Drivers/STM32F4xx_HAL_Driver/Src/stm32f4xx_hal_flash_ex.o"
arm-none-eabi-gcc "../Drivers/STM32F4xx_HAL_Driver/Src/stm32f4xx_hal_flash_ramfunc.c" -mcpu=cortex-m4 -std=gnu11 -g3 -DDEBUG -DUSE_HAL_DRIVER -DSTM32F411xE -c -I../Core/Inc -I../Drivers/STM32F4xx_HAL_Driver/Inc -I../Drivers/STM32F4xx_HAL_Driver/Inc/Legacy -I../Drivers/CMSIS/Device/ST/STM32F4xx/Include -I../Drivers/CMSIS/Include -I"D:/STM32/250625_TimeWatch_StopWatch_rx/Core/ap" -I"D:/STM32/250625_TimeWatch_StopWatch_rx/Core/driver" -I"D:/STM32/250625_TimeWatch_StopWatch_rx/Core/driver/Button" -I"D:/STM32/250625_TimeWatch_StopWatch_rx/Core/driver/FND" -I"D:/STM32/250625_TimeWatch_StopWatch_rx/Core/driver/LedBar" -I"D:/STM32/250625_TimeWatch_StopWatch_rx/Core/ap/src" -I"D:/STM32/250625_TimeWatch_StopWatch_rx/Core/ap/Inc" -O0 -ffunction-sections -fdata-sections -Wall -fstack-usage -fcyclomatic-complexity -MMD -MP -MF"Drivers/STM32F4xx_HAL_Driver/Src/stm32f4xx_hal_flash_ramfunc.d" -MT"Drivers/STM32F4xx_HAL_Driver/Src/stm32f4xx_hal_flash_ramfunc.o" --specs=nano.specs -mfpu=fpv4-sp-d16 -mfloat-abi=hard -mthumb -o "Drivers/STM32F4xx_HAL_Driver/Src/stm32f4xx_hal_flash_ramfunc.o"
arm-none-eabi-gcc "../Drivers/STM32F4xx_HAL_Driver/Src/stm32f4xx_hal_gpio.c" -mcpu=cortex-m4 -std=gnu11 -g3 -DDEBUG -DUSE_HAL_DRIVER -DSTM32F411xE -c -I../Core/Inc -I../Drivers/STM32F4xx_HAL_Driver/Inc -I../Drivers/STM32F4xx_HAL_Driver/Inc/Legacy -I../Drivers/CMSIS/Device/ST/STM32F4xx/Include -I../Drivers/CMSIS/Include -I"D:/STM32/250625_TimeWatch_StopWatch_rx/Core/ap" -I"D:/STM32/250625_TimeWatch_StopWatch_rx/Core/driver" -I"D:/STM32/250625_TimeWatch_StopWatch_rx/Core/driver/Button" -I"D:/STM32/250625_TimeWatch_StopWatch_rx/Core/driver/FND" -I"D:/STM32/250625_TimeWatch_StopWatch_rx/Core/driver/LedBar" -I"D:/STM32/250625_TimeWatch_StopWatch_rx/Core/ap/src" -I"D:/STM32/250625_TimeWatch_StopWatch_rx/Core/ap/Inc" -O0 -ffunction-sections -fdata-sections -Wall -fstack-usage -fcyclomatic-complexity -MMD -MP -MF"Drivers/STM32F4xx_HAL_Driver/Src/stm32f4xx_hal_gpio.d" -MT"Drivers/STM32F4xx_HAL_Driver/Src/stm32f4xx_hal_gpio.o" --specs=nano.specs -mfpu=fpv4-sp-d16 -mfloat-abi=hard -mthumb -o "Drivers/STM32F4xx_HAL_Driver/Src/stm32f4xx_hal_gpio.o"
arm-none-eabi-gcc "../Drivers/STM32F4xx_HAL_Driver/Src/stm32f4xx_hal_pwr.c" -mcpu=cortex-m4 -std=gnu11 -g3 -DDEBUG -DUSE_HAL_DRIVER -DSTM32F411xE -c -I../Core/Inc -I../Drivers/STM32F4xx_HAL_Driver/Inc -I../Drivers/STM32F4xx_HAL_Driver/Inc/Legacy -I../Drivers/CMSIS/Device/ST/STM32F4xx/Include -I../Drivers/CMSIS/Include -I"D:/STM32/250625_TimeWatch_StopWatch_rx/Core/ap" -I"D:/STM32/250625_TimeWatch_StopWatch_rx/Core/driver" -I"D:/STM32/250625_TimeWatch_StopWatch_rx/Core/driver/Button" -I"D:/STM32/250625_TimeWatch_StopWatch_rx/Core/driver/FND" -I"D:/STM32/250625_TimeWatch_StopWatch_rx/Core/driver/LedBar" -I"D:/STM32/250625_TimeWatch_StopWatch_rx/Core/ap/src" -I"D:/STM32/250625_TimeWatch_StopWatch_rx/Core/ap/Inc" -O0 -ffunction-sections -fdata-sections -Wall -fstack-usage -fcyclomatic-complexity -MMD -MP -MF"Drivers/STM32F4xx_HAL_Driver/Src/stm32f4xx_hal_pwr.d" -MT"Drivers/STM32F4xx_HAL_Driver/Src/stm32f4xx_hal_pwr.o" --specs=nano.specs -mfpu=fpv4-sp-d16 -mfloat-abi=hard -mthumb -o "Drivers/STM32F4xx_HAL_Driver/Src/stm32f4xx_hal_pwr.o"
arm-none-eabi-gcc "../Drivers/STM32F4xx_HAL_Driver/Src/stm32f4xx_hal_pwr_ex.c" -mcpu=cortex-m4 -std=gnu11 -g3 -DDEBUG -DUSE_HAL_DRIVER -DSTM32F411xE -c -I../Core/Inc -I../Drivers/STM32F4xx_HAL_Driver/Inc -I../Drivers/STM32F4xx_HAL_Driver/Inc/Legacy -I../Drivers/CMSIS/Device/ST/STM32F4xx/Include -I../Drivers/CMSIS/Include -I"D:/STM32/250625_TimeWatch_StopWatch_rx/Core/ap" -I"D:/STM32/250625_TimeWatch_StopWatch_rx/Core/driver" -I"D:/STM32/250625_TimeWatch_StopWatch_rx/Core/driver/Button" -I"D:/STM32/250625_TimeWatch_StopWatch_rx/Core/driver/FND" -I"D:/STM32/250625_TimeWatch_StopWatch_rx/Core/driver/LedBar" -I"D:/STM32/250625_TimeWatch_StopWatch_rx/Core/ap/src" -I"D:/STM32/250625_TimeWatch_StopWatch_rx/Core/ap/Inc" -O0 -ffunction-sections -fdata-sections -Wall -fstack-usage -fcyclomatic-complexity -MMD -MP -MF"Drivers/STM32F4xx_HAL_Driver/Src/stm32f4xx_hal_pwr_ex.d" -MT"Drivers/STM32F4xx_HAL_Driver/Src/stm32f4xx_hal_pwr_ex.o" --specs=nano.specs -mfpu=fpv4-sp-d16 -mfloat-abi=hard -mthumb -o "Drivers/STM32F4xx_HAL_Driver/Src/stm32f4xx_hal_pwr_ex.o"
arm-none-eabi-gcc "../Drivers/STM32F4xx_HAL_Driver/Src/stm32f4xx_hal_rcc.c" -mcpu=cortex-m4 -std=gnu11 -g3 -DDEBUG -DUSE_HAL_DRIVER -DSTM32F411xE -c -I../Core/Inc -I../Drivers/STM32F4xx_HAL_Driver/Inc -I../Drivers/STM32F4xx_HAL_Driver/Inc/Legacy -I../Drivers/CMSIS/Device/ST/STM32F4xx/Include -I../Drivers/CMSIS/Include -I"D:/STM32/250625_TimeWatch_StopWatch_rx/Core/ap" -I"D:/STM32/250625_TimeWatch_StopWatch_rx/Core/driver" -I"D:/STM32/250625_TimeWatch_StopWatch_rx/Core/driver/Button" -I"D:/STM32/250625_TimeWatch_StopWatch_rx/Core/driver/FND" -I"D:/STM32/250625_TimeWatch_StopWatch_rx/Core/driver/LedBar" -I"D:/STM32/250625_TimeWatch_StopWatch_rx/Core/ap/src" -I"D:/STM32/250625_TimeWatch_StopWatch_rx/Core/ap/Inc" -O0 -ffunction-sections -fdata-sections -Wall -fstack-usage -fcyclomatic-complexity -MMD -MP -MF"Drivers/STM32F4xx_HAL_Driver/Src/stm32f4xx_hal_rcc.d" -MT"Drivers/STM32F4xx_HAL_Driver/Src/stm32f4xx_hal_rcc.o" --specs=nano.specs -mfpu=fpv4-sp-d16 -mfloat-abi=hard -mthumb -o "Drivers/STM32F4xx_HAL_Driver/Src/stm32f4xx_hal_rcc.o"
arm-none-eabi-gcc "../Drivers/STM32F4xx_HAL_Driver/Src/stm32f4xx_hal_rcc_ex.c" -mcpu=cortex-m4 -std=gnu11 -g3 -DDEBUG -DUSE_HAL_DRIVER -DSTM32F411xE -c -I../Core/Inc -I../Drivers/STM32F4xx_HAL_Driver/Inc -I../Drivers/STM32F4xx_HAL_Driver/Inc/Legacy -I../Drivers/CMSIS/Device/ST/STM32F4xx/Include -I../Drivers/CMSIS/Include -I"D:/STM32/250625_TimeWatch_StopWatch_rx/Core/ap" -I"D:/STM32/250625_TimeWatch_StopWatch_rx/Core/driver" -I"D:/STM32/250625_TimeWatch_StopWatch_rx/Core/driver/Button" -I"D:/STM32/250625_TimeWatch_StopWatch_rx/Core/driver/FND" -I"D:/STM32/250625_TimeWatch_StopWatch_rx/Core/driver/LedBar" -I"D:/STM32/250625_TimeWatch_StopWatch_rx/Core/ap/src" -I"D:/STM32/250625_TimeWatch_StopWatch_rx/Core/ap/Inc" -O0 -ffunction-sections -fdata-sections -Wall -fstack-usage -fcyclomatic-complexity -MMD -MP -MF"Drivers/STM32F4xx_HAL_Driver/Src/stm32f4xx_hal_rcc_ex.d" -MT"Drivers/STM32F4xx_HAL_Driver/Src/stm32f4xx_hal_rcc_ex.o" --specs=nano.specs -mfpu=fpv4-sp-d16 -mfloat-abi=hard -mthumb -o "Drivers/STM32F4xx_HAL_Driver/Src/stm32f4xx_hal_rcc_ex.o"
arm-none-eabi-gcc "../Drivers/STM32F4xx_HAL_Driver/Src/stm32f4xx_hal_tim.c" -mcpu=cortex-m4 -std=gnu11 -g3 -DDEBUG -DUSE_HAL_DRIVER -DSTM32F411xE -c -I../Core/Inc -I../Drivers/STM32F4xx_HAL_Driver/Inc -I../Drivers/STM32F4xx_HAL_Driver/Inc/Legacy -I../Drivers/CMSIS/Device/ST/STM32F4xx/Include -I../Drivers/CMSIS/Include -I"D:/STM32/250625_TimeWatch_StopWatch_rx/Core/ap" -I"D:/STM32/250625_TimeWatch_StopWatch_rx/Core/driver" -I"D:/STM32/250625_TimeWatch_StopWatch_rx/Core/driver/Button" -I"D:/STM32/250625_TimeWatch_StopWatch_rx/Core/driver/FND" -I"D:/STM32/250625_TimeWatch_StopWatch_rx/Core/driver/LedBar" -I"D:/STM32/250625_TimeWatch_StopWatch_rx/Core/ap/src" -I"D:/STM32/250625_TimeWatch_StopWatch_rx/Core/ap/Inc" -O0 -ffunction-sections -fdata-sections -Wall -fstack-usage -fcyclomatic-complexity -MMD -MP -MF"Drivers/STM32F4xx_HAL_Driver/Src/stm32f4xx_hal_tim.d" -MT"Drivers/STM32F4xx_HAL_Driver/Src/stm32f4xx_hal_tim.o" --specs=nano.specs -mfpu=fpv4-sp-d16 -mfloat-abi=hard -mthumb -o "Drivers/STM32F4xx_HAL_Driver/Src/stm32f4xx_hal_tim.o"
arm-none-eabi-gcc "../Drivers/STM32F4xx_HAL_Driver/Src/stm32f4xx_hal_tim_ex.c" -mcpu=cortex-m4 -std=gnu11 -g3 -DDEBUG -DUSE_HAL_DRIVER -DSTM32F411xE -c -I../Core/Inc -I../Drivers/STM32F4xx_HAL_Driver/Inc -I../Drivers/STM32F4xx_HAL_Driver/Inc/Legacy -I../Drivers/CMSIS/Device/ST/STM32F4xx/Include -I../Drivers/CMSIS/Include -I"D:/STM32/250625_TimeWatch_StopWatch_rx/Core/ap" -I"D:/STM32/250625_TimeWatch_StopWatch_rx/Core/driver" -I"D:/STM32/250625_TimeWatch_StopWatch_rx/Core/driver/Button" -I"D:/STM32/250625_TimeWatch_StopWatch_rx/Core/driver/FND" -I"D:/STM32/250625_TimeWatch_StopWatch_rx/Core/driver/LedBar" -I"D:/STM32/250625_TimeWatch_StopWatch_rx/Core/ap/src" -I"D:/STM32/250625_TimeWatch_StopWatch_rx/Core/ap/Inc" -O0 -ffunction-sections -fdata-sections -Wall -fstack-usage -fcyclomatic-complexity -MMD -MP -MF"Drivers/STM32F4xx_HAL_Driver/Src/stm32f4xx_hal_tim_ex.d" -MT"Drivers/STM32F4xx_HAL_Driver/Src/stm32f4xx_hal_tim_ex.o" --specs=nano.specs -mfpu=fpv4-sp-d16 -mfloat-abi=hard -mthumb -o "Drivers/STM32F4xx_HAL_Driver/Src/stm32f4xx_hal_tim_ex.o"
arm-none-eabi-gcc "../Drivers/STM32F4xx_HAL_Driver/Src/stm32f4xx_hal_uart.c" -mcpu=cortex-m4 -std=gnu11 -g3 -DDEBUG -DUSE_HAL_DRIVER -DSTM32F411xE -c -I../Core/Inc -I../Drivers/STM32F4xx_HAL_Driver/Inc -I../Drivers/STM32F4xx_HAL_Driver/Inc/Legacy -I../Drivers/CMSIS/Device/ST/STM32F4xx/Include -I../Drivers/CMSIS/Include -I"D:/STM32/250625_TimeWatch_StopWatch_rx/Core/ap" -I"D:/STM32/250625_TimeWatch_StopWatch_rx/Core/driver" -I"D:/STM32/250625_TimeWatch_StopWatch_rx/Core/driver/Button" -I"D:/STM32/250625_TimeWatch_StopWatch_rx/Core/driver/FND" -I"D:/STM32/250625_TimeWatch_StopWatch_rx/Core/driver/LedBar" -I"D:/STM32/250625_TimeWatch_StopWatch_rx/Core/ap/src" -I"D:/STM32/250625_TimeWatch_StopWatch_rx/Core/ap/Inc" -O0 -ffunction-sections -fdata-sections -Wall -fstack-usage -fcyclomatic-complexity -MMD -MP -MF"Drivers/STM32F4xx_HAL_Driver/Src/stm32f4xx_hal_uart.d" -MT"Drivers/STM32F4xx_HAL_Driver/Src/stm32f4xx_hal_uart.o" --specs=nano.specs -mfpu=fpv4-sp-d16 -mfloat-abi=hard -mthumb -o "Drivers/STM32F4xx_HAL_Driver/Src/stm32f4xx_hal_uart.o"
arm-none-eabi-gcc "../Core/driver/LedBar/LedBar.c" -mcpu=cortex-m4 -std=gnu11 -g3 -DDEBUG -DUSE_HAL_DRIVER -DSTM32F411xE -c -I../Core/Inc -I../Drivers/STM32F4xx_HAL_Driver/Inc -I../Drivers/STM32F4xx_HAL_Driver/Inc/Legacy -I../Drivers/CMSIS/Device/ST/STM32F4xx/Include -I../Drivers/CMSIS/Include -I"D:/STM32/250625_TimeWatch_StopWatch_rx/Core/ap" -I"D:/STM32/250625_TimeWatch_StopWatch_rx/Core/driver" -I"D:/STM32/250625_TimeWatch_StopWatch_rx/Core/driver/Button" -I"D:/STM32/250625_TimeWatch_StopWatch_rx/Core/driver/FND" -I"D:/STM32/250625_TimeWatch_StopWatch_rx/Core/driver/LedBar" -I"D:/STM32/250625_TimeWatch_StopWatch_rx/Core/ap/src" -I"D:/STM32/250625_TimeWatch_StopWatch_rx/Core/ap/Inc" -O0 -ffunction-sections -fdata-sections -Wall -fstack-usage -fcyclomatic-complexity -MMD -MP -MF"Core/driver/LedBar/LedBar.d" -MT"Core/driver/LedBar/LedBar.o" --specs=nano.specs -mfpu=fpv4-sp-d16 -mfloat-abi=hard -mthumb -o "Core/driver/LedBar/LedBar.o"
arm-none-eabi-gcc "../Core/driver/FND/FND.c" -mcpu=cortex-m4 -std=gnu11 -g3 -DDEBUG -DUSE_HAL_DRIVER -DSTM32F411xE -c -I../Core/Inc -I../Drivers/STM32F4xx_HAL_Driver/Inc -I../Drivers/STM32F4xx_HAL_Driver/Inc/Legacy -I../Drivers/CMSIS/Device/ST/STM32F4xx/Include -I../Drivers/CMSIS/Include -I"D:/STM32/250625_TimeWatch_StopWatch_rx/Core/ap" -I"D:/STM32/250625_TimeWatch_StopWatch_rx/Core/driver" -I"D:/STM32/250625_TimeWatch_StopWatch_rx/Core/driver/Button" -I"D:/STM32/250625_TimeWatch_StopWatch_rx/Core/driver/FND" -I"D:/STM32/250625_TimeWatch_StopWatch_rx/Core/driver/LedBar" -I"D:/STM32/250625_TimeWatch_StopWatch_rx/Core/ap/src" -I"D:/STM32/250625_TimeWatch_StopWatch_rx/Core/ap/Inc" -O0 -ffunction-sections -fdata-sections -Wall -fstack-usage -fcyclomatic-complexity -MMD -MP -MF"Core/driver/FND/FND.d" -MT"Core/driver/FND/FND.o" --specs=nano.specs -mfpu=fpv4-sp-d16 -mfloat-abi=hard -mthumb -o "Core/driver/FND/FND.o"
arm-none-eabi-gcc "../Core/driver/Button/Button.c" -mcpu=cortex-m4 -std=gnu11 -g3 -DDEBUG -DUSE_HAL_DRIVER -DSTM32F411xE -c -I../Core/Inc -I../Drivers/STM32F4xx_HAL_Driver/Inc -I../Drivers/STM32F4xx_HAL_Driver/Inc/Legacy -I../Drivers/CMSIS/Device/ST/STM32F4xx/Include -I../Drivers/CMSIS/Include -I"D:/STM32/250625_TimeWatch_StopWatch_rx/Core/ap" -I"D:/STM32/250625_TimeWatch_StopWatch_rx/Core/driver" -I"D:/STM32/250625_TimeWatch_StopWatch_rx/Core/driver/Button" -I"D:/STM32/250625_TimeWatch_StopWatch_rx/Core/driver/FND" -I"D:/STM32/250625_TimeWatch_StopWatch_rx/Core/driver/LedBar" -I"D:/STM32/250625_TimeWatch_StopWatch_rx/Core/ap/src" -I"D:/STM32/250625_TimeWatch_StopWatch_rx/Core/ap/Inc" -O0 -ffunction-sections -fdata-sections -Wall -fstack-usage -fcyclomatic-complexity -MMD -MP -MF"Core/driver/Button/Button.d" -MT"Core/driver/Button/Button.o" --specs=nano.specs -mfpu=fpv4-sp-d16 -mfloat-abi=hard -mthumb -o "Core/driver/Button/Button.o"
arm-none-eabi-gcc "../Core/ap/src/Controller.c" -mcpu=cortex-m4 -std=gnu11 -g3 -DDEBUG -DUSE_HAL_DRIVER -DSTM32F411xE -c -I../Core/Inc -I../Drivers/STM32F4xx_HAL_Driver/Inc -I../Drivers/STM32F4xx_HAL_Driver/Inc/Legacy -I../Drivers/CMSIS/Device/ST/STM32F4xx/Include -I../Drivers/CMSIS/Include -I"D:/STM32/250625_TimeWatch_StopWatch_rx/Core/ap" -I"D:/STM32/250625_TimeWatch_StopWatch_rx/Core/driver" -I"D:/STM32/250625_TimeWatch_StopWatch_rx/Core/driver/Button" -I"D:/STM32/250625_TimeWatch_StopWatch_rx/Core/driver/FND" -I"D:/STM32/250625_TimeWatch_StopWatch_rx/Core/driver/LedBar" -I"D:/STM32/250625_TimeWatch_StopWatch_rx/Core/ap/src" -I"D:/STM32/250625_TimeWatch_StopWatch_rx/Core/ap/Inc" -O0 -ffunction-sections -fdata-sections -Wall -fstack-usage -fcyclomatic-complexity -MMD -MP -MF"Core/ap/src/Controller.d" -MT"Core/ap/src/Controller.o" --specs=nano.specs -mfpu=fpv4-sp-d16 -mfloat-abi=hard -mthumb -o "Core/ap/src/Controller.o"
arm-none-eabi-gcc "../Core/ap/src/Listener.c" -mcpu=cortex-m4 -std=gnu11 -g3 -DDEBUG -DUSE_HAL_DRIVER -DSTM32F411xE -c -I../Core/Inc -I../Drivers/STM32F4xx_HAL_Driver/Inc -I../Drivers/STM32F4xx_HAL_Driver/Inc/Legacy -I../Drivers/CMSIS/Device/ST/STM32F4xx/Include -I../Drivers/CMSIS/Include -I"D:/STM32/250625_TimeWatch_StopWatch_rx/Core/ap" -I"D:/STM32/250625_TimeWatch_StopWatch_rx/Core/driver" -I"D:/STM32/250625_TimeWatch_StopWatch_rx/Core/driver/Button" -I"D:/STM32/250625_TimeWatch_StopWatch_rx/Core/driver/FND" -I"D:/STM32/250625_TimeWatch_StopWatch_rx/Core/driver/LedBar" -I"D:/STM32/250625_TimeWatch_StopWatch_rx/Core/ap/src" -I"D:/STM32/250625_TimeWatch_StopWatch_rx/Core/ap/Inc" -O0 -ffunction-sections -fdata-sections -Wall -fstack-usage -fcyclomatic-complexity -MMD -MP -MF"Core/ap/src/Listener.d" -MT"Core/ap/src/Listener.o" --specs=nano.specs -mfpu=fpv4-sp-d16 -mfloat-abi=hard -mthumb -o "Core/ap/src/Listener.o"
arm-none-eabi-gcc "../Core/ap/src/Presenter.c" -mcpu=cortex-m4 -std=gnu11 -g3 -DDEBUG -DUSE_HAL_DRIVER -DSTM32F411xE -c -I../Core/Inc -I../Drivers/STM32F4xx_HAL_Driver/Inc -I../Drivers/STM32F4xx_HAL_Driver/Inc/Legacy -I../Drivers/CMSIS/Device/ST/STM32F4xx/Include -I../Drivers/CMSIS/Include -I"D:/STM32/250625_TimeWatch_StopWatch_rx/Core/ap" -I"D:/STM32/250625_TimeWatch_StopWatch_rx/Core/driver" -I"D:/STM32/250625_TimeWatch_StopWatch_rx/Core/driver/Button" -I"D:/STM32/250625_TimeWatch_StopWatch_rx/Core/driver/FND" -I"D:/STM32/250625_TimeWatch_StopWatch_rx/Core/driver/LedBar" -I"D:/STM32/250625_TimeWatch_StopWatch_rx/Core/ap/src" -I"D:/STM32/250625_TimeWatch_StopWatch_rx/Core/ap/Inc" -O0 -ffunction-sections -fdata-sections -Wall -fstack-usage -fcyclomatic-complexity -MMD -MP -MF"Core/ap/src/Presenter.d" -MT"Core/ap/src/Presenter.o" --specs=nano.specs -mfpu=fpv4-sp-d16 -mfloat-abi=hard -mthumb -o "Core/ap/src/Presenter.o"
arm-none-eabi-gcc "../Core/ap/src/ap_main.c" -mcpu=cortex-m4 -std=gnu11 -g3 -DDEBUG -DUSE_HAL_DRIVER -DSTM32F411xE -c -I../Core/Inc -I../Drivers/STM32F4xx_HAL_Driver/Inc -I../Drivers/STM32F4xx_HAL_Driver/Inc/Legacy -I../Drivers/CMSIS/Device/ST/STM32F4xx/Include -I../Drivers/CMSIS/Include -I"D:/STM32/250625_TimeWatch_StopWatch_rx/Core/ap" -I"D:/STM32/250625_TimeWatch_StopWatch_rx/Core/driver" -I"D:/STM32/250625_TimeWatch_StopWatch_rx/Core/driver/Button" -I"D:/STM32/250625_TimeWatch_StopWatch_rx/Core/driver/FND" -I"D:/STM32/250625_TimeWatch_StopWatch_rx/Core/driver/LedBar" -I"D:/STM32/250625_TimeWatch_StopWatch_rx/Core/ap/src" -I"D:/STM32/250625_TimeWatch_StopWatch_rx/Core/ap/Inc" -O0 -ffunction-sections -fdata-sections -Wall -fstack-usage -fcyclomatic-complexity -MMD -MP -MF"Core/ap/src/ap_main.d" -MT"Core/ap/src/ap_main.o" --specs=nano.specs -mfpu=fpv4-sp-d16 -mfloat-abi=hard -mthumb -o "Core/ap/src/ap_main.o"
arm-none-eabi-gcc "../Core/ap/src/stopwatch.c" -mcpu=cortex-m4 -std=gnu11 -g3 -DDEBUG -DUSE_HAL_DRIVER -DSTM32F411xE -c -I../Core/Inc -I../Drivers/STM32F4xx_HAL_Driver/Inc -I../Drivers/STM32F4xx_HAL_Driver/Inc/Legacy -I../Drivers/CMSIS/Device/ST/STM32F4xx/Include -I../Drivers/CMSIS/Include -I"D:/STM32/250625_TimeWatch_StopWatch_rx/Core/ap" -I"D:/STM32/250625_TimeWatch_StopWatch_rx/Core/driver" -I"D:/STM32/250625_TimeWatch_StopWatch_rx/Core/driver/Button" -I"D:/STM32/250625_TimeWatch_StopWatch_rx/Core/driver/FND" -I"D:/STM32/250625_TimeWatch_StopWatch_rx/Core/driver/LedBar" -I"D:/STM32/250625_TimeWatch_StopWatch_rx/Core/ap/src" -I"D:/STM32/250625_TimeWatch_StopWatch_rx/Core/ap/Inc" -O0 -ffunction-sections -fdata-sections -Wall -fstack-usage -fcyclomatic-complexity -MMD -MP -MF"Core/ap/src/stopwatch.d" -MT"Core/ap/src/stopwatch.o" --specs=nano.specs -mfpu=fpv4-sp-d16 -mfloat-abi=hard -mthumb -o "Core/ap/src/stopwatch.o"
arm-none-eabi-gcc "../Core/ap/src/timewatch.c" -mcpu=cortex-m4 -std=gnu11 -g3 -DDEBUG -DUSE_HAL_DRIVER -DSTM32F411xE -c -I../Core/Inc -I../Drivers/STM32F4xx_HAL_Driver/Inc -I../Drivers/STM32F4xx_HAL_Driver/Inc/Legacy -I../Drivers/CMSIS/Device/ST/STM32F4xx/Include -I../Drivers/CMSIS/Include -I"D:/STM32/250625_TimeWatch_StopWatch_rx/Core/ap" -I"D:/STM32/250625_TimeWatch_StopWatch_rx/Core/driver" -I"D:/STM32/250625_TimeWatch_StopWatch_rx/Core/driver/Button" -I"D:/STM32/250625_TimeWatch_StopWatch_rx/Core/driver/FND" -I"D:/STM32/250625_TimeWatch_StopWatch_rx/Core/driver/LedBar" -I"D:/STM32/250625_TimeWatch_StopWatch_rx/Core/ap/src" -I"D:/STM32/250625_TimeWatch_StopWatch_rx/Core/ap/Inc" -O0 -ffunction-sections -fdata-sections -Wall -fstack-usage -fcyclomatic-complexity -MMD -MP -MF"Core/ap/src/timewatch.d" -MT"Core/ap/src/timewatch.o" --specs=nano.specs -mfpu=fpv4-sp-d16 -mfloat-abi=hard -mthumb -o "Core/ap/src/timewatch.o"
arm-none-eabi-gcc -mcpu=cortex-m4 -g3 -DDEBUG -c -I"D:/STM32/250625_TimeWatch_StopWatch_rx/Core/ap" -I"D:/STM32/250625_TimeWatch_StopWatch_rx/Core/driver" -I"D:/STM32/250625_TimeWatch_StopWatch_rx/Core/driver/Button" -I"D:/STM32/250625_TimeWatch_StopWatch_rx/Core/driver/FND" -I"D:/STM32/250625_TimeWatch_StopWatch_rx/Core/driver/LedBar" -I"D:/STM32/250625_TimeWatch_StopWatch_rx/Core/ap/src" -I"D:/STM32/250625_TimeWatch_StopWatch_rx/Core/ap/Inc" -x assembler-with-cpp -MMD -MP -MF"Core/Startup/startup_stm32f411retx.d" -MT"Core/Startup/startup_stm32f411retx.o" --specs=nano.specs -mfpu=fpv4-sp-d16 -mfloat-abi=hard -mthumb -o "Core/Startup/startup_stm32f411retx.o" "../Core/Startup/startup_stm32f411retx.s"
arm-none-eabi-gcc "../Core/Src/gpio.c" -mcpu=cortex-m4 -std=gnu11 -g3 -DDEBUG -DUSE_HAL_DRIVER -DSTM32F411xE -c -I../Core/Inc -I../Drivers/STM32F4xx_HAL_Driver/Inc -I../Drivers/STM32F4xx_HAL_Driver/Inc/Legacy -I../Drivers/CMSIS/Device/ST/STM32F4xx/Include -I../Drivers/CMSIS/Include -I"D:/STM32/250625_TimeWatch_StopWatch_rx/Core/ap" -I"D:/STM32/250625_TimeWatch_StopWatch_rx/Core/driver" -I"D:/STM32/250625_TimeWatch_StopWatch_rx/Core/driver/Button" -I"D:/STM32/250625_TimeWatch_StopWatch_rx/Core/driver/FND" -I"D:/STM32/250625_TimeWatch_StopWatch_rx/Core/driver/LedBar" -I"D:/STM32/250625_TimeWatch_StopWatch_rx/Core/ap/src" -I"D:/STM32/250625_TimeWatch_StopWatch_rx/Core/ap/Inc" -O0 -ffunction-sections -fdata-sections -Wall -fstack-usage -fcyclomatic-complexity -MMD -MP -MF"Core/Src/gpio.d" -MT"Core/Src/gpio.o" --specs=nano.specs -mfpu=fpv4-sp-d16 -mfloat-abi=hard -mthumb -o "Core/Src/gpio.o"
arm-none-eabi-gcc "../Core/Src/main.c" -mcpu=cortex-m4 -std=gnu11 -g3 -DDEBUG -DUSE_HAL_DRIVER -DSTM32F411xE -c -I../Core/Inc -I../Drivers/STM32F4xx_HAL_Driver/Inc -I../Drivers/STM32F4xx_HAL_Driver/Inc/Legacy -I../Drivers/CMSIS/Device/ST/STM32F4xx/Include -I../Drivers/CMSIS/Include -I"D:/STM32/250625_TimeWatch_StopWatch_rx/Core/ap" -I"D:/STM32/250625_TimeWatch_StopWatch_rx/Core/driver" -I"D:/STM32/250625_TimeWatch_StopWatch_rx/Core/driver/Button" -I"D:/STM32/250625_TimeWatch_StopWatch_rx/Core/driver/FND" -I"D:/STM32/250625_TimeWatch_StopWatch_rx/Core/driver/LedBar" -I"D:/STM32/250625_TimeWatch_StopWatch_rx/Core/ap/src" -I"D:/STM32/250625_TimeWatch_StopWatch_rx/Core/ap/Inc" -O0 -ffunction-sections -fdata-sections -Wall -fstack-usage -fcyclomatic-complexity -MMD -MP -MF"Core/Src/main.d" -MT"Core/Src/main.o" --specs=nano.specs -mfpu=fpv4-sp-d16 -mfloat-abi=hard -mthumb -o "Core/Src/main.o"
arm-none-eabi-gcc "../Core/Src/stm32f4xx_hal_msp.c" -mcpu=cortex-m4 -std=gnu11 -g3 -DDEBUG -DUSE_HAL_DRIVER -DSTM32F411xE -c -I../Core/Inc -I../Drivers/STM32F4xx_HAL_Driver/Inc -I../Drivers/STM32F4xx_HAL_Driver/Inc/Legacy -I../Drivers/CMSIS/Device/ST/STM32F4xx/Include -I../Drivers/CMSIS/Include -I"D:/STM32/250625_TimeWatch_StopWatch_rx/Core/ap" -I"D:/STM32/250625_TimeWatch_StopWatch_rx/Core/driver" -I"D:/STM32/250625_TimeWatch_StopWatch_rx/Core/driver/Button" -I"D:/STM32/250625_TimeWatch_StopWatch_rx/Core/driver/FND" -I"D:/STM32/250625_TimeWatch_StopWatch_rx/Core/driver/LedBar" -I"D:/STM32/250625_TimeWatch_StopWatch_rx/Core/ap/src" -I"D:/STM32/250625_TimeWatch_StopWatch_rx/Core/ap/Inc" -O0 -ffunction-sections -fdata-sections -Wall -fstack-usage -fcyclomatic-complexity -MMD -MP -MF"Core/Src/stm32f4xx_hal_msp.d" -MT"Core/Src/stm32f4xx_hal_msp.o" --specs=nano.specs -mfpu=fpv4-sp-d16 -mfloat-abi=hard -mthumb -o "Core/Src/stm32f4xx_hal_msp.o"
../Core/ap/src/Controller.c: In function 'Controller_Excute':
../Core/ap/src/Controller.c:17:9: warning: implicit declaration of function 'Controller_Mode'; did you mean 'Controller_Excute'? [-Wimplicit-function-declaration]
   17 |         Controller_Mode();
      |         ^~~~~~~~~~~~~~~
      |         Controller_Excute
../Core/ap/src/Controller.c: At top level:
../Core/ap/src/Controller.c:36:6: warning: conflicting types for 'Controller_Mode'; have 'void()'
   36 | void Controller_Mode()
      |      ^~~~~~~~~~~~~~~
../Core/ap/src/Controller.c:17:9: note: previous implicit declaration of 'Controller_Mode' with type 'void()'
   17 |         Controller_Mode();
      |         ^~~~~~~~~~~~~~~
../Core/ap/src/Controller.c: In function 'Controller_Mode':
../Core/ap/src/Controller.c:46:17: warning: implicit declaration of function 'TimeWatch_Excute' [-Wimplicit-function-declaration]
   46 |                 TimeWatch_Excute();
      |                 ^~~~~~~~~~~~~~~~
../Core/ap/src/Controller.c:54:17: warning: implicit declaration of function 'StopWatch_Excute' [-Wimplicit-function-declaration]
   54 |                 StopWatch_Excute();
      |                 ^~~~~~~~~~~~~~~~
arm-none-eabi-gcc "../Core/Src/stm32f4xx_it.c" -mcpu=cortex-m4 -std=gnu11 -g3 -DDEBUG -DUSE_HAL_DRIVER -DSTM32F411xE -c -I../Core/Inc -I../Drivers/STM32F4xx_HAL_Driver/Inc -I../Drivers/STM32F4xx_HAL_Driver/Inc/Legacy -I../Drivers/CMSIS/Device/ST/STM32F4xx/Include -I../Drivers/CMSIS/Include -I"D:/STM32/250625_TimeWatch_StopWatch_rx/Core/ap" -I"D:/STM32/250625_TimeWatch_StopWatch_rx/Core/driver" -I"D:/STM32/250625_TimeWatch_StopWatch_rx/Core/driver/Button" -I"D:/STM32/250625_TimeWatch_StopWatch_rx/Core/driver/FND" -I"D:/STM32/250625_TimeWatch_StopWatch_rx/Core/driver/LedBar" -I"D:/STM32/250625_TimeWatch_StopWatch_rx/Core/ap/src" -I"D:/STM32/250625_TimeWatch_StopWatch_rx/Core/ap/Inc" -O0 -ffunction-sections -fdata-sections -Wall -fstack-usage -fcyclomatic-complexity -MMD -MP -MF"Core/Src/stm32f4xx_it.d" -MT"Core/Src/stm32f4xx_it.o" --specs=nano.specs -mfpu=fpv4-sp-d16 -mfloat-abi=hard -mthumb -o "Core/Src/stm32f4xx_it.o"
arm-none-eabi-gcc "../Core/Src/syscalls.c" -mcpu=cortex-m4 -std=gnu11 -g3 -DDEBUG -DUSE_HAL_DRIVER -DSTM32F411xE -c -I../Core/Inc -I../Drivers/STM32F4xx_HAL_Driver/Inc -I../Drivers/STM32F4xx_HAL_Driver/Inc/Legacy -I../Drivers/CMSIS/Device/ST/STM32F4xx/Include -I../Drivers/CMSIS/Include -I"D:/STM32/250625_TimeWatch_StopWatch_rx/Core/ap" -I"D:/STM32/250625_TimeWatch_StopWatch_rx/Core/driver" -I"D:/STM32/250625_TimeWatch_StopWatch_rx/Core/driver/Button" -I"D:/STM32/250625_TimeWatch_StopWatch_rx/Core/driver/FND" -I"D:/STM32/250625_TimeWatch_StopWatch_rx/Core/driver/LedBar" -I"D:/STM32/250625_TimeWatch_StopWatch_rx/Core/ap/src" -I"D:/STM32/250625_TimeWatch_StopWatch_rx/Core/ap/Inc" -O0 -ffunction-sections -fdata-sections -Wall -fstack-usage -fcyclomatic-complexity -MMD -MP -MF"Core/Src/syscalls.d" -MT"Core/Src/syscalls.o" --specs=nano.specs -mfpu=fpv4-sp-d16 -mfloat-abi=hard -mthumb -o "Core/Src/syscalls.o"
arm-none-eabi-gcc "../Core/Src/sysmem.c" -mcpu=cortex-m4 -std=gnu11 -g3 -DDEBUG -DUSE_HAL_DRIVER -DSTM32F411xE -c -I../Core/Inc -I../Drivers/STM32F4xx_HAL_Driver/Inc -I../Drivers/STM32F4xx_HAL_Driver/Inc/Legacy -I../Drivers/CMSIS/Device/ST/STM32F4xx/Include -I../Drivers/CMSIS/Include -I"D:/STM32/250625_TimeWatch_StopWatch_rx/Core/ap" -I"D:/STM32/250625_TimeWatch_StopWatch_rx/Core/driver" -I"D:/STM32/250625_TimeWatch_StopWatch_rx/Core/driver/Button" -I"D:/STM32/250625_TimeWatch_StopWatch_rx/Core/driver/FND" -I"D:/STM32/250625_TimeWatch_StopWatch_rx/Core/driver/LedBar" -I"D:/STM32/250625_TimeWatch_StopWatch_rx/Core/ap/src" -I"D:/STM32/250625_TimeWatch_StopWatch_rx/Core/ap/Inc" -O0 -ffunction-sections -fdata-sections -Wall -fstack-usage -fcyclomatic-complexity -MMD -MP -MF"Core/Src/sysmem.d" -MT"Core/Src/sysmem.o" --specs=nano.specs -mfpu=fpv4-sp-d16 -mfloat-abi=hard -mthumb -o "Core/Src/sysmem.o"
../Core/ap/src/ap_main.c: In function 'ap_main':
../Core/ap/src/ap_main.c:22:17: warning: implicit declaration of function 'Controller_Excute' [-Wimplicit-function-declaration]
   22 |                 Controller_Excute();
      |                 ^~~~~~~~~~~~~~~~~
../Core/ap/src/Listener.c: In function 'Listener_Excute':
../Core/ap/src/Listener.c:25:9: warning: implicit declaration of function 'Listener_CheckRx'; did you mean 'Listener_CheckButton'? [-Wimplicit-function-declaration]
   25 |         Listener_CheckRx();
      |         ^~~~~~~~~~~~~~~~
      |         Listener_CheckButton
../Core/ap/src/Listener.c: At top level:
../Core/ap/src/Listener.c:49:6: warning: conflicting types for 'Listener_CheckRx'; have 'void()'
   49 | void Listener_CheckRx()
      |      ^~~~~~~~~~~~~~~~
../Core/ap/src/Listener.c:25:9: note: previous implicit declaration of 'Listener_CheckRx' with type 'void()'
   25 |         Listener_CheckRx();
      |         ^~~~~~~~~~~~~~~~
arm-none-eabi-gcc "../Core/Src/system_stm32f4xx.c" -mcpu=cortex-m4 -std=gnu11 -g3 -DDEBUG -DUSE_HAL_DRIVER -DSTM32F411xE -c -I../Core/Inc -I../Drivers/STM32F4xx_HAL_Driver/Inc -I../Drivers/STM32F4xx_HAL_Driver/Inc/Legacy -I../Drivers/CMSIS/Device/ST/STM32F4xx/Include -I../Drivers/CMSIS/Include -I"D:/STM32/250625_TimeWatch_StopWatch_rx/Core/ap" -I"D:/STM32/250625_TimeWatch_StopWatch_rx/Core/driver" -I"D:/STM32/250625_TimeWatch_StopWatch_rx/Core/driver/Button" -I"D:/STM32/250625_TimeWatch_StopWatch_rx/Core/driver/FND" -I"D:/STM32/250625_TimeWatch_StopWatch_rx/Core/driver/LedBar" -I"D:/STM32/250625_TimeWatch_StopWatch_rx/Core/ap/src" -I"D:/STM32/250625_TimeWatch_StopWatch_rx/Core/ap/Inc" -O0 -ffunction-sections -fdata-sections -Wall -fstack-usage -fcyclomatic-complexity -MMD -MP -MF"Core/Src/system_stm32f4xx.d" -MT"Core/Src/system_stm32f4xx.o" --specs=nano.specs -mfpu=fpv4-sp-d16 -mfloat-abi=hard -mthumb -o "Core/Src/system_stm32f4xx.o"
arm-none-eabi-gcc "../Core/Src/tim.c" -mcpu=cortex-m4 -std=gnu11 -g3 -DDEBUG -DUSE_HAL_DRIVER -DSTM32F411xE -c -I../Core/Inc -I../Drivers/STM32F4xx_HAL_Driver/Inc -I../Drivers/STM32F4xx_HAL_Driver/Inc/Legacy -I../Drivers/CMSIS/Device/ST/STM32F4xx/Include -I../Drivers/CMSIS/Include -I"D:/STM32/250625_TimeWatch_StopWatch_rx/Core/ap" -I"D:/STM32/250625_TimeWatch_StopWatch_rx/Core/driver" -I"D:/STM32/250625_TimeWatch_StopWatch_rx/Core/driver/Button" -I"D:/STM32/250625_TimeWatch_StopWatch_rx/Core/driver/FND" -I"D:/STM32/250625_TimeWatch_StopWatch_rx/Core/driver/LedBar" -I"D:/STM32/250625_TimeWatch_StopWatch_rx/Core/ap/src" -I"D:/STM32/250625_TimeWatch_StopWatch_rx/Core/ap/Inc" -O0 -ffunction-sections -fdata-sections -Wall -fstack-usage -fcyclomatic-complexity -MMD -MP -MF"Core/Src/tim.d" -MT"Core/Src/tim.o" --specs=nano.specs -mfpu=fpv4-sp-d16 -mfloat-abi=hard -mthumb -o "Core/Src/tim.o"
arm-none-eabi-gcc "../Core/Src/usart.c" -mcpu=cortex-m4 -std=gnu11 -g3 -DDEBUG -DUSE_HAL_DRIVER -DSTM32F411xE -c -I../Core/Inc -I../Drivers/STM32F4xx_HAL_Driver/Inc -I../Drivers/STM32F4xx_HAL_Driver/Inc/Legacy -I../Drivers/CMSIS/Device/ST/STM32F4xx/Include -I../Drivers/CMSIS/Include -I"D:/STM32/250625_TimeWatch_StopWatch_rx/Core/ap" -I"D:/STM32/250625_TimeWatch_StopWatch_rx/Core/driver" -I"D:/STM32/250625_TimeWatch_StopWatch_rx/Core/driver/Button" -I"D:/STM32/250625_TimeWatch_StopWatch_rx/Core/driver/FND" -I"D:/STM32/250625_TimeWatch_StopWatch_rx/Core/driver/LedBar" -I"D:/STM32/250625_TimeWatch_StopWatch_rx/Core/ap/src" -I"D:/STM32/250625_TimeWatch_StopWatch_rx/Core/ap/Inc" -O0 -ffunction-sections -fdata-sections -Wall -fstack-usage -fcyclomatic-complexity -MMD -MP -MF"Core/Src/usart.d" -MT"Core/Src/usart.o" --specs=nano.specs -mfpu=fpv4-sp-d16 -mfloat-abi=hard -mthumb -o "Core/Src/usart.o"
arm-none-eabi-gcc -o "250625_TimeWatch_StopWatch_rx.elf" @"objects.list"   -mcpu=cortex-m4 -T"D:\STM32\250625_TimeWatch_StopWatch_rx\STM32F411RETX_FLASH.ld" --specs=nosys.specs -Wl,-Map="250625_TimeWatch_StopWatch_rx.map" -Wl,--gc-sections -static --specs=nano.specs -mfpu=fpv4-sp-d16 -mfloat-abi=hard -mthumb -Wl,--start-group -lc -lm -Wl,--end-group
Finished building target: 250625_TimeWatch_StopWatch_rx.elf
 
arm-none-eabi-size  250625_TimeWatch_StopWatch_rx.elf 
arm-none-eabi-objdump -h -S 250625_TimeWatch_StopWatch_rx.elf  > "250625_TimeWatch_StopWatch_rx.list"
   text	   data	    bss	    dec	    hex	filename
  17032	    212	   2100	  19344	   4b90	250625_TimeWatch_StopWatch_rx.elf
Finished building: default.size.stdout
 
Finished building: 250625_TimeWatch_StopWatch_rx.list
 

14:44:40 Build Finished. 0 errors, 7 warnings. (took 1s.670ms)

