20:11:35 **** Incremental Build of configuration Debug for project 250704_RTOS_Total_Module ****
make -j16 all 
arm-none-eabi-gcc "../Core/driver/DHT11/DHT11.c" -mcpu=cortex-m4 -std=gnu11 -g3 -DDEBUG -DUSE_HAL_DRIVER -DSTM32F411xE -c -I../Core/Inc -I../Drivers/STM32F4xx_HAL_Driver/Inc -I../Drivers/STM32F4xx_HAL_Driver/Inc/Legacy -I../Drivers/CMSIS/Device/ST/STM32F4xx/Include -I../Drivers/CMSIS/Include -I../Middlewares/Third_Party/FreeRTOS/Source/include -I../Middlewares/Third_Party/FreeRTOS/Source/CMSIS_RTOS -I../Middlewares/Third_Party/FreeRTOS/Source/portable/GCC/ARM_CM4F -I"D:/STM32/250704_RTOS_Total_Module/Core/driver/Button" -I"D:/STM32/250704_RTOS_Total_Module/Core/driver/LedBar" -I"D:/STM32/250704_RTOS_Total_Module/Core/driver/LCD" -I"D:/STM32/250704_RTOS_Total_Module/Core/driver/FND" -I"D:/STM32/250704_RTOS_Total_Module/Core/ap/Controller" -I"D:/STM32/250704_RTOS_Total_Module/Core/ap/Listener" -I"D:/STM32/250704_RTOS_Total_Module/Core/ap/Model" -I"D:/STM32/250704_RTOS_Total_Module/Core/ap/Presenter" -I"D:/STM32/250704_RTOS_Total_Module/Core/driver/DHT11" -I"D:/STM32/250704_RTOS_Total_Module/Core/driver/UltraSonic" -I"D:/STM32/250704_RTOS_Total_Module/Core/Src" -O0 -ffunction-sections -fdata-sections -Wall -fstack-usage -fcyclomatic-complexity -MMD -MP -MF"Core/driver/DHT11/DHT11.d" -MT"Core/driver/DHT11/DHT11.o" --specs=nano.specs -mfpu=fpv4-sp-d16 -mfloat-abi=hard -mthumb -o "Core/driver/DHT11/DHT11.o"
arm-none-eabi-gcc -o "250704_RTOS_Total_Module.elf" @"objects.list"   -mcpu=cortex-m4 -T"D:\STM32\250704_RTOS_Total_Module\STM32F411RETX_FLASH.ld" --specs=nosys.specs -Wl,-Map="250704_RTOS_Total_Module.map" -Wl,--gc-sections -static --specs=nano.specs -mfpu=fpv4-sp-d16 -mfloat-abi=hard -mthumb -Wl,--start-group -lc -lm -Wl,--end-group
Finished building target: 250704_RTOS_Total_Module.elf
 
arm-none-eabi-size  250704_RTOS_Total_Module.elf 
arm-none-eabi-objdump -h -S 250704_RTOS_Total_Module.elf  > "250704_RTOS_Total_Module.list"
   text	   data	    bss	    dec	    hex	filename
  34216	    196	  18876	  53288	   d028	250704_RTOS_Total_Module.elf
Finished building: default.size.stdout
 
Finished building: 250704_RTOS_Total_Module.list
 

20:11:36 Build Finished. 0 errors, 0 warnings. (took 690ms)

