19:14:07 **** Incremental Build of configuration Debug for project 250704_RTOS_Total_Module ****
make -j16 all 
arm-none-eabi-gcc "../Core/Src/tim.c" -mcpu=cortex-m4 -std=gnu11 -g3 -DDEBUG -DUSE_HAL_DRIVER -DSTM32F411xE -c -I../Core/Inc -I../Drivers/STM32F4xx_HAL_Driver/Inc -I../Drivers/STM32F4xx_HAL_Driver/Inc/Legacy -I../Drivers/CMSIS/Device/ST/STM32F4xx/Include -I../Drivers/CMSIS/Include -I../Middlewares/Third_Party/FreeRTOS/Source/include -I../Middlewares/Third_Party/FreeRTOS/Source/CMSIS_RTOS -I../Middlewares/Third_Party/FreeRTOS/Source/portable/GCC/ARM_CM4F -I"D:/STM32/250704_RTOS_Total_Module/Core/driver/Button" -I"D:/STM32/250704_RTOS_Total_Module/Core/driver/LedBar" -I"D:/STM32/250704_RTOS_Total_Module/Core/driver/LCD" -I"D:/STM32/250704_RTOS_Total_Module/Core/driver/FND" -I"D:/STM32/250704_RTOS_Total_Module/Core/ap/Controller" -I"D:/STM32/250704_RTOS_Total_Module/Core/ap/Listener" -I"D:/STM32/250704_RTOS_Total_Module/Core/ap/Model" -I"D:/STM32/250704_RTOS_Total_Module/Core/ap/Presenter" -I"D:/STM32/250704_RTOS_Total_Module/Core/driver/DHT11" -I"D:/STM32/250704_RTOS_Total_Module/Core/driver/UltraSonic" -I"D:/STM32/250704_RTOS_Total_Module/Core/Src" -O0 -ffunction-sections -fdata-sections -Wall -fstack-usage -fcyclomatic-complexity -MMD -MP -MF"Core/Src/tim.d" -MT"Core/Src/tim.o" --specs=nano.specs -mfpu=fpv4-sp-d16 -mfloat-abi=hard -mthumb -o "Core/Src/tim.o"
arm-none-eabi-gcc -o "250704_RTOS_Total_Module.elf" @"objects.list"   -mcpu=cortex-m4 -T"D:\STM32\250704_RTOS_Total_Module\STM32F411RETX_FLASH.ld" --specs=nosys.specs -Wl,-Map="250704_RTOS_Total_Module.map" -Wl,--gc-sections -static --specs=nano.specs -mfpu=fpv4-sp-d16 -mfloat-abi=hard -mthumb -Wl,--start-group -lc -lm -Wl,--end-group
Finished building target: 250704_RTOS_Total_Module.elf
 
arm-none-eabi-size  250704_RTOS_Total_Module.elf 
arm-none-eabi-objdump -h -S 250704_RTOS_Total_Module.elf  > "250704_RTOS_Total_Module.list"
   text	   data	    bss	    dec	    hex	filename
  33980	    196	  18876	  53052	   cf3c	250704_RTOS_Total_Module.elf
Finished building: default.size.stdout
 
Finished building: 250704_RTOS_Total_Module.list
 
19:14:12 **** Incremental Build of configuration Debug for project 250704_RTOS_Total_Module ****
make -j16 all 
arm-none-eabi-size  250704_RTOS_Total_Module.elf 
   text	   data	    bss	    dec	    hex	filename
  33980	    196	  18876	  53052	   cf3c	250704_RTOS_Total_Module.elf
Finished building: default.size.stdout
 
19:17:17 **** Incremental Build of configuration Debug for project 250704_RTOS_Total_Module ****
make -j16 all 
arm-none-eabi-gcc "../Core/ap/Controller/TempHumi.c" -mcpu=cortex-m4 -std=gnu11 -g3 -DDEBUG -DUSE_HAL_DRIVER -DSTM32F411xE -c -I../Core/Inc -I../Drivers/STM32F4xx_HAL_Driver/Inc -I../Drivers/STM32F4xx_HAL_Driver/Inc/Legacy -I../Drivers/CMSIS/Device/ST/STM32F4xx/Include -I../Drivers/CMSIS/Include -I../Middlewares/Third_Party/FreeRTOS/Source/include -I../Middlewares/Third_Party/FreeRTOS/Source/CMSIS_RTOS -I../Middlewares/Third_Party/FreeRTOS/Source/portable/GCC/ARM_CM4F -I"D:/STM32/250704_RTOS_Total_Module/Core/driver/Button" -I"D:/STM32/250704_RTOS_Total_Module/Core/driver/LedBar" -I"D:/STM32/250704_RTOS_Total_Module/Core/driver/LCD" -I"D:/STM32/250704_RTOS_Total_Module/Core/driver/FND" -I"D:/STM32/250704_RTOS_Total_Module/Core/ap/Controller" -I"D:/STM32/250704_RTOS_Total_Module/Core/ap/Listener" -I"D:/STM32/250704_RTOS_Total_Module/Core/ap/Model" -I"D:/STM32/250704_RTOS_Total_Module/Core/ap/Presenter" -I"D:/STM32/250704_RTOS_Total_Module/Core/driver/DHT11" -I"D:/STM32/250704_RTOS_Total_Module/Core/driver/UltraSonic" -I"D:/STM32/250704_RTOS_Total_Module/Core/Src" -O0 -ffunction-sections -fdata-sections -Wall -fstack-usage -fcyclomatic-complexity -MMD -MP -MF"Core/ap/Controller/TempHumi.d" -MT"Core/ap/Controller/TempHumi.o" --specs=nano.specs -mfpu=fpv4-sp-d16 -mfloat-abi=hard -mthumb -o "Core/ap/Controller/TempHumi.o"
../Core/ap/Controller/TempHumi.c: In function 'TempHumi_Init':
../Core/ap/Controller/TempHumi.c:19:9: warning: implicit declaration of function 'memcpy' [-Wimplicit-function-declaration]
   19 |         memcpy(pTempHumiData, &TempHumiData, sizeof(TempHumi_t));
      |         ^~~~~~
../Core/ap/Controller/TempHumi.c:10:1: note: include '<string.h>' or provide a declaration of 'memcpy'
    9 | #include "lcd.h"
  +++ |+#include <string.h>
   10 | 
../Core/ap/Controller/TempHumi.c:19:9: warning: incompatible implicit declaration of built-in function 'memcpy' [-Wbuiltin-declaration-mismatch]
   19 |         memcpy(pTempHumiData, &TempHumiData, sizeof(TempHumi_t));
      |         ^~~~~~
../Core/ap/Controller/TempHumi.c:19:9: note: include '<string.h>' or provide a declaration of 'memcpy'
../Core/ap/Controller/TempHumi.c: In function 'TempHumi_Measurement':
../Core/ap/Controller/TempHumi.c:42:33: warning: incompatible implicit declaration of built-in function 'memcpy' [-Wbuiltin-declaration-mismatch]
   42 |                                 memcpy(pTempHumiData, &TempHumiData, sizeof(TempHumi_t));
      |                                 ^~~~~~
../Core/ap/Controller/TempHumi.c:42:33: note: include '<string.h>' or provide a declaration of 'memcpy'
arm-none-eabi-gcc -o "250704_RTOS_Total_Module.elf" @"objects.list"   -mcpu=cortex-m4 -T"D:\STM32\250704_RTOS_Total_Module\STM32F411RETX_FLASH.ld" --specs=nosys.specs -Wl,-Map="250704_RTOS_Total_Module.map" -Wl,--gc-sections -static --specs=nano.specs -mfpu=fpv4-sp-d16 -mfloat-abi=hard -mthumb -Wl,--start-group -lc -lm -Wl,--end-group
Finished building target: 250704_RTOS_Total_Module.elf
 
arm-none-eabi-size  250704_RTOS_Total_Module.elf 
arm-none-eabi-objdump -h -S 250704_RTOS_Total_Module.elf  > "250704_RTOS_Total_Module.list"
   text	   data	    bss	    dec	    hex	filename
  34008	    196	  18876	  53080	   cf58	250704_RTOS_Total_Module.elf
Finished building: default.size.stdout
 
Finished building: 250704_RTOS_Total_Module.list
 
19:19:32 **** Incremental Build of configuration Debug for project 250704_RTOS_Total_Module ****
make -j16 all 
arm-none-eabi-gcc "../Core/ap/Controller/TempHumi.c" -mcpu=cortex-m4 -std=gnu11 -g3 -DDEBUG -DUSE_HAL_DRIVER -DSTM32F411xE -c -I../Core/Inc -I../Drivers/STM32F4xx_HAL_Driver/Inc -I../Drivers/STM32F4xx_HAL_Driver/Inc/Legacy -I../Drivers/CMSIS/Device/ST/STM32F4xx/Include -I../Drivers/CMSIS/Include -I../Middlewares/Third_Party/FreeRTOS/Source/include -I../Middlewares/Third_Party/FreeRTOS/Source/CMSIS_RTOS -I../Middlewares/Third_Party/FreeRTOS/Source/portable/GCC/ARM_CM4F -I"D:/STM32/250704_RTOS_Total_Module/Core/driver/Button" -I"D:/STM32/250704_RTOS_Total_Module/Core/driver/LedBar" -I"D:/STM32/250704_RTOS_Total_Module/Core/driver/LCD" -I"D:/STM32/250704_RTOS_Total_Module/Core/driver/FND" -I"D:/STM32/250704_RTOS_Total_Module/Core/ap/Controller" -I"D:/STM32/250704_RTOS_Total_Module/Core/ap/Listener" -I"D:/STM32/250704_RTOS_Total_Module/Core/ap/Model" -I"D:/STM32/250704_RTOS_Total_Module/Core/ap/Presenter" -I"D:/STM32/250704_RTOS_Total_Module/Core/driver/DHT11" -I"D:/STM32/250704_RTOS_Total_Module/Core/driver/UltraSonic" -I"D:/STM32/250704_RTOS_Total_Module/Core/Src" -O0 -ffunction-sections -fdata-sections -Wall -fstack-usage -fcyclomatic-complexity -MMD -MP -MF"Core/ap/Controller/TempHumi.d" -MT"Core/ap/Controller/TempHumi.o" --specs=nano.specs -mfpu=fpv4-sp-d16 -mfloat-abi=hard -mthumb -o "Core/ap/Controller/TempHumi.o"
../Core/ap/Controller/TempHumi.c: In function 'TempHumi_Init':
../Core/ap/Controller/TempHumi.c:19:9: warning: implicit declaration of function 'memcpy' [-Wimplicit-function-declaration]
   19 |         memcpy(pTempHumiData, &TempHumiData, sizeof(TempHumi_t));
      |         ^~~~~~
../Core/ap/Controller/TempHumi.c:10:1: note: include '<string.h>' or provide a declaration of 'memcpy'
    9 | #include "lcd.h"
  +++ |+#include <string.h>
   10 | 
../Core/ap/Controller/TempHumi.c:19:9: warning: incompatible implicit declaration of built-in function 'memcpy' [-Wbuiltin-declaration-mismatch]
   19 |         memcpy(pTempHumiData, &TempHumiData, sizeof(TempHumi_t));
      |         ^~~~~~
../Core/ap/Controller/TempHumi.c:19:9: note: include '<string.h>' or provide a declaration of 'memcpy'
../Core/ap/Controller/TempHumi.c: In function 'TempHumi_Measurement':
../Core/ap/Controller/TempHumi.c:43:37: warning: incompatible implicit declaration of built-in function 'memcpy' [-Wbuiltin-declaration-mismatch]
   43 |                                     memcpy(pTempHumiData, &TempHumiData, sizeof(TempHumi_t));
      |                                     ^~~~~~
../Core/ap/Controller/TempHumi.c:43:37: note: include '<string.h>' or provide a declaration of 'memcpy'
../Core/ap/Controller/TempHumi.c:47:37: warning: implicit declaration of function 'printf' [-Wimplicit-function-declaration]
   47 |                                     printf("TempHumiData mail alloc failed\n");
      |                                     ^~~~~~
../Core/ap/Controller/TempHumi.c:10:1: note: include '<stdio.h>' or provide a declaration of 'printf'
    9 | #include "lcd.h"
  +++ |+#include <stdio.h>
   10 | 
../Core/ap/Controller/TempHumi.c:47:37: warning: incompatible implicit declaration of built-in function 'printf' [-Wbuiltin-declaration-mismatch]
   47 |                                     printf("TempHumiData mail alloc failed\n");
      |                                     ^~~~~~
../Core/ap/Controller/TempHumi.c:47:37: note: include '<stdio.h>' or provide a declaration of 'printf'
arm-none-eabi-gcc -o "250704_RTOS_Total_Module.elf" @"objects.list"   -mcpu=cortex-m4 -T"D:\STM32\250704_RTOS_Total_Module\STM32F411RETX_FLASH.ld" --specs=nosys.specs -Wl,-Map="250704_RTOS_Total_Module.map" -Wl,--gc-sections -static --specs=nano.specs -mfpu=fpv4-sp-d16 -mfloat-abi=hard -mthumb -Wl,--start-group -lc -lm -Wl,--end-group
Finished building target: 250704_RTOS_Total_Module.elf
 
arm-none-eabi-size  250704_RTOS_Total_Module.elf 
arm-none-eabi-objdump -h -S 250704_RTOS_Total_Module.elf  > "250704_RTOS_Total_Module.list"
   text	   data	    bss	    dec	    hex	filename
  36012	    208	  18880	  55100	   d73c	250704_RTOS_Total_Module.elf
Finished building: default.size.stdout
 
Finished building: 250704_RTOS_Total_Module.list
 
19:22:34 **** Incremental Build of configuration Debug for project 250704_RTOS_Total_Module ****
make -j16 all 
arm-none-eabi-gcc "../Core/driver/DHT11/DHT11.c" -mcpu=cortex-m4 -std=gnu11 -g3 -DDEBUG -DUSE_HAL_DRIVER -DSTM32F411xE -c -I../Core/Inc -I../Drivers/STM32F4xx_HAL_Driver/Inc -I../Drivers/STM32F4xx_HAL_Driver/Inc/Legacy -I../Drivers/CMSIS/Device/ST/STM32F4xx/Include -I../Drivers/CMSIS/Include -I../Middlewares/Third_Party/FreeRTOS/Source/include -I../Middlewares/Third_Party/FreeRTOS/Source/CMSIS_RTOS -I../Middlewares/Third_Party/FreeRTOS/Source/portable/GCC/ARM_CM4F -I"D:/STM32/250704_RTOS_Total_Module/Core/driver/Button" -I"D:/STM32/250704_RTOS_Total_Module/Core/driver/LedBar" -I"D:/STM32/250704_RTOS_Total_Module/Core/driver/LCD" -I"D:/STM32/250704_RTOS_Total_Module/Core/driver/FND" -I"D:/STM32/250704_RTOS_Total_Module/Core/ap/Controller" -I"D:/STM32/250704_RTOS_Total_Module/Core/ap/Listener" -I"D:/STM32/250704_RTOS_Total_Module/Core/ap/Model" -I"D:/STM32/250704_RTOS_Total_Module/Core/ap/Presenter" -I"D:/STM32/250704_RTOS_Total_Module/Core/driver/DHT11" -I"D:/STM32/250704_RTOS_Total_Module/Core/driver/UltraSonic" -I"D:/STM32/250704_RTOS_Total_Module/Core/Src" -O0 -ffunction-sections -fdata-sections -Wall -fstack-usage -fcyclomatic-complexity -MMD -MP -MF"Core/driver/DHT11/DHT11.d" -MT"Core/driver/DHT11/DHT11.o" --specs=nano.specs -mfpu=fpv4-sp-d16 -mfloat-abi=hard -mthumb -o "Core/driver/DHT11/DHT11.o"
arm-none-eabi-gcc "../Core/ap/Controller/TempHumi.c" -mcpu=cortex-m4 -std=gnu11 -g3 -DDEBUG -DUSE_HAL_DRIVER -DSTM32F411xE -c -I../Core/Inc -I../Drivers/STM32F4xx_HAL_Driver/Inc -I../Drivers/STM32F4xx_HAL_Driver/Inc/Legacy -I../Drivers/CMSIS/Device/ST/STM32F4xx/Include -I../Drivers/CMSIS/Include -I../Middlewares/Third_Party/FreeRTOS/Source/include -I../Middlewares/Third_Party/FreeRTOS/Source/CMSIS_RTOS -I../Middlewares/Third_Party/FreeRTOS/Source/portable/GCC/ARM_CM4F -I"D:/STM32/250704_RTOS_Total_Module/Core/driver/Button" -I"D:/STM32/250704_RTOS_Total_Module/Core/driver/LedBar" -I"D:/STM32/250704_RTOS_Total_Module/Core/driver/LCD" -I"D:/STM32/250704_RTOS_Total_Module/Core/driver/FND" -I"D:/STM32/250704_RTOS_Total_Module/Core/ap/Controller" -I"D:/STM32/250704_RTOS_Total_Module/Core/ap/Listener" -I"D:/STM32/250704_RTOS_Total_Module/Core/ap/Model" -I"D:/STM32/250704_RTOS_Total_Module/Core/ap/Presenter" -I"D:/STM32/250704_RTOS_Total_Module/Core/driver/DHT11" -I"D:/STM32/250704_RTOS_Total_Module/Core/driver/UltraSonic" -I"D:/STM32/250704_RTOS_Total_Module/Core/Src" -O0 -ffunction-sections -fdata-sections -Wall -fstack-usage -fcyclomatic-complexity -MMD -MP -MF"Core/ap/Controller/TempHumi.d" -MT"Core/ap/Controller/TempHumi.o" --specs=nano.specs -mfpu=fpv4-sp-d16 -mfloat-abi=hard -mthumb -o "Core/ap/Controller/TempHumi.o"
../Core/ap/Controller/TempHumi.c: In function 'TempHumi_Init':
../Core/ap/Controller/TempHumi.c:19:9: warning: implicit declaration of function 'memcpy' [-Wimplicit-function-declaration]
   19 |         memcpy(pTempHumiData, &TempHumiData, sizeof(TempHumi_t));
      |         ^~~~~~
../Core/ap/Controller/TempHumi.c:10:1: note: include '<string.h>' or provide a declaration of 'memcpy'
    9 | #include "lcd.h"
  +++ |+#include <string.h>
   10 | 
../Core/ap/Controller/TempHumi.c:19:9: warning: incompatible implicit declaration of built-in function 'memcpy' [-Wbuiltin-declaration-mismatch]
   19 |         memcpy(pTempHumiData, &TempHumiData, sizeof(TempHumi_t));
      |         ^~~~~~
../Core/ap/Controller/TempHumi.c:19:9: note: include '<string.h>' or provide a declaration of 'memcpy'
../Core/ap/Controller/TempHumi.c: In function 'TempHumi_Measurement':
../Core/ap/Controller/TempHumi.c:43:33: warning: incompatible implicit declaration of built-in function 'memcpy' [-Wbuiltin-declaration-mismatch]
   43 |                                 memcpy(pTempHumiData, &TempHumiData, sizeof(TempHumi_t));
      |                                 ^~~~~~
../Core/ap/Controller/TempHumi.c:43:33: note: include '<string.h>' or provide a declaration of 'memcpy'
arm-none-eabi-gcc -o "250704_RTOS_Total_Module.elf" @"objects.list"   -mcpu=cortex-m4 -T"D:\STM32\250704_RTOS_Total_Module\STM32F411RETX_FLASH.ld" --specs=nosys.specs -Wl,-Map="250704_RTOS_Total_Module.map" -Wl,--gc-sections -static --specs=nano.specs -mfpu=fpv4-sp-d16 -mfloat-abi=hard -mthumb -Wl,--start-group -lc -lm -Wl,--end-group
Finished building target: 250704_RTOS_Total_Module.elf
 
arm-none-eabi-size  250704_RTOS_Total_Module.elf 
arm-none-eabi-objdump -h -S 250704_RTOS_Total_Module.elf  > "250704_RTOS_Total_Module.list"
   text	   data	    bss	    dec	    hex	filename
  33980	    196	  18876	  53052	   cf3c	250704_RTOS_Total_Module.elf
Finished building: default.size.stdout
 
Finished building: 250704_RTOS_Total_Module.list
 
19:24:32 **** Incremental Build of configuration Debug for project 250626_Treadmill8 ****
make -j16 all 
arm-none-eabi-size  250626_Treadmill8.elf 
   text	   data	    bss	    dec	    hex	filename
  27524	    260	   2580	  30364	   769c	250626_Treadmill8.elf
Finished building: default.size.stdout
 
19:24:49 **** Incremental Build of configuration Debug for project 250704_RTOS_Total_Module ****
make -j16 all 
arm-none-eabi-gcc "../Core/ap/Controller/TempHumi.c" -mcpu=cortex-m4 -std=gnu11 -g3 -DDEBUG -DUSE_HAL_DRIVER -DSTM32F411xE -c -I../Core/Inc -I../Drivers/STM32F4xx_HAL_Driver/Inc -I../Drivers/STM32F4xx_HAL_Driver/Inc/Legacy -I../Drivers/CMSIS/Device/ST/STM32F4xx/Include -I../Drivers/CMSIS/Include -I../Middlewares/Third_Party/FreeRTOS/Source/include -I../Middlewares/Third_Party/FreeRTOS/Source/CMSIS_RTOS -I../Middlewares/Third_Party/FreeRTOS/Source/portable/GCC/ARM_CM4F -I"D:/STM32/250704_RTOS_Total_Module/Core/driver/Button" -I"D:/STM32/250704_RTOS_Total_Module/Core/driver/LedBar" -I"D:/STM32/250704_RTOS_Total_Module/Core/driver/LCD" -I"D:/STM32/250704_RTOS_Total_Module/Core/driver/FND" -I"D:/STM32/250704_RTOS_Total_Module/Core/ap/Controller" -I"D:/STM32/250704_RTOS_Total_Module/Core/ap/Listener" -I"D:/STM32/250704_RTOS_Total_Module/Core/ap/Model" -I"D:/STM32/250704_RTOS_Total_Module/Core/ap/Presenter" -I"D:/STM32/250704_RTOS_Total_Module/Core/driver/DHT11" -I"D:/STM32/250704_RTOS_Total_Module/Core/driver/UltraSonic" -I"D:/STM32/250704_RTOS_Total_Module/Core/Src" -O0 -ffunction-sections -fdata-sections -Wall -fstack-usage -fcyclomatic-complexity -MMD -MP -MF"Core/ap/Controller/TempHumi.d" -MT"Core/ap/Controller/TempHumi.o" --specs=nano.specs -mfpu=fpv4-sp-d16 -mfloat-abi=hard -mthumb -o "Core/ap/Controller/TempHumi.o"
../Core/ap/Controller/TempHumi.c: In function 'TempHumi_Init':
../Core/ap/Controller/TempHumi.c:19:9: warning: implicit declaration of function 'memcpy' [-Wimplicit-function-declaration]
   19 |         memcpy(pTempHumiData, &TempHumiData, sizeof(TempHumi_t));
      |         ^~~~~~
../Core/ap/Controller/TempHumi.c:10:1: note: include '<string.h>' or provide a declaration of 'memcpy'
    9 | #include "lcd.h"
  +++ |+#include <string.h>
   10 | 
../Core/ap/Controller/TempHumi.c:19:9: warning: incompatible implicit declaration of built-in function 'memcpy' [-Wbuiltin-declaration-mismatch]
   19 |         memcpy(pTempHumiData, &TempHumiData, sizeof(TempHumi_t));
      |         ^~~~~~
../Core/ap/Controller/TempHumi.c:19:9: note: include '<string.h>' or provide a declaration of 'memcpy'
../Core/ap/Controller/TempHumi.c: In function 'TempHumi_Measurement':
../Core/ap/Controller/TempHumi.c:43:33: warning: incompatible implicit declaration of built-in function 'memcpy' [-Wbuiltin-declaration-mismatch]
   43 |                                 memcpy(pTempHumiData, &TempHumiData, sizeof(TempHumi_t));
      |                                 ^~~~~~
../Core/ap/Controller/TempHumi.c:43:33: note: include '<string.h>' or provide a declaration of 'memcpy'
arm-none-eabi-gcc -o "250704_RTOS_Total_Module.elf" @"objects.list"   -mcpu=cortex-m4 -T"D:\STM32\250704_RTOS_Total_Module\STM32F411RETX_FLASH.ld" --specs=nosys.specs -Wl,-Map="250704_RTOS_Total_Module.map" -Wl,--gc-sections -static --specs=nano.specs -mfpu=fpv4-sp-d16 -mfloat-abi=hard -mthumb -Wl,--start-group -lc -lm -Wl,--end-group
Finished building target: 250704_RTOS_Total_Module.elf
 
arm-none-eabi-size  250704_RTOS_Total_Module.elf 
arm-none-eabi-objdump -h -S 250704_RTOS_Total_Module.elf  > "250704_RTOS_Total_Module.list"
   text	   data	    bss	    dec	    hex	filename
  33980	    196	  18876	  53052	   cf3c	250704_RTOS_Total_Module.elf
Finished building: default.size.stdout
 
Finished building: 250704_RTOS_Total_Module.list
 
19:25:40 **** Incremental Build of configuration Debug for project 250704_RTOS_Total_Module ****
make -j16 all 
arm-none-eabi-size  250704_RTOS_Total_Module.elf 
   text	   data	    bss	    dec	    hex	filename
  33980	    196	  18876	  53052	   cf3c	250704_RTOS_Total_Module.elf
Finished building: default.size.stdout
 
19:27:43 **** Incremental Build of configuration Debug for project 250704_RTOS_Total_Module ****
make -j16 all 
arm-none-eabi-size  250704_RTOS_Total_Module.elf 
   text	   data	    bss	    dec	    hex	filename
  33980	    196	  18876	  53052	   cf3c	250704_RTOS_Total_Module.elf
Finished building: default.size.stdout
 
19:28:15 **** Incremental Build of configuration Debug for project 250704_RTOS_Total_Module ****
make -j16 all 
arm-none-eabi-gcc "../Core/ap/Controller/TempHumi.c" -mcpu=cortex-m4 -std=gnu11 -g3 -DDEBUG -DUSE_HAL_DRIVER -DSTM32F411xE -c -I../Core/Inc -I../Drivers/STM32F4xx_HAL_Driver/Inc -I../Drivers/STM32F4xx_HAL_Driver/Inc/Legacy -I../Drivers/CMSIS/Device/ST/STM32F4xx/Include -I../Drivers/CMSIS/Include -I../Middlewares/Third_Party/FreeRTOS/Source/include -I../Middlewares/Third_Party/FreeRTOS/Source/CMSIS_RTOS -I../Middlewares/Third_Party/FreeRTOS/Source/portable/GCC/ARM_CM4F -I"D:/STM32/250704_RTOS_Total_Module/Core/driver/Button" -I"D:/STM32/250704_RTOS_Total_Module/Core/driver/LedBar" -I"D:/STM32/250704_RTOS_Total_Module/Core/driver/LCD" -I"D:/STM32/250704_RTOS_Total_Module/Core/driver/FND" -I"D:/STM32/250704_RTOS_Total_Module/Core/ap/Controller" -I"D:/STM32/250704_RTOS_Total_Module/Core/ap/Listener" -I"D:/STM32/250704_RTOS_Total_Module/Core/ap/Model" -I"D:/STM32/250704_RTOS_Total_Module/Core/ap/Presenter" -I"D:/STM32/250704_RTOS_Total_Module/Core/driver/DHT11" -I"D:/STM32/250704_RTOS_Total_Module/Core/driver/UltraSonic" -I"D:/STM32/250704_RTOS_Total_Module/Core/Src" -O0 -ffunction-sections -fdata-sections -Wall -fstack-usage -fcyclomatic-complexity -MMD -MP -MF"Core/ap/Controller/TempHumi.d" -MT"Core/ap/Controller/TempHumi.o" --specs=nano.specs -mfpu=fpv4-sp-d16 -mfloat-abi=hard -mthumb -o "Core/ap/Controller/TempHumi.o"
../Core/ap/Controller/TempHumi.c: In function 'TempHumi_Init':
../Core/ap/Controller/TempHumi.c:19:9: warning: implicit declaration of function 'memcpy' [-Wimplicit-function-declaration]
   19 |         memcpy(pTempHumiData, &TempHumiData, sizeof(TempHumi_t));
      |         ^~~~~~
../Core/ap/Controller/TempHumi.c:10:1: note: include '<string.h>' or provide a declaration of 'memcpy'
    9 | #include "lcd.h"
  +++ |+#include <string.h>
   10 | 
../Core/ap/Controller/TempHumi.c:19:9: warning: incompatible implicit declaration of built-in function 'memcpy' [-Wbuiltin-declaration-mismatch]
   19 |         memcpy(pTempHumiData, &TempHumiData, sizeof(TempHumi_t));
      |         ^~~~~~
../Core/ap/Controller/TempHumi.c:19:9: note: include '<string.h>' or provide a declaration of 'memcpy'
../Core/ap/Controller/TempHumi.c: In function 'TempHumi_Measurement':
../Core/ap/Controller/TempHumi.c:43:33: warning: incompatible implicit declaration of built-in function 'memcpy' [-Wbuiltin-declaration-mismatch]
   43 |                                 memcpy(pTempHumiData, &TempHumiData, sizeof(TempHumi_t));
      |                                 ^~~~~~
../Core/ap/Controller/TempHumi.c:43:33: note: include '<string.h>' or provide a declaration of 'memcpy'
arm-none-eabi-gcc -o "250704_RTOS_Total_Module.elf" @"objects.list"   -mcpu=cortex-m4 -T"D:\STM32\250704_RTOS_Total_Module\STM32F411RETX_FLASH.ld" --specs=nosys.specs -Wl,-Map="250704_RTOS_Total_Module.map" -Wl,--gc-sections -static --specs=nano.specs -mfpu=fpv4-sp-d16 -mfloat-abi=hard -mthumb -Wl,--start-group -lc -lm -Wl,--end-group
Finished building target: 250704_RTOS_Total_Module.elf
 
arm-none-eabi-size  250704_RTOS_Total_Module.elf 
arm-none-eabi-objdump -h -S 250704_RTOS_Total_Module.elf  > "250704_RTOS_Total_Module.list"
   text	   data	    bss	    dec	    hex	filename
  33980	    196	  18876	  53052	   cf3c	250704_RTOS_Total_Module.elf
Finished building: default.size.stdout
 
Finished building: 250704_RTOS_Total_Module.list
 
19:30:35 **** Incremental Build of configuration Debug for project 250704_RTOS_Total_Module ****
make -j16 all 
arm-none-eabi-gcc "../Core/ap/Controller/TempHumi.c" -mcpu=cortex-m4 -std=gnu11 -g3 -DDEBUG -DUSE_HAL_DRIVER -DSTM32F411xE -c -I../Core/Inc -I../Drivers/STM32F4xx_HAL_Driver/Inc -I../Drivers/STM32F4xx_HAL_Driver/Inc/Legacy -I../Drivers/CMSIS/Device/ST/STM32F4xx/Include -I../Drivers/CMSIS/Include -I../Middlewares/Third_Party/FreeRTOS/Source/include -I../Middlewares/Third_Party/FreeRTOS/Source/CMSIS_RTOS -I../Middlewares/Third_Party/FreeRTOS/Source/portable/GCC/ARM_CM4F -I"D:/STM32/250704_RTOS_Total_Module/Core/driver/Button" -I"D:/STM32/250704_RTOS_Total_Module/Core/driver/LedBar" -I"D:/STM32/250704_RTOS_Total_Module/Core/driver/LCD" -I"D:/STM32/250704_RTOS_Total_Module/Core/driver/FND" -I"D:/STM32/250704_RTOS_Total_Module/Core/ap/Controller" -I"D:/STM32/250704_RTOS_Total_Module/Core/ap/Listener" -I"D:/STM32/250704_RTOS_Total_Module/Core/ap/Model" -I"D:/STM32/250704_RTOS_Total_Module/Core/ap/Presenter" -I"D:/STM32/250704_RTOS_Total_Module/Core/driver/DHT11" -I"D:/STM32/250704_RTOS_Total_Module/Core/driver/UltraSonic" -I"D:/STM32/250704_RTOS_Total_Module/Core/Src" -O0 -ffunction-sections -fdata-sections -Wall -fstack-usage -fcyclomatic-complexity -MMD -MP -MF"Core/ap/Controller/TempHumi.d" -MT"Core/ap/Controller/TempHumi.o" --specs=nano.specs -mfpu=fpv4-sp-d16 -mfloat-abi=hard -mthumb -o "Core/ap/Controller/TempHumi.o"
arm-none-eabi-gcc "../Core/Src/freertos.c" -mcpu=cortex-m4 -std=gnu11 -g3 -DDEBUG -DUSE_HAL_DRIVER -DSTM32F411xE -c -I../Core/Inc -I../Drivers/STM32F4xx_HAL_Driver/Inc -I../Drivers/STM32F4xx_HAL_Driver/Inc/Legacy -I../Drivers/CMSIS/Device/ST/STM32F4xx/Include -I../Drivers/CMSIS/Include -I../Middlewares/Third_Party/FreeRTOS/Source/include -I../Middlewares/Third_Party/FreeRTOS/Source/CMSIS_RTOS -I../Middlewares/Third_Party/FreeRTOS/Source/portable/GCC/ARM_CM4F -I"D:/STM32/250704_RTOS_Total_Module/Core/driver/Button" -I"D:/STM32/250704_RTOS_Total_Module/Core/driver/LedBar" -I"D:/STM32/250704_RTOS_Total_Module/Core/driver/LCD" -I"D:/STM32/250704_RTOS_Total_Module/Core/driver/FND" -I"D:/STM32/250704_RTOS_Total_Module/Core/ap/Controller" -I"D:/STM32/250704_RTOS_Total_Module/Core/ap/Listener" -I"D:/STM32/250704_RTOS_Total_Module/Core/ap/Model" -I"D:/STM32/250704_RTOS_Total_Module/Core/ap/Presenter" -I"D:/STM32/250704_RTOS_Total_Module/Core/driver/DHT11" -I"D:/STM32/250704_RTOS_Total_Module/Core/driver/UltraSonic" -I"D:/STM32/250704_RTOS_Total_Module/Core/Src" -O0 -ffunction-sections -fdata-sections -Wall -fstack-usage -fcyclomatic-complexity -MMD -MP -MF"Core/Src/freertos.d" -MT"Core/Src/freertos.o" --specs=nano.specs -mfpu=fpv4-sp-d16 -mfloat-abi=hard -mthumb -o "Core/Src/freertos.o"
../Core/ap/Controller/TempHumi.c: In function 'TempHumi_Init':
../Core/ap/Controller/TempHumi.c:19:9: warning: implicit declaration of function 'memcpy' [-Wimplicit-function-declaration]
   19 |         memcpy(pTempHumiData, &TempHumiData, sizeof(TempHumi_t));
      |         ^~~~~~
../Core/ap/Controller/TempHumi.c:10:1: note: include '<string.h>' or provide a declaration of 'memcpy'
    9 | #include "lcd.h"
  +++ |+#include <string.h>
   10 | 
../Core/ap/Controller/TempHumi.c:19:9: warning: incompatible implicit declaration of built-in function 'memcpy' [-Wbuiltin-declaration-mismatch]
   19 |         memcpy(pTempHumiData, &TempHumiData, sizeof(TempHumi_t));
      |         ^~~~~~
../Core/ap/Controller/TempHumi.c:19:9: note: include '<string.h>' or provide a declaration of 'memcpy'
../Core/ap/Controller/TempHumi.c: In function 'TempHumi_Measurement':
../Core/ap/Controller/TempHumi.c:43:33: warning: incompatible implicit declaration of built-in function 'memcpy' [-Wbuiltin-declaration-mismatch]
   43 |                                 memcpy(pTempHumiData, &TempHumiData, sizeof(TempHumi_t));
      |                                 ^~~~~~
../Core/ap/Controller/TempHumi.c:43:33: note: include '<string.h>' or provide a declaration of 'memcpy'
arm-none-eabi-gcc -o "250704_RTOS_Total_Module.elf" @"objects.list"   -mcpu=cortex-m4 -T"D:\STM32\250704_RTOS_Total_Module\STM32F411RETX_FLASH.ld" --specs=nosys.specs -Wl,-Map="250704_RTOS_Total_Module.map" -Wl,--gc-sections -static --specs=nano.specs -mfpu=fpv4-sp-d16 -mfloat-abi=hard -mthumb -Wl,--start-group -lc -lm -Wl,--end-group
Finished building target: 250704_RTOS_Total_Module.elf
 
arm-none-eabi-size  250704_RTOS_Total_Module.elf 
arm-none-eabi-objdump -h -S 250704_RTOS_Total_Module.elf  > "250704_RTOS_Total_Module.list"
   text	   data	    bss	    dec	    hex	filename
  34056	    196	  18876	  53128	   cf88	250704_RTOS_Total_Module.elf
Finished building: default.size.stdout
 
Finished building: 250704_RTOS_Total_Module.list
 
19:31:57 **** Incremental Build of configuration Debug for project 250704_RTOS_Total_Module ****
make -j16 all 
arm-none-eabi-gcc "../Core/ap/Presenter/Presenter_TempHumi.c" -mcpu=cortex-m4 -std=gnu11 -g3 -DDEBUG -DUSE_HAL_DRIVER -DSTM32F411xE -c -I../Core/Inc -I../Drivers/STM32F4xx_HAL_Driver/Inc -I../Drivers/STM32F4xx_HAL_Driver/Inc/Legacy -I../Drivers/CMSIS/Device/ST/STM32F4xx/Include -I../Drivers/CMSIS/Include -I../Middlewares/Third_Party/FreeRTOS/Source/include -I../Middlewares/Third_Party/FreeRTOS/Source/CMSIS_RTOS -I../Middlewares/Third_Party/FreeRTOS/Source/portable/GCC/ARM_CM4F -I"D:/STM32/250704_RTOS_Total_Module/Core/driver/Button" -I"D:/STM32/250704_RTOS_Total_Module/Core/driver/LedBar" -I"D:/STM32/250704_RTOS_Total_Module/Core/driver/LCD" -I"D:/STM32/250704_RTOS_Total_Module/Core/driver/FND" -I"D:/STM32/250704_RTOS_Total_Module/Core/ap/Controller" -I"D:/STM32/250704_RTOS_Total_Module/Core/ap/Listener" -I"D:/STM32/250704_RTOS_Total_Module/Core/ap/Model" -I"D:/STM32/250704_RTOS_Total_Module/Core/ap/Presenter" -I"D:/STM32/250704_RTOS_Total_Module/Core/driver/DHT11" -I"D:/STM32/250704_RTOS_Total_Module/Core/driver/UltraSonic" -I"D:/STM32/250704_RTOS_Total_Module/Core/Src" -O0 -ffunction-sections -fdata-sections -Wall -fstack-usage -fcyclomatic-complexity -MMD -MP -MF"Core/ap/Presenter/Presenter_TempHumi.d" -MT"Core/ap/Presenter/Presenter_TempHumi.o" --specs=nano.specs -mfpu=fpv4-sp-d16 -mfloat-abi=hard -mthumb -o "Core/ap/Presenter/Presenter_TempHumi.o"
arm-none-eabi-gcc "../Core/ap/Controller/TempHumi.c" -mcpu=cortex-m4 -std=gnu11 -g3 -DDEBUG -DUSE_HAL_DRIVER -DSTM32F411xE -c -I../Core/Inc -I../Drivers/STM32F4xx_HAL_Driver/Inc -I../Drivers/STM32F4xx_HAL_Driver/Inc/Legacy -I../Drivers/CMSIS/Device/ST/STM32F4xx/Include -I../Drivers/CMSIS/Include -I../Middlewares/Third_Party/FreeRTOS/Source/include -I../Middlewares/Third_Party/FreeRTOS/Source/CMSIS_RTOS -I../Middlewares/Third_Party/FreeRTOS/Source/portable/GCC/ARM_CM4F -I"D:/STM32/250704_RTOS_Total_Module/Core/driver/Button" -I"D:/STM32/250704_RTOS_Total_Module/Core/driver/LedBar" -I"D:/STM32/250704_RTOS_Total_Module/Core/driver/LCD" -I"D:/STM32/250704_RTOS_Total_Module/Core/driver/FND" -I"D:/STM32/250704_RTOS_Total_Module/Core/ap/Controller" -I"D:/STM32/250704_RTOS_Total_Module/Core/ap/Listener" -I"D:/STM32/250704_RTOS_Total_Module/Core/ap/Model" -I"D:/STM32/250704_RTOS_Total_Module/Core/ap/Presenter" -I"D:/STM32/250704_RTOS_Total_Module/Core/driver/DHT11" -I"D:/STM32/250704_RTOS_Total_Module/Core/driver/UltraSonic" -I"D:/STM32/250704_RTOS_Total_Module/Core/Src" -O0 -ffunction-sections -fdata-sections -Wall -fstack-usage -fcyclomatic-complexity -MMD -MP -MF"Core/ap/Controller/TempHumi.d" -MT"Core/ap/Controller/TempHumi.o" --specs=nano.specs -mfpu=fpv4-sp-d16 -mfloat-abi=hard -mthumb -o "Core/ap/Controller/TempHumi.o"
../Core/ap/Controller/TempHumi.c: In function 'TempHumi_Init':
../Core/ap/Controller/TempHumi.c:19:9: warning: implicit declaration of function 'memcpy' [-Wimplicit-function-declaration]
   19 |         memcpy(pTempHumiData, &TempHumiData, sizeof(TempHumi_t));
      |         ^~~~~~
../Core/ap/Controller/TempHumi.c:10:1: note: include '<string.h>' or provide a declaration of 'memcpy'
    9 | #include "lcd.h"
  +++ |+#include <string.h>
   10 | 
../Core/ap/Controller/TempHumi.c:19:9: warning: incompatible implicit declaration of built-in function 'memcpy' [-Wbuiltin-declaration-mismatch]
   19 |         memcpy(pTempHumiData, &TempHumiData, sizeof(TempHumi_t));
      |         ^~~~~~
../Core/ap/Controller/TempHumi.c:19:9: note: include '<string.h>' or provide a declaration of 'memcpy'
../Core/ap/Controller/TempHumi.c: In function 'TempHumi_Measurement':
../Core/ap/Controller/TempHumi.c:43:33: warning: incompatible implicit declaration of built-in function 'memcpy' [-Wbuiltin-declaration-mismatch]
   43 |                                 memcpy(pTempHumiData, &TempHumiData, sizeof(TempHumi_t));
      |                                 ^~~~~~
../Core/ap/Controller/TempHumi.c:43:33: note: include '<string.h>' or provide a declaration of 'memcpy'
arm-none-eabi-gcc -o "250704_RTOS_Total_Module.elf" @"objects.list"   -mcpu=cortex-m4 -T"D:\STM32\250704_RTOS_Total_Module\STM32F411RETX_FLASH.ld" --specs=nosys.specs -Wl,-Map="250704_RTOS_Total_Module.map" -Wl,--gc-sections -static --specs=nano.specs -mfpu=fpv4-sp-d16 -mfloat-abi=hard -mthumb -Wl,--start-group -lc -lm -Wl,--end-group
Finished building target: 250704_RTOS_Total_Module.elf
 
arm-none-eabi-size  250704_RTOS_Total_Module.elf 
arm-none-eabi-objdump -h -S 250704_RTOS_Total_Module.elf  > "250704_RTOS_Total_Module.list"
   text	   data	    bss	    dec	    hex	filename
  34064	    196	  18876	  53136	   cf90	250704_RTOS_Total_Module.elf
Finished building: default.size.stdout
 
Finished building: 250704_RTOS_Total_Module.list
 
19:34:55 **** Incremental Build of configuration Debug for project 250704_RTOS_Total_Module ****
make -j16 all 
arm-none-eabi-gcc "../Core/ap/Controller/TempHumi.c" -mcpu=cortex-m4 -std=gnu11 -g3 -DDEBUG -DUSE_HAL_DRIVER -DSTM32F411xE -c -I../Core/Inc -I../Drivers/STM32F4xx_HAL_Driver/Inc -I../Drivers/STM32F4xx_HAL_Driver/Inc/Legacy -I../Drivers/CMSIS/Device/ST/STM32F4xx/Include -I../Drivers/CMSIS/Include -I../Middlewares/Third_Party/FreeRTOS/Source/include -I../Middlewares/Third_Party/FreeRTOS/Source/CMSIS_RTOS -I../Middlewares/Third_Party/FreeRTOS/Source/portable/GCC/ARM_CM4F -I"D:/STM32/250704_RTOS_Total_Module/Core/driver/Button" -I"D:/STM32/250704_RTOS_Total_Module/Core/driver/LedBar" -I"D:/STM32/250704_RTOS_Total_Module/Core/driver/LCD" -I"D:/STM32/250704_RTOS_Total_Module/Core/driver/FND" -I"D:/STM32/250704_RTOS_Total_Module/Core/ap/Controller" -I"D:/STM32/250704_RTOS_Total_Module/Core/ap/Listener" -I"D:/STM32/250704_RTOS_Total_Module/Core/ap/Model" -I"D:/STM32/250704_RTOS_Total_Module/Core/ap/Presenter" -I"D:/STM32/250704_RTOS_Total_Module/Core/driver/DHT11" -I"D:/STM32/250704_RTOS_Total_Module/Core/driver/UltraSonic" -I"D:/STM32/250704_RTOS_Total_Module/Core/Src" -O0 -ffunction-sections -fdata-sections -Wall -fstack-usage -fcyclomatic-complexity -MMD -MP -MF"Core/ap/Controller/TempHumi.d" -MT"Core/ap/Controller/TempHumi.o" --specs=nano.specs -mfpu=fpv4-sp-d16 -mfloat-abi=hard -mthumb -o "Core/ap/Controller/TempHumi.o"
../Core/ap/Controller/TempHumi.c: In function 'TempHumi_Init':
../Core/ap/Controller/TempHumi.c:19:9: warning: implicit declaration of function 'memcpy' [-Wimplicit-function-declaration]
   19 |         memcpy(pTempHumiData, &TempHumiData, sizeof(TempHumi_t));
      |         ^~~~~~
../Core/ap/Controller/TempHumi.c:10:1: note: include '<string.h>' or provide a declaration of 'memcpy'
    9 | #include "lcd.h"
  +++ |+#include <string.h>
   10 | 
../Core/ap/Controller/TempHumi.c:19:9: warning: incompatible implicit declaration of built-in function 'memcpy' [-Wbuiltin-declaration-mismatch]
   19 |         memcpy(pTempHumiData, &TempHumiData, sizeof(TempHumi_t));
      |         ^~~~~~
../Core/ap/Controller/TempHumi.c:19:9: note: include '<string.h>' or provide a declaration of 'memcpy'
../Core/ap/Controller/TempHumi.c: In function 'TempHumi_Measurement':
../Core/ap/Controller/TempHumi.c:43:33: warning: incompatible implicit declaration of built-in function 'memcpy' [-Wbuiltin-declaration-mismatch]
   43 |                                 memcpy(pTempHumiData, &TempHumiData, sizeof(TempHumi_t));
      |                                 ^~~~~~
../Core/ap/Controller/TempHumi.c:43:33: note: include '<string.h>' or provide a declaration of 'memcpy'
arm-none-eabi-gcc -o "250704_RTOS_Total_Module.elf" @"objects.list"   -mcpu=cortex-m4 -T"D:\STM32\250704_RTOS_Total_Module\STM32F411RETX_FLASH.ld" --specs=nosys.specs -Wl,-Map="250704_RTOS_Total_Module.map" -Wl,--gc-sections -static --specs=nano.specs -mfpu=fpv4-sp-d16 -mfloat-abi=hard -mthumb -Wl,--start-group -lc -lm -Wl,--end-group
Finished building target: 250704_RTOS_Total_Module.elf
 
arm-none-eabi-size  250704_RTOS_Total_Module.elf 
arm-none-eabi-objdump -h -S 250704_RTOS_Total_Module.elf  > "250704_RTOS_Total_Module.list"
   text	   data	    bss	    dec	    hex	filename
  34064	    196	  18876	  53136	   cf90	250704_RTOS_Total_Module.elf
Finished building: default.size.stdout
 
Finished building: 250704_RTOS_Total_Module.list
 
19:42:04 **** Incremental Build of configuration Debug for project 250704_RTOS_Total_Module ****
make -j16 all 
arm-none-eabi-gcc "../Core/ap/Presenter/Presenter_Distance.c" -mcpu=cortex-m4 -std=gnu11 -g3 -DDEBUG -DUSE_HAL_DRIVER -DSTM32F411xE -c -I../Core/Inc -I../Drivers/STM32F4xx_HAL_Driver/Inc -I../Drivers/STM32F4xx_HAL_Driver/Inc/Legacy -I../Drivers/CMSIS/Device/ST/STM32F4xx/Include -I../Drivers/CMSIS/Include -I../Middlewares/Third_Party/FreeRTOS/Source/include -I../Middlewares/Third_Party/FreeRTOS/Source/CMSIS_RTOS -I../Middlewares/Third_Party/FreeRTOS/Source/portable/GCC/ARM_CM4F -I"D:/STM32/250704_RTOS_Total_Module/Core/driver/Button" -I"D:/STM32/250704_RTOS_Total_Module/Core/driver/LedBar" -I"D:/STM32/250704_RTOS_Total_Module/Core/driver/LCD" -I"D:/STM32/250704_RTOS_Total_Module/Core/driver/FND" -I"D:/STM32/250704_RTOS_Total_Module/Core/ap/Controller" -I"D:/STM32/250704_RTOS_Total_Module/Core/ap/Listener" -I"D:/STM32/250704_RTOS_Total_Module/Core/ap/Model" -I"D:/STM32/250704_RTOS_Total_Module/Core/ap/Presenter" -I"D:/STM32/250704_RTOS_Total_Module/Core/driver/DHT11" -I"D:/STM32/250704_RTOS_Total_Module/Core/driver/UltraSonic" -I"D:/STM32/250704_RTOS_Total_Module/Core/Src" -O0 -ffunction-sections -fdata-sections -Wall -fstack-usage -fcyclomatic-complexity -MMD -MP -MF"Core/ap/Presenter/Presenter_Distance.d" -MT"Core/ap/Presenter/Presenter_Distance.o" --specs=nano.specs -mfpu=fpv4-sp-d16 -mfloat-abi=hard -mthumb -o "Core/ap/Presenter/Presenter_Distance.o"
arm-none-eabi-gcc "../Core/ap/Presenter/Presenter_TempHumi.c" -mcpu=cortex-m4 -std=gnu11 -g3 -DDEBUG -DUSE_HAL_DRIVER -DSTM32F411xE -c -I../Core/Inc -I../Drivers/STM32F4xx_HAL_Driver/Inc -I../Drivers/STM32F4xx_HAL_Driver/Inc/Legacy -I../Drivers/CMSIS/Device/ST/STM32F4xx/Include -I../Drivers/CMSIS/Include -I../Middlewares/Third_Party/FreeRTOS/Source/include -I../Middlewares/Third_Party/FreeRTOS/Source/CMSIS_RTOS -I../Middlewares/Third_Party/FreeRTOS/Source/portable/GCC/ARM_CM4F -I"D:/STM32/250704_RTOS_Total_Module/Core/driver/Button" -I"D:/STM32/250704_RTOS_Total_Module/Core/driver/LedBar" -I"D:/STM32/250704_RTOS_Total_Module/Core/driver/LCD" -I"D:/STM32/250704_RTOS_Total_Module/Core/driver/FND" -I"D:/STM32/250704_RTOS_Total_Module/Core/ap/Controller" -I"D:/STM32/250704_RTOS_Total_Module/Core/ap/Listener" -I"D:/STM32/250704_RTOS_Total_Module/Core/ap/Model" -I"D:/STM32/250704_RTOS_Total_Module/Core/ap/Presenter" -I"D:/STM32/250704_RTOS_Total_Module/Core/driver/DHT11" -I"D:/STM32/250704_RTOS_Total_Module/Core/driver/UltraSonic" -I"D:/STM32/250704_RTOS_Total_Module/Core/Src" -O0 -ffunction-sections -fdata-sections -Wall -fstack-usage -fcyclomatic-complexity -MMD -MP -MF"Core/ap/Presenter/Presenter_TempHumi.d" -MT"Core/ap/Presenter/Presenter_TempHumi.o" --specs=nano.specs -mfpu=fpv4-sp-d16 -mfloat-abi=hard -mthumb -o "Core/ap/Presenter/Presenter_TempHumi.o"
arm-none-eabi-gcc "../Core/ap/Controller/TempHumi.c" -mcpu=cortex-m4 -std=gnu11 -g3 -DDEBUG -DUSE_HAL_DRIVER -DSTM32F411xE -c -I../Core/Inc -I../Drivers/STM32F4xx_HAL_Driver/Inc -I../Drivers/STM32F4xx_HAL_Driver/Inc/Legacy -I../Drivers/CMSIS/Device/ST/STM32F4xx/Include -I../Drivers/CMSIS/Include -I../Middlewares/Third_Party/FreeRTOS/Source/include -I../Middlewares/Third_Party/FreeRTOS/Source/CMSIS_RTOS -I../Middlewares/Third_Party/FreeRTOS/Source/portable/GCC/ARM_CM4F -I"D:/STM32/250704_RTOS_Total_Module/Core/driver/Button" -I"D:/STM32/250704_RTOS_Total_Module/Core/driver/LedBar" -I"D:/STM32/250704_RTOS_Total_Module/Core/driver/LCD" -I"D:/STM32/250704_RTOS_Total_Module/Core/driver/FND" -I"D:/STM32/250704_RTOS_Total_Module/Core/ap/Controller" -I"D:/STM32/250704_RTOS_Total_Module/Core/ap/Listener" -I"D:/STM32/250704_RTOS_Total_Module/Core/ap/Model" -I"D:/STM32/250704_RTOS_Total_Module/Core/ap/Presenter" -I"D:/STM32/250704_RTOS_Total_Module/Core/driver/DHT11" -I"D:/STM32/250704_RTOS_Total_Module/Core/driver/UltraSonic" -I"D:/STM32/250704_RTOS_Total_Module/Core/Src" -O0 -ffunction-sections -fdata-sections -Wall -fstack-usage -fcyclomatic-complexity -MMD -MP -MF"Core/ap/Controller/TempHumi.d" -MT"Core/ap/Controller/TempHumi.o" --specs=nano.specs -mfpu=fpv4-sp-d16 -mfloat-abi=hard -mthumb -o "Core/ap/Controller/TempHumi.o"
../Core/ap/Controller/TempHumi.c: In function 'TempHumi_Init':
../Core/ap/Controller/TempHumi.c:19:9: warning: implicit declaration of function 'memcpy' [-Wimplicit-function-declaration]
   19 |         memcpy(pTempHumiData, &TempHumiData, sizeof(TempHumi_t));
      |         ^~~~~~
../Core/ap/Controller/TempHumi.c:10:1: note: include '<string.h>' or provide a declaration of 'memcpy'
    9 | #include "lcd.h"
  +++ |+#include <string.h>
   10 | 
../Core/ap/Controller/TempHumi.c:19:9: warning: incompatible implicit declaration of built-in function 'memcpy' [-Wbuiltin-declaration-mismatch]
   19 |         memcpy(pTempHumiData, &TempHumiData, sizeof(TempHumi_t));
      |         ^~~~~~
../Core/ap/Controller/TempHumi.c:19:9: note: include '<string.h>' or provide a declaration of 'memcpy'
../Core/ap/Controller/TempHumi.c: In function 'TempHumi_Measurement':
../Core/ap/Controller/TempHumi.c:43:33: warning: incompatible implicit declaration of built-in function 'memcpy' [-Wbuiltin-declaration-mismatch]
   43 |                                 memcpy(pTempHumiData, &TempHumiData, sizeof(TempHumi_t));
      |                                 ^~~~~~
../Core/ap/Controller/TempHumi.c:43:33: note: include '<string.h>' or provide a declaration of 'memcpy'
../Core/ap/Presenter/Presenter_Distance.c: In function 'Presenter_Distance_LCD':
../Core/ap/Presenter/Presenter_Distance.c:44:23: warning: too many arguments for format [-Wformat-extra-args]
   44 |         sprintf(str1, "                 ", distanceData.distance);
      |                       ^~~~~~~~~~~~~~~~~~~
../Core/ap/Presenter/Presenter_TempHumi.c: In function 'Presenter_TempHumi_LCD':
../Core/ap/Presenter/Presenter_TempHumi.c:47:44: error: 'distanceData' undeclared (first use in this function)
   47 |         sprintf(str1, "                 ", distanceData.distance);
      |                                            ^~~~~~~~~~~~
../Core/ap/Presenter/Presenter_TempHumi.c:47:44: note: each undeclared identifier is reported only once for each function it appears in
make: *** [Core/ap/Presenter/subdir.mk:31: Core/ap/Presenter/Presenter_TempHumi.o] Error 1
make: *** Waiting for unfinished jobs....
"make -j16 all" terminated with exit code 2. Build might be incomplete.
19:42:41 **** Incremental Build of configuration Debug for project 250704_RTOS_Total_Module ****
make -j16 all 
arm-none-eabi-gcc "../Core/ap/Presenter/Presenter_Distance.c" -mcpu=cortex-m4 -std=gnu11 -g3 -DDEBUG -DUSE_HAL_DRIVER -DSTM32F411xE -c -I../Core/Inc -I../Drivers/STM32F4xx_HAL_Driver/Inc -I../Drivers/STM32F4xx_HAL_Driver/Inc/Legacy -I../Drivers/CMSIS/Device/ST/STM32F4xx/Include -I../Drivers/CMSIS/Include -I../Middlewares/Third_Party/FreeRTOS/Source/include -I../Middlewares/Third_Party/FreeRTOS/Source/CMSIS_RTOS -I../Middlewares/Third_Party/FreeRTOS/Source/portable/GCC/ARM_CM4F -I"D:/STM32/250704_RTOS_Total_Module/Core/driver/Button" -I"D:/STM32/250704_RTOS_Total_Module/Core/driver/LedBar" -I"D:/STM32/250704_RTOS_Total_Module/Core/driver/LCD" -I"D:/STM32/250704_RTOS_Total_Module/Core/driver/FND" -I"D:/STM32/250704_RTOS_Total_Module/Core/ap/Controller" -I"D:/STM32/250704_RTOS_Total_Module/Core/ap/Listener" -I"D:/STM32/250704_RTOS_Total_Module/Core/ap/Model" -I"D:/STM32/250704_RTOS_Total_Module/Core/ap/Presenter" -I"D:/STM32/250704_RTOS_Total_Module/Core/driver/DHT11" -I"D:/STM32/250704_RTOS_Total_Module/Core/driver/UltraSonic" -I"D:/STM32/250704_RTOS_Total_Module/Core/Src" -O0 -ffunction-sections -fdata-sections -Wall -fstack-usage -fcyclomatic-complexity -MMD -MP -MF"Core/ap/Presenter/Presenter_Distance.d" -MT"Core/ap/Presenter/Presenter_Distance.o" --specs=nano.specs -mfpu=fpv4-sp-d16 -mfloat-abi=hard -mthumb -o "Core/ap/Presenter/Presenter_Distance.o"
arm-none-eabi-gcc "../Core/ap/Presenter/Presenter_TempHumi.c" -mcpu=cortex-m4 -std=gnu11 -g3 -DDEBUG -DUSE_HAL_DRIVER -DSTM32F411xE -c -I../Core/Inc -I../Drivers/STM32F4xx_HAL_Driver/Inc -I../Drivers/STM32F4xx_HAL_Driver/Inc/Legacy -I../Drivers/CMSIS/Device/ST/STM32F4xx/Include -I../Drivers/CMSIS/Include -I../Middlewares/Third_Party/FreeRTOS/Source/include -I../Middlewares/Third_Party/FreeRTOS/Source/CMSIS_RTOS -I../Middlewares/Third_Party/FreeRTOS/Source/portable/GCC/ARM_CM4F -I"D:/STM32/250704_RTOS_Total_Module/Core/driver/Button" -I"D:/STM32/250704_RTOS_Total_Module/Core/driver/LedBar" -I"D:/STM32/250704_RTOS_Total_Module/Core/driver/LCD" -I"D:/STM32/250704_RTOS_Total_Module/Core/driver/FND" -I"D:/STM32/250704_RTOS_Total_Module/Core/ap/Controller" -I"D:/STM32/250704_RTOS_Total_Module/Core/ap/Listener" -I"D:/STM32/250704_RTOS_Total_Module/Core/ap/Model" -I"D:/STM32/250704_RTOS_Total_Module/Core/ap/Presenter" -I"D:/STM32/250704_RTOS_Total_Module/Core/driver/DHT11" -I"D:/STM32/250704_RTOS_Total_Module/Core/driver/UltraSonic" -I"D:/STM32/250704_RTOS_Total_Module/Core/Src" -O0 -ffunction-sections -fdata-sections -Wall -fstack-usage -fcyclomatic-complexity -MMD -MP -MF"Core/ap/Presenter/Presenter_TempHumi.d" -MT"Core/ap/Presenter/Presenter_TempHumi.o" --specs=nano.specs -mfpu=fpv4-sp-d16 -mfloat-abi=hard -mthumb -o "Core/ap/Presenter/Presenter_TempHumi.o"
arm-none-eabi-gcc -o "250704_RTOS_Total_Module.elf" @"objects.list"   -mcpu=cortex-m4 -T"D:\STM32\250704_RTOS_Total_Module\STM32F411RETX_FLASH.ld" --specs=nosys.specs -Wl,-Map="250704_RTOS_Total_Module.map" -Wl,--gc-sections -static --specs=nano.specs -mfpu=fpv4-sp-d16 -mfloat-abi=hard -mthumb -Wl,--start-group -lc -lm -Wl,--end-group
Finished building target: 250704_RTOS_Total_Module.elf
 
arm-none-eabi-size  250704_RTOS_Total_Module.elf 
arm-none-eabi-objdump -h -S 250704_RTOS_Total_Module.elf  > "250704_RTOS_Total_Module.list"
   text	   data	    bss	    dec	    hex	filename
  34152	    196	  18876	  53224	   cfe8	250704_RTOS_Total_Module.elf
Finished building: default.size.stdout
 
Finished building: 250704_RTOS_Total_Module.list
 
19:44:50 **** Incremental Build of configuration Debug for project 250704_RTOS_Total_Module ****
make -j16 all 
arm-none-eabi-gcc "../Core/ap/Controller/TempHumi.c" -mcpu=cortex-m4 -std=gnu11 -g3 -DDEBUG -DUSE_HAL_DRIVER -DSTM32F411xE -c -I../Core/Inc -I../Drivers/STM32F4xx_HAL_Driver/Inc -I../Drivers/STM32F4xx_HAL_Driver/Inc/Legacy -I../Drivers/CMSIS/Device/ST/STM32F4xx/Include -I../Drivers/CMSIS/Include -I../Middlewares/Third_Party/FreeRTOS/Source/include -I../Middlewares/Third_Party/FreeRTOS/Source/CMSIS_RTOS -I../Middlewares/Third_Party/FreeRTOS/Source/portable/GCC/ARM_CM4F -I"D:/STM32/250704_RTOS_Total_Module/Core/driver/Button" -I"D:/STM32/250704_RTOS_Total_Module/Core/driver/LedBar" -I"D:/STM32/250704_RTOS_Total_Module/Core/driver/LCD" -I"D:/STM32/250704_RTOS_Total_Module/Core/driver/FND" -I"D:/STM32/250704_RTOS_Total_Module/Core/ap/Controller" -I"D:/STM32/250704_RTOS_Total_Module/Core/ap/Listener" -I"D:/STM32/250704_RTOS_Total_Module/Core/ap/Model" -I"D:/STM32/250704_RTOS_Total_Module/Core/ap/Presenter" -I"D:/STM32/250704_RTOS_Total_Module/Core/driver/DHT11" -I"D:/STM32/250704_RTOS_Total_Module/Core/driver/UltraSonic" -I"D:/STM32/250704_RTOS_Total_Module/Core/Src" -O0 -ffunction-sections -fdata-sections -Wall -fstack-usage -fcyclomatic-complexity -MMD -MP -MF"Core/ap/Controller/TempHumi.d" -MT"Core/ap/Controller/TempHumi.o" --specs=nano.specs -mfpu=fpv4-sp-d16 -mfloat-abi=hard -mthumb -o "Core/ap/Controller/TempHumi.o"
../Core/ap/Controller/TempHumi.c: In function 'TempHumi_Init':
../Core/ap/Controller/TempHumi.c:19:9: warning: implicit declaration of function 'memcpy' [-Wimplicit-function-declaration]
   19 |         memcpy(pTempHumiData, &TempHumiData, sizeof(TempHumi_t));
      |         ^~~~~~
../Core/ap/Controller/TempHumi.c:10:1: note: include '<string.h>' or provide a declaration of 'memcpy'
    9 | #include "lcd.h"
  +++ |+#include <string.h>
   10 | 
../Core/ap/Controller/TempHumi.c:19:9: warning: incompatible implicit declaration of built-in function 'memcpy' [-Wbuiltin-declaration-mismatch]
   19 |         memcpy(pTempHumiData, &TempHumiData, sizeof(TempHumi_t));
      |         ^~~~~~
../Core/ap/Controller/TempHumi.c:19:9: note: include '<string.h>' or provide a declaration of 'memcpy'
../Core/ap/Controller/TempHumi.c: In function 'TempHumi_Measurement':
../Core/ap/Controller/TempHumi.c:44:33: warning: incompatible implicit declaration of built-in function 'memcpy' [-Wbuiltin-declaration-mismatch]
   44 |                                 memcpy(pTempHumiData, &TempHumiData, sizeof(TempHumi_t));
      |                                 ^~~~~~
../Core/ap/Controller/TempHumi.c:44:33: note: include '<string.h>' or provide a declaration of 'memcpy'
arm-none-eabi-gcc -o "250704_RTOS_Total_Module.elf" @"objects.list"   -mcpu=cortex-m4 -T"D:\STM32\250704_RTOS_Total_Module\STM32F411RETX_FLASH.ld" --specs=nosys.specs -Wl,-Map="250704_RTOS_Total_Module.map" -Wl,--gc-sections -static --specs=nano.specs -mfpu=fpv4-sp-d16 -mfloat-abi=hard -mthumb -Wl,--start-group -lc -lm -Wl,--end-group
Finished building target: 250704_RTOS_Total_Module.elf
 
arm-none-eabi-size  250704_RTOS_Total_Module.elf 
arm-none-eabi-objdump -h -S 250704_RTOS_Total_Module.elf  > "250704_RTOS_Total_Module.list"
   text	   data	    bss	    dec	    hex	filename
  34152	    196	  18876	  53224	   cfe8	250704_RTOS_Total_Module.elf
Finished building: default.size.stdout
 
Finished building: 250704_RTOS_Total_Module.list
 
19:47:30 **** Incremental Build of configuration Debug for project 250704_RTOS_Total_Module ****
make -j16 all 
arm-none-eabi-gcc "../Core/ap/Model/Model_TempHumi.c" -mcpu=cortex-m4 -std=gnu11 -g3 -DDEBUG -DUSE_HAL_DRIVER -DSTM32F411xE -c -I../Core/Inc -I../Drivers/STM32F4xx_HAL_Driver/Inc -I../Drivers/STM32F4xx_HAL_Driver/Inc/Legacy -I../Drivers/CMSIS/Device/ST/STM32F4xx/Include -I../Drivers/CMSIS/Include -I../Middlewares/Third_Party/FreeRTOS/Source/include -I../Middlewares/Third_Party/FreeRTOS/Source/CMSIS_RTOS -I../Middlewares/Third_Party/FreeRTOS/Source/portable/GCC/ARM_CM4F -I"D:/STM32/250704_RTOS_Total_Module/Core/driver/Button" -I"D:/STM32/250704_RTOS_Total_Module/Core/driver/LedBar" -I"D:/STM32/250704_RTOS_Total_Module/Core/driver/LCD" -I"D:/STM32/250704_RTOS_Total_Module/Core/driver/FND" -I"D:/STM32/250704_RTOS_Total_Module/Core/ap/Controller" -I"D:/STM32/250704_RTOS_Total_Module/Core/ap/Listener" -I"D:/STM32/250704_RTOS_Total_Module/Core/ap/Model" -I"D:/STM32/250704_RTOS_Total_Module/Core/ap/Presenter" -I"D:/STM32/250704_RTOS_Total_Module/Core/driver/DHT11" -I"D:/STM32/250704_RTOS_Total_Module/Core/driver/UltraSonic" -I"D:/STM32/250704_RTOS_Total_Module/Core/Src" -O0 -ffunction-sections -fdata-sections -Wall -fstack-usage -fcyclomatic-complexity -MMD -MP -MF"Core/ap/Model/Model_TempHumi.d" -MT"Core/ap/Model/Model_TempHumi.o" --specs=nano.specs -mfpu=fpv4-sp-d16 -mfloat-abi=hard -mthumb -o "Core/ap/Model/Model_TempHumi.o"
arm-none-eabi-gcc "../Core/ap/Controller/TempHumi.c" -mcpu=cortex-m4 -std=gnu11 -g3 -DDEBUG -DUSE_HAL_DRIVER -DSTM32F411xE -c -I../Core/Inc -I../Drivers/STM32F4xx_HAL_Driver/Inc -I../Drivers/STM32F4xx_HAL_Driver/Inc/Legacy -I../Drivers/CMSIS/Device/ST/STM32F4xx/Include -I../Drivers/CMSIS/Include -I../Middlewares/Third_Party/FreeRTOS/Source/include -I../Middlewares/Third_Party/FreeRTOS/Source/CMSIS_RTOS -I../Middlewares/Third_Party/FreeRTOS/Source/portable/GCC/ARM_CM4F -I"D:/STM32/250704_RTOS_Total_Module/Core/driver/Button" -I"D:/STM32/250704_RTOS_Total_Module/Core/driver/LedBar" -I"D:/STM32/250704_RTOS_Total_Module/Core/driver/LCD" -I"D:/STM32/250704_RTOS_Total_Module/Core/driver/FND" -I"D:/STM32/250704_RTOS_Total_Module/Core/ap/Controller" -I"D:/STM32/250704_RTOS_Total_Module/Core/ap/Listener" -I"D:/STM32/250704_RTOS_Total_Module/Core/ap/Model" -I"D:/STM32/250704_RTOS_Total_Module/Core/ap/Presenter" -I"D:/STM32/250704_RTOS_Total_Module/Core/driver/DHT11" -I"D:/STM32/250704_RTOS_Total_Module/Core/driver/UltraSonic" -I"D:/STM32/250704_RTOS_Total_Module/Core/Src" -O0 -ffunction-sections -fdata-sections -Wall -fstack-usage -fcyclomatic-complexity -MMD -MP -MF"Core/ap/Controller/TempHumi.d" -MT"Core/ap/Controller/TempHumi.o" --specs=nano.specs -mfpu=fpv4-sp-d16 -mfloat-abi=hard -mthumb -o "Core/ap/Controller/TempHumi.o"
../Core/ap/Controller/TempHumi.c: In function 'TempHumi_Init':
../Core/ap/Controller/TempHumi.c:19:9: warning: implicit declaration of function 'memcpy' [-Wimplicit-function-declaration]
   19 |         memcpy(pTempHumiData, &TempHumiData, sizeof(TempHumi_t));
      |         ^~~~~~
../Core/ap/Controller/TempHumi.c:10:1: note: include '<string.h>' or provide a declaration of 'memcpy'
    9 | #include "lcd.h"
  +++ |+#include <string.h>
   10 | 
../Core/ap/Controller/TempHumi.c:19:9: warning: incompatible implicit declaration of built-in function 'memcpy' [-Wbuiltin-declaration-mismatch]
   19 |         memcpy(pTempHumiData, &TempHumiData, sizeof(TempHumi_t));
      |         ^~~~~~
../Core/ap/Controller/TempHumi.c:19:9: note: include '<string.h>' or provide a declaration of 'memcpy'
../Core/ap/Controller/TempHumi.c: In function 'TempHumi_Measurement':
../Core/ap/Controller/TempHumi.c:43:33: warning: incompatible implicit declaration of built-in function 'memcpy' [-Wbuiltin-declaration-mismatch]
   43 |                                 memcpy(pTempHumiData, &TempHumiData, sizeof(TempHumi_t));
      |                                 ^~~~~~
../Core/ap/Controller/TempHumi.c:43:33: note: include '<string.h>' or provide a declaration of 'memcpy'
arm-none-eabi-gcc -o "250704_RTOS_Total_Module.elf" @"objects.list"   -mcpu=cortex-m4 -T"D:\STM32\250704_RTOS_Total_Module\STM32F411RETX_FLASH.ld" --specs=nosys.specs -Wl,-Map="250704_RTOS_Total_Module.map" -Wl,--gc-sections -static --specs=nano.specs -mfpu=fpv4-sp-d16 -mfloat-abi=hard -mthumb -Wl,--start-group -lc -lm -Wl,--end-group
Finished building target: 250704_RTOS_Total_Module.elf
 
arm-none-eabi-size  250704_RTOS_Total_Module.elf 
arm-none-eabi-objdump -h -S 250704_RTOS_Total_Module.elf  > "250704_RTOS_Total_Module.list"
   text	   data	    bss	    dec	    hex	filename
  34152	    196	  18876	  53224	   cfe8	250704_RTOS_Total_Module.elf
Finished building: default.size.stdout
 
Finished building: 250704_RTOS_Total_Module.list
 
19:50:57 **** Incremental Build of configuration Debug for project 250704_RTOS_Total_Module ****
make -j16 all 
arm-none-eabi-gcc "../Core/ap/Controller/TempHumi.c" -mcpu=cortex-m4 -std=gnu11 -g3 -DDEBUG -DUSE_HAL_DRIVER -DSTM32F411xE -c -I../Core/Inc -I../Drivers/STM32F4xx_HAL_Driver/Inc -I../Drivers/STM32F4xx_HAL_Driver/Inc/Legacy -I../Drivers/CMSIS/Device/ST/STM32F4xx/Include -I../Drivers/CMSIS/Include -I../Middlewares/Third_Party/FreeRTOS/Source/include -I../Middlewares/Third_Party/FreeRTOS/Source/CMSIS_RTOS -I../Middlewares/Third_Party/FreeRTOS/Source/portable/GCC/ARM_CM4F -I"D:/STM32/250704_RTOS_Total_Module/Core/driver/Button" -I"D:/STM32/250704_RTOS_Total_Module/Core/driver/LedBar" -I"D:/STM32/250704_RTOS_Total_Module/Core/driver/LCD" -I"D:/STM32/250704_RTOS_Total_Module/Core/driver/FND" -I"D:/STM32/250704_RTOS_Total_Module/Core/ap/Controller" -I"D:/STM32/250704_RTOS_Total_Module/Core/ap/Listener" -I"D:/STM32/250704_RTOS_Total_Module/Core/ap/Model" -I"D:/STM32/250704_RTOS_Total_Module/Core/ap/Presenter" -I"D:/STM32/250704_RTOS_Total_Module/Core/driver/DHT11" -I"D:/STM32/250704_RTOS_Total_Module/Core/driver/UltraSonic" -I"D:/STM32/250704_RTOS_Total_Module/Core/Src" -O0 -ffunction-sections -fdata-sections -Wall -fstack-usage -fcyclomatic-complexity -MMD -MP -MF"Core/ap/Controller/TempHumi.d" -MT"Core/ap/Controller/TempHumi.o" --specs=nano.specs -mfpu=fpv4-sp-d16 -mfloat-abi=hard -mthumb -o "Core/ap/Controller/TempHumi.o"
../Core/ap/Controller/TempHumi.c: In function 'TempHumi_Init':
../Core/ap/Controller/TempHumi.c:19:9: warning: implicit declaration of function 'memcpy' [-Wimplicit-function-declaration]
   19 |         memcpy(pTempHumiData, &TempHumiData, sizeof(TempHumi_t));
      |         ^~~~~~
../Core/ap/Controller/TempHumi.c:10:1: note: include '<string.h>' or provide a declaration of 'memcpy'
    9 | #include "lcd.h"
  +++ |+#include <string.h>
   10 | 
../Core/ap/Controller/TempHumi.c:19:9: warning: incompatible implicit declaration of built-in function 'memcpy' [-Wbuiltin-declaration-mismatch]
   19 |         memcpy(pTempHumiData, &TempHumiData, sizeof(TempHumi_t));
      |         ^~~~~~
../Core/ap/Controller/TempHumi.c:19:9: note: include '<string.h>' or provide a declaration of 'memcpy'
../Core/ap/Controller/TempHumi.c: In function 'TempHumi_Measurement':
../Core/ap/Controller/TempHumi.c:46:37: warning: incompatible implicit declaration of built-in function 'memcpy' [-Wbuiltin-declaration-mismatch]
   46 |                                     memcpy(pTempHumiData, &TempHumiData, sizeof(TempHumi_t));
      |                                     ^~~~~~
../Core/ap/Controller/TempHumi.c:46:37: note: include '<string.h>' or provide a declaration of 'memcpy'
../Core/ap/Controller/TempHumi.c:49:37: warning: implicit declaration of function 'printf' [-Wimplicit-function-declaration]
   49 |                                     printf(str,"fail");
      |                                     ^~~~~~
../Core/ap/Controller/TempHumi.c:10:1: note: include '<stdio.h>' or provide a declaration of 'printf'
    9 | #include "lcd.h"
  +++ |+#include <stdio.h>
   10 | 
../Core/ap/Controller/TempHumi.c:49:37: warning: incompatible implicit declaration of built-in function 'printf' [-Wbuiltin-declaration-mismatch]
   49 |                                     printf(str,"fail");
      |                                     ^~~~~~
../Core/ap/Controller/TempHumi.c:49:37: note: include '<stdio.h>' or provide a declaration of 'printf'
arm-none-eabi-gcc -o "250704_RTOS_Total_Module.elf" @"objects.list"   -mcpu=cortex-m4 -T"D:\STM32\250704_RTOS_Total_Module\STM32F411RETX_FLASH.ld" --specs=nosys.specs -Wl,-Map="250704_RTOS_Total_Module.map" -Wl,--gc-sections -static --specs=nano.specs -mfpu=fpv4-sp-d16 -mfloat-abi=hard -mthumb -Wl,--start-group -lc -lm -Wl,--end-group
Finished building target: 250704_RTOS_Total_Module.elf
 
arm-none-eabi-size  250704_RTOS_Total_Module.elf 
arm-none-eabi-objdump -h -S 250704_RTOS_Total_Module.elf  > "250704_RTOS_Total_Module.list"
   text	   data	    bss	    dec	    hex	filename
  36684	    208	  18880	  55772	   d9dc	250704_RTOS_Total_Module.elf
Finished building: default.size.stdout
 
Finished building: 250704_RTOS_Total_Module.list
 
19:52:46 **** Incremental Build of configuration Debug for project 250704_RTOS_Total_Module ****
make -j16 all 
arm-none-eabi-gcc "../Core/ap/Controller/TempHumi.c" -mcpu=cortex-m4 -std=gnu11 -g3 -DDEBUG -DUSE_HAL_DRIVER -DSTM32F411xE -c -I../Core/Inc -I../Drivers/STM32F4xx_HAL_Driver/Inc -I../Drivers/STM32F4xx_HAL_Driver/Inc/Legacy -I../Drivers/CMSIS/Device/ST/STM32F4xx/Include -I../Drivers/CMSIS/Include -I../Middlewares/Third_Party/FreeRTOS/Source/include -I../Middlewares/Third_Party/FreeRTOS/Source/CMSIS_RTOS -I../Middlewares/Third_Party/FreeRTOS/Source/portable/GCC/ARM_CM4F -I"D:/STM32/250704_RTOS_Total_Module/Core/driver/Button" -I"D:/STM32/250704_RTOS_Total_Module/Core/driver/LedBar" -I"D:/STM32/250704_RTOS_Total_Module/Core/driver/LCD" -I"D:/STM32/250704_RTOS_Total_Module/Core/driver/FND" -I"D:/STM32/250704_RTOS_Total_Module/Core/ap/Controller" -I"D:/STM32/250704_RTOS_Total_Module/Core/ap/Listener" -I"D:/STM32/250704_RTOS_Total_Module/Core/ap/Model" -I"D:/STM32/250704_RTOS_Total_Module/Core/ap/Presenter" -I"D:/STM32/250704_RTOS_Total_Module/Core/driver/DHT11" -I"D:/STM32/250704_RTOS_Total_Module/Core/driver/UltraSonic" -I"D:/STM32/250704_RTOS_Total_Module/Core/Src" -O0 -ffunction-sections -fdata-sections -Wall -fstack-usage -fcyclomatic-complexity -MMD -MP -MF"Core/ap/Controller/TempHumi.d" -MT"Core/ap/Controller/TempHumi.o" --specs=nano.specs -mfpu=fpv4-sp-d16 -mfloat-abi=hard -mthumb -o "Core/ap/Controller/TempHumi.o"
../Core/ap/Controller/TempHumi.c: In function 'TempHumi_Init':
../Core/ap/Controller/TempHumi.c:19:9: warning: implicit declaration of function 'memcpy' [-Wimplicit-function-declaration]
   19 |         memcpy(pTempHumiData, &TempHumiData, sizeof(TempHumi_t));
      |         ^~~~~~
../Core/ap/Controller/TempHumi.c:10:1: note: include '<string.h>' or provide a declaration of 'memcpy'
    9 | #include "lcd.h"
  +++ |+#include <string.h>
   10 | 
../Core/ap/Controller/TempHumi.c:19:9: warning: incompatible implicit declaration of built-in function 'memcpy' [-Wbuiltin-declaration-mismatch]
   19 |         memcpy(pTempHumiData, &TempHumiData, sizeof(TempHumi_t));
      |         ^~~~~~
../Core/ap/Controller/TempHumi.c:19:9: note: include '<string.h>' or provide a declaration of 'memcpy'
../Core/ap/Controller/TempHumi.c: In function 'TempHumi_Measurement':
../Core/ap/Controller/TempHumi.c:46:37: warning: incompatible implicit declaration of built-in function 'memcpy' [-Wbuiltin-declaration-mismatch]
   46 |                                     memcpy(pTempHumiData, &TempHumiData, sizeof(TempHumi_t));
      |                                     ^~~~~~
../Core/ap/Controller/TempHumi.c:46:37: note: include '<string.h>' or provide a declaration of 'memcpy'
arm-none-eabi-gcc -o "250704_RTOS_Total_Module.elf" @"objects.list"   -mcpu=cortex-m4 -T"D:\STM32\250704_RTOS_Total_Module\STM32F411RETX_FLASH.ld" --specs=nosys.specs -Wl,-Map="250704_RTOS_Total_Module.map" -Wl,--gc-sections -static --specs=nano.specs -mfpu=fpv4-sp-d16 -mfloat-abi=hard -mthumb -Wl,--start-group -lc -lm -Wl,--end-group
Finished building target: 250704_RTOS_Total_Module.elf
 
arm-none-eabi-size  250704_RTOS_Total_Module.elf 
arm-none-eabi-objdump -h -S 250704_RTOS_Total_Module.elf  > "250704_RTOS_Total_Module.list"
   text	   data	    bss	    dec	    hex	filename
  34176	    196	  18876	  53248	   d000	250704_RTOS_Total_Module.elf
Finished building: default.size.stdout
 
Finished building: 250704_RTOS_Total_Module.list
 
19:59:59 **** Incremental Build of configuration Debug for project 250704_RTOS_Total_Module ****
make -j16 all 
arm-none-eabi-gcc "../Core/ap/Presenter/Presenter_TempHumi.c" -mcpu=cortex-m4 -std=gnu11 -g3 -DDEBUG -DUSE_HAL_DRIVER -DSTM32F411xE -c -I../Core/Inc -I../Drivers/STM32F4xx_HAL_Driver/Inc -I../Drivers/STM32F4xx_HAL_Driver/Inc/Legacy -I../Drivers/CMSIS/Device/ST/STM32F4xx/Include -I../Drivers/CMSIS/Include -I../Middlewares/Third_Party/FreeRTOS/Source/include -I../Middlewares/Third_Party/FreeRTOS/Source/CMSIS_RTOS -I../Middlewares/Third_Party/FreeRTOS/Source/portable/GCC/ARM_CM4F -I"D:/STM32/250704_RTOS_Total_Module/Core/driver/Button" -I"D:/STM32/250704_RTOS_Total_Module/Core/driver/LedBar" -I"D:/STM32/250704_RTOS_Total_Module/Core/driver/LCD" -I"D:/STM32/250704_RTOS_Total_Module/Core/driver/FND" -I"D:/STM32/250704_RTOS_Total_Module/Core/ap/Controller" -I"D:/STM32/250704_RTOS_Total_Module/Core/ap/Listener" -I"D:/STM32/250704_RTOS_Total_Module/Core/ap/Model" -I"D:/STM32/250704_RTOS_Total_Module/Core/ap/Presenter" -I"D:/STM32/250704_RTOS_Total_Module/Core/driver/DHT11" -I"D:/STM32/250704_RTOS_Total_Module/Core/driver/UltraSonic" -I"D:/STM32/250704_RTOS_Total_Module/Core/Src" -O0 -ffunction-sections -fdata-sections -Wall -fstack-usage -fcyclomatic-complexity -MMD -MP -MF"Core/ap/Presenter/Presenter_TempHumi.d" -MT"Core/ap/Presenter/Presenter_TempHumi.o" --specs=nano.specs -mfpu=fpv4-sp-d16 -mfloat-abi=hard -mthumb -o "Core/ap/Presenter/Presenter_TempHumi.o"
arm-none-eabi-gcc "../Core/ap/Controller/TempHumi.c" -mcpu=cortex-m4 -std=gnu11 -g3 -DDEBUG -DUSE_HAL_DRIVER -DSTM32F411xE -c -I../Core/Inc -I../Drivers/STM32F4xx_HAL_Driver/Inc -I../Drivers/STM32F4xx_HAL_Driver/Inc/Legacy -I../Drivers/CMSIS/Device/ST/STM32F4xx/Include -I../Drivers/CMSIS/Include -I../Middlewares/Third_Party/FreeRTOS/Source/include -I../Middlewares/Third_Party/FreeRTOS/Source/CMSIS_RTOS -I../Middlewares/Third_Party/FreeRTOS/Source/portable/GCC/ARM_CM4F -I"D:/STM32/250704_RTOS_Total_Module/Core/driver/Button" -I"D:/STM32/250704_RTOS_Total_Module/Core/driver/LedBar" -I"D:/STM32/250704_RTOS_Total_Module/Core/driver/LCD" -I"D:/STM32/250704_RTOS_Total_Module/Core/driver/FND" -I"D:/STM32/250704_RTOS_Total_Module/Core/ap/Controller" -I"D:/STM32/250704_RTOS_Total_Module/Core/ap/Listener" -I"D:/STM32/250704_RTOS_Total_Module/Core/ap/Model" -I"D:/STM32/250704_RTOS_Total_Module/Core/ap/Presenter" -I"D:/STM32/250704_RTOS_Total_Module/Core/driver/DHT11" -I"D:/STM32/250704_RTOS_Total_Module/Core/driver/UltraSonic" -I"D:/STM32/250704_RTOS_Total_Module/Core/Src" -O0 -ffunction-sections -fdata-sections -Wall -fstack-usage -fcyclomatic-complexity -MMD -MP -MF"Core/ap/Controller/TempHumi.d" -MT"Core/ap/Controller/TempHumi.o" --specs=nano.specs -mfpu=fpv4-sp-d16 -mfloat-abi=hard -mthumb -o "Core/ap/Controller/TempHumi.o"
arm-none-eabi-gcc -o "250704_RTOS_Total_Module.elf" @"objects.list"   -mcpu=cortex-m4 -T"D:\STM32\250704_RTOS_Total_Module\STM32F411RETX_FLASH.ld" --specs=nosys.specs -Wl,-Map="250704_RTOS_Total_Module.map" -Wl,--gc-sections -static --specs=nano.specs -mfpu=fpv4-sp-d16 -mfloat-abi=hard -mthumb -Wl,--start-group -lc -lm -Wl,--end-group
Finished building target: 250704_RTOS_Total_Module.elf
 
arm-none-eabi-size  250704_RTOS_Total_Module.elf 
arm-none-eabi-objdump -h -S 250704_RTOS_Total_Module.elf  > "250704_RTOS_Total_Module.list"
   text	   data	    bss	    dec	    hex	filename
  34192	    196	  18876	  53264	   d010	250704_RTOS_Total_Module.elf
Finished building: default.size.stdout
 
Finished building: 250704_RTOS_Total_Module.list
 
20:03:40 **** Incremental Build of configuration Debug for project 250704_RTOS_Total_Module ****
make -j16 all 
arm-none-eabi-gcc "../Core/ap/Controller/TempHumi.c" -mcpu=cortex-m4 -std=gnu11 -g3 -DDEBUG -DUSE_HAL_DRIVER -DSTM32F411xE -c -I../Core/Inc -I../Drivers/STM32F4xx_HAL_Driver/Inc -I../Drivers/STM32F4xx_HAL_Driver/Inc/Legacy -I../Drivers/CMSIS/Device/ST/STM32F4xx/Include -I../Drivers/CMSIS/Include -I../Middlewares/Third_Party/FreeRTOS/Source/include -I../Middlewares/Third_Party/FreeRTOS/Source/CMSIS_RTOS -I../Middlewares/Third_Party/FreeRTOS/Source/portable/GCC/ARM_CM4F -I"D:/STM32/250704_RTOS_Total_Module/Core/driver/Button" -I"D:/STM32/250704_RTOS_Total_Module/Core/driver/LedBar" -I"D:/STM32/250704_RTOS_Total_Module/Core/driver/LCD" -I"D:/STM32/250704_RTOS_Total_Module/Core/driver/FND" -I"D:/STM32/250704_RTOS_Total_Module/Core/ap/Controller" -I"D:/STM32/250704_RTOS_Total_Module/Core/ap/Listener" -I"D:/STM32/250704_RTOS_Total_Module/Core/ap/Model" -I"D:/STM32/250704_RTOS_Total_Module/Core/ap/Presenter" -I"D:/STM32/250704_RTOS_Total_Module/Core/driver/DHT11" -I"D:/STM32/250704_RTOS_Total_Module/Core/driver/UltraSonic" -I"D:/STM32/250704_RTOS_Total_Module/Core/Src" -O0 -ffunction-sections -fdata-sections -Wall -fstack-usage -fcyclomatic-complexity -MMD -MP -MF"Core/ap/Controller/TempHumi.d" -MT"Core/ap/Controller/TempHumi.o" --specs=nano.specs -mfpu=fpv4-sp-d16 -mfloat-abi=hard -mthumb -o "Core/ap/Controller/TempHumi.o"
arm-none-eabi-gcc -o "250704_RTOS_Total_Module.elf" @"objects.list"   -mcpu=cortex-m4 -T"D:\STM32\250704_RTOS_Total_Module\STM32F411RETX_FLASH.ld" --specs=nosys.specs -Wl,-Map="250704_RTOS_Total_Module.map" -Wl,--gc-sections -static --specs=nano.specs -mfpu=fpv4-sp-d16 -mfloat-abi=hard -mthumb -Wl,--start-group -lc -lm -Wl,--end-group
Finished building target: 250704_RTOS_Total_Module.elf
 
arm-none-eabi-size  250704_RTOS_Total_Module.elf 
arm-none-eabi-objdump -h -S 250704_RTOS_Total_Module.elf  > "250704_RTOS_Total_Module.list"
   text	   data	    bss	    dec	    hex	filename
  34192	    196	  18876	  53264	   d010	250704_RTOS_Total_Module.elf
Finished building: default.size.stdout
 
Finished building: 250704_RTOS_Total_Module.list
 
20:09:25 **** Incremental Build of configuration Debug for project 250704_RTOS_Total_Module ****
make -j16 all 
arm-none-eabi-gcc "../Core/ap/Controller/TempHumi.c" -mcpu=cortex-m4 -std=gnu11 -g3 -DDEBUG -DUSE_HAL_DRIVER -DSTM32F411xE -c -I../Core/Inc -I../Drivers/STM32F4xx_HAL_Driver/Inc -I../Drivers/STM32F4xx_HAL_Driver/Inc/Legacy -I../Drivers/CMSIS/Device/ST/STM32F4xx/Include -I../Drivers/CMSIS/Include -I../Middlewares/Third_Party/FreeRTOS/Source/include -I../Middlewares/Third_Party/FreeRTOS/Source/CMSIS_RTOS -I../Middlewares/Third_Party/FreeRTOS/Source/portable/GCC/ARM_CM4F -I"D:/STM32/250704_RTOS_Total_Module/Core/driver/Button" -I"D:/STM32/250704_RTOS_Total_Module/Core/driver/LedBar" -I"D:/STM32/250704_RTOS_Total_Module/Core/driver/LCD" -I"D:/STM32/250704_RTOS_Total_Module/Core/driver/FND" -I"D:/STM32/250704_RTOS_Total_Module/Core/ap/Controller" -I"D:/STM32/250704_RTOS_Total_Module/Core/ap/Listener" -I"D:/STM32/250704_RTOS_Total_Module/Core/ap/Model" -I"D:/STM32/250704_RTOS_Total_Module/Core/ap/Presenter" -I"D:/STM32/250704_RTOS_Total_Module/Core/driver/DHT11" -I"D:/STM32/250704_RTOS_Total_Module/Core/driver/UltraSonic" -I"D:/STM32/250704_RTOS_Total_Module/Core/Src" -O0 -ffunction-sections -fdata-sections -Wall -fstack-usage -fcyclomatic-complexity -MMD -MP -MF"Core/ap/Controller/TempHumi.d" -MT"Core/ap/Controller/TempHumi.o" --specs=nano.specs -mfpu=fpv4-sp-d16 -mfloat-abi=hard -mthumb -o "Core/ap/Controller/TempHumi.o"
arm-none-eabi-gcc -o "250704_RTOS_Total_Module.elf" @"objects.list"   -mcpu=cortex-m4 -T"D:\STM32\250704_RTOS_Total_Module\STM32F411RETX_FLASH.ld" --specs=nosys.specs -Wl,-Map="250704_RTOS_Total_Module.map" -Wl,--gc-sections -static --specs=nano.specs -mfpu=fpv4-sp-d16 -mfloat-abi=hard -mthumb -Wl,--start-group -lc -lm -Wl,--end-group
Finished building target: 250704_RTOS_Total_Module.elf
 
arm-none-eabi-size  250704_RTOS_Total_Module.elf 
arm-none-eabi-objdump -h -S 250704_RTOS_Total_Module.elf  > "250704_RTOS_Total_Module.list"
   text	   data	    bss	    dec	    hex	filename
  34216	    196	  18876	  53288	   d028	250704_RTOS_Total_Module.elf
Finished building: default.size.stdout
 
Finished building: 250704_RTOS_Total_Module.list
 
20:11:35 **** Incremental Build of configuration Debug for project 250704_RTOS_Total_Module ****
make -j16 all 
arm-none-eabi-gcc "../Core/driver/DHT11/DHT11.c" -mcpu=cortex-m4 -std=gnu11 -g3 -DDEBUG -DUSE_HAL_DRIVER -DSTM32F411xE -c -I../Core/Inc -I../Drivers/STM32F4xx_HAL_Driver/Inc -I../Drivers/STM32F4xx_HAL_Driver/Inc/Legacy -I../Drivers/CMSIS/Device/ST/STM32F4xx/Include -I../Drivers/CMSIS/Include -I../Middlewares/Third_Party/FreeRTOS/Source/include -I../Middlewares/Third_Party/FreeRTOS/Source/CMSIS_RTOS -I../Middlewares/Third_Party/FreeRTOS/Source/portable/GCC/ARM_CM4F -I"D:/STM32/250704_RTOS_Total_Module/Core/driver/Button" -I"D:/STM32/250704_RTOS_Total_Module/Core/driver/LedBar" -I"D:/STM32/250704_RTOS_Total_Module/Core/driver/LCD" -I"D:/STM32/250704_RTOS_Total_Module/Core/driver/FND" -I"D:/STM32/250704_RTOS_Total_Module/Core/ap/Controller" -I"D:/STM32/250704_RTOS_Total_Module/Core/ap/Listener" -I"D:/STM32/250704_RTOS_Total_Module/Core/ap/Model" -I"D:/STM32/250704_RTOS_Total_Module/Core/ap/Presenter" -I"D:/STM32/250704_RTOS_Total_Module/Core/driver/DHT11" -I"D:/STM32/250704_RTOS_Total_Module/Core/driver/UltraSonic" -I"D:/STM32/250704_RTOS_Total_Module/Core/Src" -O0 -ffunction-sections -fdata-sections -Wall -fstack-usage -fcyclomatic-complexity -MMD -MP -MF"Core/driver/DHT11/DHT11.d" -MT"Core/driver/DHT11/DHT11.o" --specs=nano.specs -mfpu=fpv4-sp-d16 -mfloat-abi=hard -mthumb -o "Core/driver/DHT11/DHT11.o"
arm-none-eabi-gcc -o "250704_RTOS_Total_Module.elf" @"objects.list"   -mcpu=cortex-m4 -T"D:\STM32\250704_RTOS_Total_Module\STM32F411RETX_FLASH.ld" --specs=nosys.specs -Wl,-Map="250704_RTOS_Total_Module.map" -Wl,--gc-sections -static --specs=nano.specs -mfpu=fpv4-sp-d16 -mfloat-abi=hard -mthumb -Wl,--start-group -lc -lm -Wl,--end-group
Finished building target: 250704_RTOS_Total_Module.elf
 
arm-none-eabi-size  250704_RTOS_Total_Module.elf 
arm-none-eabi-objdump -h -S 250704_RTOS_Total_Module.elf  > "250704_RTOS_Total_Module.list"
   text	   data	    bss	    dec	    hex	filename
  34216	    196	  18876	  53288	   d028	250704_RTOS_Total_Module.elf
Finished building: default.size.stdout
 
Finished building: 250704_RTOS_Total_Module.list
 
